Component: ARM Compiler 5.06 update 5 (build 528) Tool: armlink [4d35e2]

==============================================================================

Section Cross References

    main.o(i.main) refers to _printf_percent.o(.ARM.Collect$$_printf_percent$$00000000) for _printf_percent
    main.o(i.main) refers to _printf_d.o(.ARM.Collect$$_printf_percent$$00000009) for _printf_d
    main.o(i.main) refers to _printf_dec.o(.text) for _printf_int_dec
    main.o(i.main) refers to stm32f1xx_hal.o(i.HAL_Init) for HAL_Init
    main.o(i.main) refers to sys.o(i.Stm32_Clock_Init) for Stm32_Clock_Init
    main.o(i.main) refers to delay.o(i.delay_init) for delay_init
    main.o(i.main) refers to usart.o(i.uart_init) for uart_init
    main.o(i.main) refers to led.o(i.LED_Init) for LED_Init
    main.o(i.main) refers to key.o(i.KEY_Init) for KEY_Init
    main.o(i.main) refers to lcd.o(i.LCD_Init) for LCD_Init
    main.o(i.main) refers to can.o(i.CAN1_Mode_Init) for CAN1_Mode_Init
    main.o(i.main) refers to can.o(i.CAN_Config) for CAN_Config
    main.o(i.main) refers to key.o(i.KEY_Scan) for KEY_Scan
    main.o(i.main) refers to noretval__2printf.o(.text) for __2printf
    main.o(i.main) refers to lcd.o(i.LCD_ShowxNum) for LCD_ShowxNum
    main.o(i.main) refers to can.o(i.CAN1_Send_Msg) for CAN1_Send_Msg
    main.o(i.main) refers to lcd.o(i.LCD_ShowString) for LCD_ShowString
    main.o(i.main) refers to can.o(i.CAN1_Receive_Msg) for CAN1_Receive_Msg
    main.o(i.main) refers to lcd.o(i.LCD_Fill) for LCD_Fill
    main.o(i.main) refers to delay.o(i.delay_ms) for delay_ms
    main.o(i.main) refers to main.o(.constdata) for .constdata
    main.o(i.main) refers to usmart_config.o(.data) for usmart_dev
    main.o(i.main) refers to lcd.o(.data) for POINT_COLOR
    stm32f1xx_it.o(i.SysTick_Handler) refers to stm32f1xx_hal.o(i.HAL_IncTick) for HAL_IncTick
    system_stm32f1xx.o(i.SystemCoreClockUpdate) refers to system_stm32f1xx.o(.data) for SystemCoreClock
    system_stm32f1xx.o(i.SystemCoreClockUpdate) refers to system_stm32f1xx.o(.constdata) for AHBPrescTable
    startup_stm32f103xe.o(STACK) refers (Special) to heapauxi.o(.text) for __use_two_region_memory
    startup_stm32f103xe.o(HEAP) refers (Special) to heapauxi.o(.text) for __use_two_region_memory
    startup_stm32f103xe.o(RESET) refers (Special) to heapauxi.o(.text) for __use_two_region_memory
    startup_stm32f103xe.o(RESET) refers to startup_stm32f103xe.o(STACK) for __initial_sp
    startup_stm32f103xe.o(RESET) refers to startup_stm32f103xe.o(.text) for Reset_Handler
    startup_stm32f103xe.o(RESET) refers to stm32f1xx_it.o(i.NMI_Handler) for NMI_Handler
    startup_stm32f103xe.o(RESET) refers to stm32f1xx_it.o(i.HardFault_Handler) for HardFault_Handler
    startup_stm32f103xe.o(RESET) refers to stm32f1xx_it.o(i.MemManage_Handler) for MemManage_Handler
    startup_stm32f103xe.o(RESET) refers to stm32f1xx_it.o(i.BusFault_Handler) for BusFault_Handler
    startup_stm32f103xe.o(RESET) refers to stm32f1xx_it.o(i.UsageFault_Handler) for UsageFault_Handler
    startup_stm32f103xe.o(RESET) refers to stm32f1xx_it.o(i.SVC_Handler) for SVC_Handler
    startup_stm32f103xe.o(RESET) refers to stm32f1xx_it.o(i.DebugMon_Handler) for DebugMon_Handler
    startup_stm32f103xe.o(RESET) refers to stm32f1xx_it.o(i.PendSV_Handler) for PendSV_Handler
    startup_stm32f103xe.o(RESET) refers to stm32f1xx_it.o(i.SysTick_Handler) for SysTick_Handler
    startup_stm32f103xe.o(RESET) refers to usmart.o(i.TIM4_IRQHandler) for TIM4_IRQHandler
    startup_stm32f103xe.o(RESET) refers to usart.o(i.USART1_IRQHandler) for USART1_IRQHandler
    startup_stm32f103xe.o(.text) refers (Special) to heapauxi.o(.text) for __use_two_region_memory
    startup_stm32f103xe.o(.text) refers to system_stm32f1xx.o(i.SystemInit) for SystemInit
    startup_stm32f103xe.o(.text) refers to __main.o(!!!main) for __main
    startup_stm32f103xe.o(.text) refers to startup_stm32f103xe.o(HEAP) for Heap_Mem
    startup_stm32f103xe.o(.text) refers to startup_stm32f103xe.o(STACK) for Stack_Mem
    stm32f1xx_hal.o(i.HAL_DeInit) refers to stm32f1xx_hal_msp.o(i.HAL_MspDeInit) for HAL_MspDeInit
    stm32f1xx_hal.o(i.HAL_Delay) refers to stm32f1xx_hal.o(i.HAL_GetTick) for HAL_GetTick
    stm32f1xx_hal.o(i.HAL_Delay) refers to stm32f1xx_hal.o(.data) for uwTickFreq
    stm32f1xx_hal.o(i.HAL_GetTick) refers to stm32f1xx_hal.o(.data) for uwTick
    stm32f1xx_hal.o(i.HAL_GetTickFreq) refers to stm32f1xx_hal.o(.data) for uwTickFreq
    stm32f1xx_hal.o(i.HAL_GetTickPrio) refers to stm32f1xx_hal.o(.data) for uwTickPrio
    stm32f1xx_hal.o(i.HAL_IncTick) refers to stm32f1xx_hal.o(.data) for uwTick
    stm32f1xx_hal.o(i.HAL_Init) refers to stm32f1xx_hal_cortex.o(i.HAL_NVIC_SetPriorityGrouping) for HAL_NVIC_SetPriorityGrouping
    stm32f1xx_hal.o(i.HAL_Init) refers to stm32f1xx_hal.o(i.HAL_InitTick) for HAL_InitTick
    stm32f1xx_hal.o(i.HAL_Init) refers to stm32f1xx_hal_msp.o(i.HAL_MspInit) for HAL_MspInit
[...]
    .ARM.Collect$$_printf_percent$$0000000A  0x080001ea   Section        6  _printf_u.o(.ARM.Collect$$_printf_percent$$0000000A)
    .ARM.Collect$$_printf_percent$$0000000C  0x080001f0   Section        6  _printf_x.o(.ARM.Collect$$_printf_percent$$0000000C)
    .ARM.Collect$$_printf_percent$$00000013  0x080001f6   Section        6  _printf_c.o(.ARM.Collect$$_printf_percent$$00000013)
    .ARM.Collect$$_printf_percent$$00000014  0x080001fc   Section        6  _printf_s.o(.ARM.Collect$$_printf_percent$$00000014)
    .ARM.Collect$$_printf_percent$$00000017  0x08000202   Section        4  _printf_percent_end.o(.ARM.Collect$$_printf_percent$$00000017)
    .ARM.Collect$$libinit$$00000000          0x08000206   Section        2  libinit.o(.ARM.Collect$$libinit$$00000000)
    .ARM.Collect$$libinit$$00000002          0x08000208   Section        0  libinit2.o(.ARM.Collect$$libinit$$00000002)
    .ARM.Collect$$libinit$$00000004          0x08000208   Section        0  libinit2.o(.ARM.Collect$$libinit$$00000004)
    .ARM.Collect$$libinit$$0000000A          0x08000208   Section        0  libinit2.o(.ARM.Collect$$libinit$$0000000A)
    .ARM.Collect$$libinit$$0000000C          0x08000208   Section        0  libinit2.o(.ARM.Collect$$libinit$$0000000C)
    .ARM.Collect$$libinit$$0000000E          0x08000208   Section        0  libinit2.o(.ARM.Collect$$libinit$$0000000E)
    .ARM.Collect$$libinit$$00000011          0x08000208   Section        0  libinit2.o(.ARM.Collect$$libinit$$00000011)
    .ARM.Collect$$libinit$$00000013          0x08000208   Section        0  libinit2.o(.ARM.Collect$$libinit$$00000013)
    .ARM.Collect$$libinit$$00000015          0x08000208   Section        0  libinit2.o(.ARM.Collect$$libinit$$00000015)
    .ARM.Collect$$libinit$$00000017          0x08000208   Section        0  libinit2.o(.ARM.Collect$$libinit$$00000017)
    .ARM.Collect$$libinit$$00000019          0x08000208   Section        0  libinit2.o(.ARM.Collect$$libinit$$00000019)
    .ARM.Collect$$libinit$$0000001B          0x08000208   Section        0  libinit2.o(.ARM.Collect$$libinit$$0000001B)
    .ARM.Collect$$libinit$$0000001D          0x08000208   Section        0  libinit2.o(.ARM.Collect$$libinit$$0000001D)
    .ARM.Collect$$libinit$$0000001F          0x08000208   Section        0  libinit2.o(.ARM.Collect$$libinit$$0000001F)
    .ARM.Collect$$libinit$$00000021          0x08000208   Section        0  libinit2.o(.ARM.Collect$$libinit$$00000021)
    .ARM.Collect$$libinit$$00000023          0x08000208   Section        0  libinit2.o(.ARM.Collect$$libinit$$00000023)
    .ARM.Collect$$libinit$$00000025          0x08000208   Section        0  libinit2.o(.ARM.Collect$$libinit$$00000025)
    .ARM.Collect$$libinit$$0000002C          0x08000208   Section        0  libinit2.o(.ARM.Collect$$libinit$$0000002C)
    .ARM.Collect$$libinit$$0000002E          0x08000208   Section        0  libinit2.o(.ARM.Collect$$libinit$$0000002E)
    .ARM.Collect$$libinit$$00000030          0x08000208   Section        0  libinit2.o(.ARM.Collect$$libinit$$00000030)
    .ARM.Collect$$libinit$$00000032          0x08000208   Section        0  libinit2.o(.ARM.Collect$$libinit$$00000032)
    .ARM.Collect$$libinit$$00000033          0x08000208   Section        2  libinit2.o(.ARM.Collect$$libinit$$00000033)
    .ARM.Collect$$libshutdown$$00000000      0x0800020a   Section        2  libshutdown.o(.ARM.Collect$$libshutdown$$00000000)
    .ARM.Collect$$libshutdown$$00000002      0x0800020c   Section        0  libshutdown2.o(.ARM.Collect$$libshutdown$$00000002)
    .ARM.Collect$$libshutdown$$00000004      0x0800020c   Section        0  libshutdown2.o(.ARM.Collect$$libshutdown$$00000004)
    .ARM.Collect$$libshutdown$$00000007      0x0800020c   Section        0  libshutdown2.o(.ARM.Collect$$libshutdown$$00000007)
    .ARM.Collect$$libshutdown$$0000000A      0x0800020c   Section        0  libshutdown2.o(.ARM.Collect$$libshutdown$$0000000A)
    .ARM.Collect$$libshutdown$$0000000C      0x0800020c   Section        0  libshutdown2.o(.ARM.Collect$$libshutdown$$0000000C)
    .ARM.Collect$$libshutdown$$0000000F      0x0800020c   Section        0  libshutdown2.o(.ARM.Collect$$libshutdown$$0000000F)
    .ARM.Collect$$libshutdown$$00000010      0x0800020c   Section        2  libshutdown2.o(.ARM.Collect$$libshutdown$$00000010)
    .ARM.Collect$$rtentry$$00000000          0x0800020e   Section        0  __rtentry.o(.ARM.Collect$$rtentry$$00000000)
    .ARM.Collect$$rtentry$$00000002          0x0800020e   Section        0  __rtentry2.o(.ARM.Collect$$rtentry$$00000002)
    .ARM.Collect$$rtentry$$00000004          0x0800020e   Section        6  __rtentry4.o(.ARM.Collect$$rtentry$$00000004)
    .ARM.Collect$$rtentry$$00000009          0x08000214   Section        0  __rtentry2.o(.ARM.Collect$$rtentry$$00000009)
    .ARM.Collect$$rtentry$$0000000A          0x08000214   Section        4  __rtentry2.o(.ARM.Collect$$rtentry$$0000000A)
    .ARM.Collect$$rtentry$$0000000C          0x08000218   Section        0  __rtentry2.o(.ARM.Collect$$rtentry$$0000000C)
    .ARM.Collect$$rtentry$$0000000D          0x08000218   Section        8  __rtentry2.o(.ARM.Collect$$rtentry$$0000000D)
    .ARM.Collect$$rtexit$$00000000           0x08000220   Section        2  rtexit.o(.ARM.Collect$$rtexit$$00000000)
    .ARM.Collect$$rtexit$$00000002           0x08000222   Section        0  rtexit2.o(.ARM.Collect$$rtexit$$00000002)
    .ARM.Collect$$rtexit$$00000003           0x08000222   Section        4  rtexit2.o(.ARM.Collect$$rtexit$$00000003)
    .ARM.Collect$$rtexit$$00000004           0x08000226   Section        6  rtexit2.o(.ARM.Collect$$rtexit$$00000004)
    .text                                    0x0800022c   Section       64  startup_stm32f103xe.o(.text)
    .text                                    0x0800026c   Section        2  use_no_semi_2.o(.text)
    .text                                    0x08000270   Section        0  noretval__2printf.o(.text)
    .text                                    0x08000288   Section        0  _printf_pad.o(.text)
    .text                                    0x080002d6   Section        0  _printf_str.o(.text)
    .text                                    0x08000328   Section        0  _printf_dec.o(.text)
    .text                                    0x080003a0   Section        0  _printf_hex_int.o(.text)
    .text                                    0x080003f8   Section        0  __printf_flags_ss_wp.o(.text)
    .text                                    0x08000580   Section      100  rt_memcpy_w.o(.text)
    .text                                    0x080005e4   Section        0  heapauxi.o(.text)
    .text                                    0x080005ea   Section        2  use_no_semi.o(.text)
    .text                                    0x080005ec   Section        0  _printf_intcommon.o(.text)
    .text                                    0x0800069e   Section        0  _printf_char.o(.text)
    .text                                    0x080006cc   Section        0  _printf_char_file.o(.text)
    .text                                    0x080006f0   Section        0  _printf_char_common.o(.text)
    _printf_input_char                       0x080006f1   Thumb Code    10  _printf_char_common.o(.text)
    .text                                    0x08000720   Section        0  ferror.o(.text)
    .text                                    0x08000728   Section       74  sys_stackheap_outer.o(.text)
    .text                                    0x08000772   Section        0  exit.o(.text)
    .text                                    0x08000784   Section        8  libspace.o(.text)
    i.BusFault_Handler                       0x0800078c   Section        0  stm32f1xx_it.o(i.BusFault_Handler)
    i.CAN1_Mode_Init                         0x08000790   Section        0  can.o(i.CAN1_Mode_Init)
    i.CAN1_Receive_Msg                       0x080007f0   Section        0  can.o(i.CAN1_Receive_Msg)
    i.CAN1_Send_Msg                          0x08000848   Section        0  can.o(i.CAN1_Send_Msg)
    i.CAN_Config                             0x080008a0   Section        0  can.o(i.CAN_Config)
    i.DebugMon_Handler                       0x08000910   Section        0  stm32f1xx_it.o(i.DebugMon_Handler)
    i.FSMC_NORSRAM_Extended_Timing_Init      0x08000914   Section        0  stm32f1xx_ll_fsmc.o(i.FSMC_NORSRAM_Extended_Timing_Init)
    i.FSMC_NORSRAM_Init                      0x08000958   Section        0  stm32f1xx_ll_fsmc.o(i.FSMC_NORSRAM_Init)
    i.FSMC_NORSRAM_Timing_Init               0x080009c8   Section        0  stm32f1xx_ll_fsmc.o(i.FSMC_NORSRAM_Timing_Init)
    i.HAL_CAN_ActivateNotification           0x08000a0a   Section        0  stm32f1xx_hal_can.o(i.HAL_CAN_ActivateNotification)
    i.HAL_CAN_AddTxMessage                   0x08000a34   Section        0  stm32f1xx_hal_can.o(i.HAL_CAN_AddTxMessage)
    i.HAL_CAN_ConfigFilter                   0x08000b8a   Section        0  stm32f1xx_hal_can.o(i.HAL_CAN_ConfigFilter)
    i.HAL_CAN_GetRxFifoFillLevel             0x08000c94   Section        0  stm32f1xx_hal_can.o(i.HAL_CAN_GetRxFifoFillLevel)
    i.HAL_CAN_GetRxMessage                   0x08000cbc   Section        0  stm32f1xx_hal_can.o(i.HAL_CAN_GetRxMessage)
    i.HAL_CAN_GetTxMailboxesFreeLevel        0x08000e36   Section        0  stm32f1xx_hal_can.o(i.HAL_CAN_GetTxMailboxesFreeLevel)
    i.HAL_CAN_Init                           0x08000e6c   Section        0  stm32f1xx_hal_can.o(i.HAL_CAN_Init)
    i.HAL_CAN_MspInit                        0x08000fe0   Section        0  can.o(i.HAL_CAN_MspInit)
    i.HAL_CAN_Start                          0x08001054   Section        0  stm32f1xx_hal_can.o(i.HAL_CAN_Start)
    i.HAL_DMA_Abort_IT                       0x080010b4   Section        0  stm32f1xx_hal_dma.o(i.HAL_DMA_Abort_IT)
    i.HAL_GPIO_Init                          0x0800125c   Section        0  stm32f1xx_hal_gpio.o(i.HAL_GPIO_Init)
    i.HAL_GPIO_ReadPin                       0x0800159c   Section        0  stm32f1xx_hal_gpio.o(i.HAL_GPIO_ReadPin)
    i.HAL_GPIO_WritePin                      0x080015ac   Section        0  stm32f1xx_hal_gpio.o(i.HAL_GPIO_WritePin)
    i.HAL_GetTick                            0x080015b8   Section        0  stm32f1xx_hal.o(i.HAL_GetTick)
    i.HAL_IncTick                            0x080015c4   Section        0  stm32f1xx_hal.o(i.HAL_IncTick)
    i.HAL_Init                               0x080015dc   Section        0  stm32f1xx_hal.o(i.HAL_Init)
    i.HAL_InitTick                           0x08001604   Section        0  stm32f1xx_hal.o(i.HAL_InitTick)
    i.HAL_MspInit                            0x08001650   Section        0  stm32f1xx_hal_msp.o(i.HAL_MspInit)
    i.HAL_NVIC_EnableIRQ                     0x08001652   Section        0  stm32f1xx_hal_cortex.o(i.HAL_NVIC_EnableIRQ)
    i.HAL_NVIC_SetPriority                   0x08001672   Section        0  stm32f1xx_hal_cortex.o(i.HAL_NVIC_SetPriority)
    i.HAL_NVIC_SetPriorityGrouping           0x080016f0   Section        0  stm32f1xx_hal_cortex.o(i.HAL_NVIC_SetPriorityGrouping)
    i.HAL_RCC_ClockConfig                    0x08001718   Section        0  stm32f1xx_hal_rcc.o(i.HAL_RCC_ClockConfig)
    i.HAL_RCC_GetHCLKFreq                    0x080018a4   Section        0  stm32f1xx_hal_rcc.o(i.HAL_RCC_GetHCLKFreq)
    i.HAL_RCC_GetPCLK1Freq                   0x080018b0   Section        0  stm32f1xx_hal_rcc.o(i.HAL_RCC_GetPCLK1Freq)
    i.HAL_RCC_GetPCLK2Freq                   0x080018d0   Section        0  stm32f1xx_hal_rcc.o(i.HAL_RCC_GetPCLK2Freq)
    i.HAL_RCC_GetSysClockFreq                0x080018f0   Section        0  stm32f1xx_hal_rcc.o(i.HAL_RCC_GetSysClockFreq)
    i.HAL_RCC_OscConfig                      0x08001984   Section        0  stm32f1xx_hal_rcc.o(i.HAL_RCC_OscConfig)
    i.HAL_SRAM_Init                          0x08001de8   Section        0  stm32f1xx_hal_sram.o(i.HAL_SRAM_Init)
    i.HAL_SRAM_MspInit                       0x08001e48   Section        0  lcd.o(i.HAL_SRAM_MspInit)
    i.HAL_SYSTICK_CLKSourceConfig            0x08001f04   Section        0  stm32f1xx_hal_cortex.o(i.HAL_SYSTICK_CLKSourceConfig)
    i.HAL_SYSTICK_Config                     0x08001f2c   Section        0  stm32f1xx_hal_cortex.o(i.HAL_SYSTICK_Config)
    i.HAL_TIM_Base_Init                      0x08001f60   Section        0  stm32f1xx_hal_tim.o(i.HAL_TIM_Base_Init)
    i.HAL_TIM_Base_MspInit                   0x08001f94   Section        0  stm32f1xx_hal_tim.o(i.HAL_TIM_Base_MspInit)
    i.HAL_TIM_Base_Start_IT                  0x08001f96   Section        0  stm32f1xx_hal_tim.o(i.HAL_TIM_Base_Start_IT)
    i.HAL_UART_ErrorCallback                 0x08001fc0   Section        0  stm32f1xx_hal_uart.o(i.HAL_UART_ErrorCallback)
    i.HAL_UART_GetState                      0x08001fc2   Section        0  stm32f1xx_hal_uart.o(i.HAL_UART_GetState)
    i.HAL_UART_IRQHandler                    0x08001fd8   Section        0  stm32f1xx_hal_uart.o(i.HAL_UART_IRQHandler)
    i.HAL_UART_Init                          0x08002124   Section        0  stm32f1xx_hal_uart.o(i.HAL_UART_Init)
    i.HAL_UART_MspInit                       0x08002198   Section        0  usart.o(i.HAL_UART_MspInit)
    i.HAL_UART_Receive_IT                    0x08002240   Section        0  stm32f1xx_hal_uart.o(i.HAL_UART_Receive_IT)
    i.HAL_UART_RxCpltCallback                0x080022b0   Section        0  usart.o(i.HAL_UART_RxCpltCallback)
    i.HAL_UART_TxCpltCallback                0x08002338   Section        0  stm32f1xx_hal_uart.o(i.HAL_UART_TxCpltCallback)
    i.HardFault_Handler                      0x0800233a   Section        0  stm32f1xx_it.o(i.HardFault_Handler)
    i.KEY_Init                               0x08002340   Section        0  key.o(i.KEY_Init)
    i.KEY_Scan                               0x080023bc   Section        0  key.o(i.KEY_Scan)
    i.LCD_Clear                              0x08002460   Section        0  lcd.o(i.LCD_Clear)
    i.LCD_Display_Dir                        0x08002494   Section        0  lcd.o(i.LCD_Display_Dir)
    i.LCD_Fast_DrawPoint                     0x080025c4   Section        0  lcd.o(i.LCD_Fast_DrawPoint)
    i.LCD_Fill                               0x080026b4   Section        0  lcd.o(i.LCD_Fill)
    i.LCD_Init                               0x08002708   Section        0  lcd.o(i.LCD_Init)
    i.LCD_Pow                                0x08004d34   Section        0  lcd.o(i.LCD_Pow)
    i.LCD_RD_DATA                            0x08004d4c   Section        0  lcd.o(i.LCD_RD_DATA)
    i.LCD_SSD_BackLightSet                   0x08004d60   Section        0  lcd.o(i.LCD_SSD_BackLightSet)
    i.LCD_Scan_Dir                           0x08004db4   Section        0  lcd.o(i.LCD_Scan_Dir)
    i.LCD_SetCursor                          0x08004fe8   Section        0  lcd.o(i.LCD_SetCursor)
    i.LCD_ShowChar                           0x08005108   Section        0  lcd.o(i.LCD_ShowChar)
    i.LCD_ShowString                         0x08005234   Section        0  lcd.o(i.LCD_ShowString)
    i.LCD_ShowxNum                           0x0800529a   Section        0  lcd.o(i.LCD_ShowxNum)
    i.LCD_WR_DATA                            0x08005358   Section        0  lcd.o(i.LCD_WR_DATA)
    i.LCD_WR_REG                             0x08005370   Section        0  lcd.o(i.LCD_WR_REG)
    i.LCD_WriteRAM_Prepare                   0x08005388   Section        0  lcd.o(i.LCD_WriteRAM_Prepare)
    i.LCD_WriteReg                           0x0800539c   Section        0  lcd.o(i.LCD_WriteReg)
    i.LED_Init                               0x080053ac   Section        0  led.o(i.LED_Init)
    i.MemManage_Handler                      0x0800542c   Section        0  stm32f1xx_it.o(i.MemManage_Handler)
    i.NMI_Handler                            0x08005430   Section        0  stm32f1xx_it.o(i.NMI_Handler)
    i.PendSV_Handler                         0x08005432   Section        0  stm32f1xx_it.o(i.PendSV_Handler)
    i.RCC_Delay                              0x08005434   Section        0  stm32f1xx_hal_rcc.o(i.RCC_Delay)
    RCC_Delay                                0x08005435   Thumb Code    36  stm32f1xx_hal_rcc.o(i.RCC_Delay)
    i.SVC_Handler                            0x0800545c   Section        0  stm32f1xx_it.o(i.SVC_Handler)
    i.Stm32_Clock_Init                       0x0800545e   Section        0  sys.o(i.Stm32_Clock_Init)
    i.SysTick_Handler                        0x080054b4   Section        0  stm32f1xx_it.o(i.SysTick_Handler)
    i.SystemInit                             0x080054bc   Section        0  system_stm32f1xx.o(i.SystemInit)
    i.TIM4_IRQHandler                        0x08005514   Section        0  usmart.o(i.TIM4_IRQHandler)
    i.TIM_Base_SetConfig                     0x08005558   Section        0  stm32f1xx_hal_tim.o(i.TIM_Base_SetConfig)
    i.Timer4_Init                            0x080055f4   Section        0  usmart.o(i.Timer4_Init)
    i.UART_DMAAbortOnError                   0x08005650   Section        0  stm32f1xx_hal_uart.o(i.UART_DMAAbortOnError)
    UART_DMAAbortOnError                     0x08005651   Thumb Code    20  stm32f1xx_hal_uart.o(i.UART_DMAAbortOnError)
    i.UART_EndRxTransfer                     0x08005664   Section        0  stm32f1xx_hal_uart.o(i.UART_EndRxTransfer)
    UART_EndRxTransfer                       0x08005665   Thumb Code    32  stm32f1xx_hal_uart.o(i.UART_EndRxTransfer)
    i.UART_EndTransmit_IT                    0x08005684   Section        0  stm32f1xx_hal_uart.o(i.UART_EndTransmit_IT)
    UART_EndTransmit_IT                      0x08005685   Thumb Code    32  stm32f1xx_hal_uart.o(i.UART_EndTransmit_IT)
    i.UART_Receive_IT                        0x080056a4   Section        0  stm32f1xx_hal_uart.o(i.UART_Receive_IT)
    UART_Receive_IT                          0x080056a5   Thumb Code   166  stm32f1xx_hal_uart.o(i.UART_Receive_IT)
    i.UART_SetConfig                         0x0800574c   Section        0  stm32f1xx_hal_uart.o(i.UART_SetConfig)
    UART_SetConfig                           0x0800574d   Thumb Code   412  stm32f1xx_hal_uart.o(i.UART_SetConfig)
    i.UART_Transmit_IT                       0x080058ec   Section        0  stm32f1xx_hal_uart.o(i.UART_Transmit_IT)
    UART_Transmit_IT                         0x080058ed   Thumb Code   104  stm32f1xx_hal_uart.o(i.UART_Transmit_IT)
    i.USART1_IRQHandler                      0x08005954   Section        0  usart.o(i.USART1_IRQHandler)
    i.UsageFault_Handler                     0x08005994   Section        0  stm32f1xx_it.o(i.UsageFault_Handler)
    i.__NVIC_GetPriorityGrouping             0x08005998   Section        0  stm32f1xx_hal_cortex.o(i.__NVIC_GetPriorityGrouping)
    __NVIC_GetPriorityGrouping               0x08005999   Thumb Code    10  stm32f1xx_hal_cortex.o(i.__NVIC_GetPriorityGrouping)
    i.__NVIC_SetPriority                     0x080059a8   Section        0  stm32f1xx_hal_cortex.o(i.__NVIC_SetPriority)
    __NVIC_SetPriority                       0x080059a9   Thumb Code    32  stm32f1xx_hal_cortex.o(i.__NVIC_SetPriority)
    i._is_digit                              0x080059d0   Section        0  __printf_wp.o(i._is_digit)
    i._sys_exit                              0x080059de   Section        0  usart.o(i._sys_exit)
    i.delay_init                             0x080059e4   Section        0  delay.o(i.delay_init)
    i.delay_ms                               0x080059f8   Section        0  delay.o(i.delay_ms)
    i.delay_us                               0x08005a10   Section        0  delay.o(i.delay_us)
    i.fputc                                  0x08005a58   Section        0  usart.o(i.fputc)
    i.main                                   0x08005a74   Section        0  main.o(i.main)
    i.read_addr                              0x08005d70   Section        0  usmart.o(i.read_addr)
    i.uart_init                              0x08005d78   Section        0  usart.o(i.uart_init)
    i.usmart_cmd_rec                         0x08005db0   Section        0  usmart.o(i.usmart_cmd_rec)
    i.usmart_exe                             0x08005e60   Section        0  usmart.o(i.usmart_exe)
    i.usmart_get_aparm                       0x08006134   Section        0  usmart_str.o(i.usmart_get_aparm)
    i.usmart_get_cmdname                     0x08006208   Section        0  usmart_str.o(i.usmart_get_cmdname)
    i.usmart_get_fname                       0x08006240   Section        0  usmart_str.o(i.usmart_get_fname)
    i.usmart_get_fparam                      0x08006400   Section        0  usmart_str.o(i.usmart_get_fparam)
    i.usmart_get_parmpos                     0x0800650c   Section        0  usmart_str.o(i.usmart_get_parmpos)
    i.usmart_get_runtime                     0x0800652c   Section        0  usmart.o(i.usmart_get_runtime)
    i.usmart_init                            0x08006570   Section        0  usmart.o(i.usmart_init)
    i.usmart_pow                             0x08006598   Section        0  usmart_str.o(i.usmart_pow)
    i.usmart_reset_runtime                   0x080065b0   Section        0  usmart.o(i.usmart_reset_runtime)
    i.usmart_scan                            0x080065e4   Section        0  usmart.o(i.usmart_scan)
    i.usmart_search_nextc                    0x080066a0   Section        0  usmart_str.o(i.usmart_search_nextc)
    i.usmart_str2num                         0x080066b6   Section        0  usmart_str.o(i.usmart_str2num)
    i.usmart_strcmp                          0x080067bc   Section        0  usmart_str.o(i.usmart_strcmp)
    i.usmart_strcopy                         0x080067de   Section        0  usmart_str.o(i.usmart_strcopy)
    i.usmart_strlen                          0x080067f4   Section        0  usmart_str.o(i.usmart_strlen)
    i.usmart_sys_cmd_exe                     0x0800680c   Section        0  usmart.o(i.usmart_sys_cmd_exe)
    i.write_addr                             0x08006f00   Section        0  usmart.o(i.write_addr)
    x$fpl$dfixu                              0x08006f04   Section       90  dfixu.o(x$fpl$dfixu)
    x$fpl$dfltu                              0x08006f5e   Section       38  dflt_clz.o(x$fpl$dfltu)
    x$fpl$dmul                               0x08006f84   Section      340  dmul.o(x$fpl$dmul)
    x$fpl$dnaninf                            0x080070d8   Section      156  dnaninf.o(x$fpl$dnaninf)
    x$fpl$dretinf                            0x08007174   Section       12  dretinf.o(x$fpl$dretinf)
    .constdata                               0x08007180   Section        8  main.o(.constdata)
    x$fpl$usenofp                            0x08007180   Section        0  usenofp.o(x$fpl$usenofp)
    .constdata                               0x08007188   Section       24  system_stm32f1xx.o(.constdata)
    .constdata                               0x080071a0   Section    18240  lcd.o(.constdata)
    .constdata                               0x0800b8e0   Section       40  _printf_hex_int.o(.constdata)
    uc_hextab                                0x0800b8e0   Data          20  _printf_hex_int.o(.constdata)
    lc_hextab                                0x0800b8f4   Data          20  _printf_hex_int.o(.constdata)
    .constdata                               0x0800b908   Section       17  __printf_flags_ss_wp.o(.constdata)
    maptable                                 0x0800b908   Data          17  __printf_flags_ss_wp.o(.constdata)
    .conststring                             0x0800b91c   Section       40  usmart.o(.conststring)
    .conststring                             0x0800b944   Section      107  usmart_config.o(.conststring)
    .data                                    0x20000000   Section        4  system_stm32f1xx.o(.data)
    .data                                    0x20000004   Section        9  stm32f1xx_hal.o(.data)
    .data                                    0x20000010   Section        4  delay.o(.data)
    fac_us                                   0x20000010   Data           4  delay.o(.data)
    .data                                    0x20000014   Section        7  usart.o(.data)
    .data                                    0x2000001c   Section        8  lcd.o(.data)
    .data                                    0x20000024   Section        1  key.o(.data)
    key_up                                   0x20000024   Data           1  key.o(.data)
    .data                                    0x20000028   Section       28  usmart.o(.data)
    .data                                    0x20000044   Section      276  usmart_config.o(.data)
    .bss                                     0x20000158   Section      264  usart.o(.bss)
    .bss                                     0x20000260   Section       86  lcd.o(.bss)
    .bss                                     0x200002b8   Section       92  can.o(.bss)
    .bss                                     0x20000314   Section       64  usmart.o(.bss)
    .bss                                     0x20000354   Section       96  libspace.o(.bss)
    HEAP                                     0x200003b8   Section      512  startup_stm32f103xe.o(HEAP)
    Heap_Mem                                 0x200003b8   Data         512  startup_stm32f103xe.o(HEAP)
    STACK                                    0x200005b8   Section     1024  startup_stm32f103xe.o(STACK)
    Stack_Mem                                0x200005b8   Data        1024  startup_stm32f103xe.o(STACK)
    __initial_sp                             0x200009b8   Data           0  startup_stm32f103xe.o(STACK)

    Global Symbols

    Symbol Name                              Value     Ov Type        Size  Object(Section)

    BuildAttributes$$THM_ISAv4$P$D$K$B$S$PE$A:L22UL41UL21$X:L11$S22US41US21$IEEE1$IW$USESV6$~STKCKD$USESV7$~SHL$OSPACE$ROPI$EBA8$UX$STANDARDLIB$REQ8$PRES8$EABIv2 0x00000000   Number         0  anon$$obj.o ABSOLUTE
    __ARM_use_no_argv                        0x00000000   Number         0  main.o ABSOLUTE
    _printf_flags                            0x00000000   Number         0  printf_stubs.o ABSOLUTE
    _printf_return_value                     0x00000000   Number         0  printf_stubs.o ABSOLUTE
    _printf_sizespec                         0x00000000   Number         0  printf_stubs.o ABSOLUTE
    _printf_widthprec                        0x00000000   Number         0  printf_stubs.o ABSOLUTE
    __ARM_exceptions_init                     - Undefined Weak Reference
    __alloca_initialize                       - Undefined Weak Reference
    __arm_preinit_                            - Undefined Weak Reference
    __cpp_initialize__aeabi_                  - Undefined Weak Reference
    __cxa_finalize                            - Undefined Weak Reference
    __rt_locale                               - Undefined Weak Reference
    __sigvec_lookup                           - Undefined Weak Reference
    _atexit_init                              - Undefined Weak Reference
    _call_atexit_fns                          - Undefined Weak Reference
    _clock_init                               - Undefined Weak Reference
    _fp_trap_init                             - Undefined Weak Reference
    _fp_trap_shutdown                         - Undefined Weak Reference
    _get_lc_collate                           - Undefined Weak Reference
    _get_lc_ctype                             - Undefined Weak Reference
    _get_lc_monetary                          - Undefined Weak Reference
    _get_lc_numeric                           - Undefined Weak Reference
    _get_lc_time                              - Undefined Weak Reference
    _getenv_init                              - Undefined Weak Reference
    _handle_redirection                       - Undefined Weak Reference
    _init_alloc                               - Undefined Weak Reference
    _init_user_alloc                          - Undefined Weak Reference
    _initio                                   - Undefined Weak Reference
    _mutex_acquire                            - Undefined Weak Reference
    _mutex_release                            - Undefined Weak Reference
    _printf_mbtowc                            - Undefined Weak Reference
    _printf_truncate_signed                   - Undefined Weak Reference
    _printf_truncate_unsigned                 - Undefined Weak Reference
    _rand_init                                - Undefined Weak Reference
    _signal_finish                            - Undefined Weak Reference
    _signal_init                              - Undefined Weak Reference
    _terminate_alloc                          - Undefined Weak Reference
    _terminate_user_alloc                     - Undefined Weak Reference
    _terminateio                              - Undefined Weak Reference
    __Vectors_Size                           0x00000130   Number         0  startup_stm32f103xe.o ABSOLUTE
    __Vectors                                0x08000000   Data           4  startup_stm32f103xe.o(RESET)
    __Vectors_End                            0x08000130   Data           0  startup_stm32f103xe.o(RESET)
    __main                                   0x08000131   Thumb Code     8  __main.o(!!!main)
    __scatterload                            0x08000139   Thumb Code     0  __scatter.o(!!!scatter)
    __scatterload_rt2                        0x08000139   Thumb Code    44  __scatter.o(!!!scatter)
    __scatterload_rt2_thumb_only             0x08000139   Thumb Code     0  __scatter.o(!!!scatter)
    __scatterload_null                       0x08000147   Thumb Code     0  __scatter.o(!!!scatter)
    __decompress                             0x0800016d   Thumb Code    90  __dczerorl2.o(!!dczerorl2)
    __decompress1                            0x0800016d   Thumb Code     0  __dczerorl2.o(!!dczerorl2)
    __scatterload_zeroinit                   0x080001c9   Thumb Code    28  __scatter_zi.o(!!handler_zi)
    _printf_d                                0x080001e5   Thumb Code     0  _printf_d.o(.ARM.Collect$$_printf_percent$$00000009)
    _printf_percent                          0x080001e5   Thumb Code     0  _printf_percent.o(.ARM.Collect$$_printf_percent$$00000000)
    _printf_u                                0x080001eb   Thumb Code     0  _printf_u.o(.ARM.Collect$$_printf_percent$$0000000A)
    _printf_x                                0x080001f1   Thumb Code     0  _printf_x.o(.ARM.Collect$$_printf_percent$$0000000C)
    _printf_c                                0x080001f7   Thumb Code     0  _printf_c.o(.ARM.Collect$$_printf_percent$$00000013)
    _printf_s                                0x080001fd   Thumb Code     0  _printf_s.o(.ARM.Collect$$_printf_percent$$00000014)
    _printf_percent_end                      0x08000203   Thumb Code     0  _printf_percent_end.o(.ARM.Collect$$_printf_percent$$00000017)
    __rt_lib_init                            0x08000207   Thumb Code     0  libinit.o(.ARM.Collect$$libinit$$00000000)
    __rt_lib_init_alloca_1                   0x08000209   Thumb Code     0  libinit2.o(.ARM.Collect$$libinit$$0000002E)
    __rt_lib_init_argv_1                     0x08000209   Thumb Code     0  libinit2.o(.ARM.Collect$$libinit$$0000002C)
    __rt_lib_init_atexit_1                   0x08000209   Thumb Code     0  libinit2.o(.ARM.Collect$$libinit$$0000001B)
    __rt_lib_init_clock_1                    0x08000209   Thumb Code     0  libinit2.o(.ARM.Collect$$libinit$$00000021)
    __rt_lib_init_cpp_1                      0x08000209   Thumb Code     0  libinit2.o(.ARM.Collect$$libinit$$00000032)
    __rt_lib_init_exceptions_1               0x08000209   Thumb Code     0  libinit2.o(.ARM.Collect$$libinit$$00000030)
    __rt_lib_init_fp_1                       0x08000209   Thumb Code     0  libinit2.o(.ARM.Collect$$libinit$$00000002)
    __rt_lib_init_fp_trap_1                  0x08000209   Thumb Code     0  libinit2.o(.ARM.Collect$$libinit$$0000001F)
    __rt_lib_init_getenv_1                   0x08000209   Thumb Code     0  libinit2.o(.ARM.Collect$$libinit$$00000023)
    __rt_lib_init_heap_1                     0x08000209   Thumb Code     0  libinit2.o(.ARM.Collect$$libinit$$0000000A)
    __rt_lib_init_lc_collate_1               0x08000209   Thumb Code     0  libinit2.o(.ARM.Collect$$libinit$$00000011)
    __rt_lib_init_lc_ctype_1                 0x08000209   Thumb Code     0  libinit2.o(.ARM.Collect$$libinit$$00000013)
    __rt_lib_init_lc_monetary_1              0x08000209   Thumb Code     0  libinit2.o(.ARM.Collect$$libinit$$00000015)
    __rt_lib_init_lc_numeric_1               0x08000209   Thumb Code     0  libinit2.o(.ARM.Collect$$libinit$$00000017)
    __rt_lib_init_lc_time_1                  0x08000209   Thumb Code     0  libinit2.o(.ARM.Collect$$libinit$$00000019)
    __rt_lib_init_preinit_1                  0x08000209   Thumb Code     0  libinit2.o(.ARM.Collect$$libinit$$00000004)
    __rt_lib_init_rand_1                     0x08000209   Thumb Code     0  libinit2.o(.ARM.Collect$$libinit$$0000000E)
    __rt_lib_init_return                     0x08000209   Thumb Code     0  libinit2.o(.ARM.Collect$$libinit$$00000033)
    __rt_lib_init_signal_1                   0x08000209   Thumb Code     0  libinit2.o(.ARM.Collect$$libinit$$0000001D)
    __rt_lib_init_stdio_1                    0x08000209   Thumb Code     0  libinit2.o(.ARM.Collect$$libinit$$00000025)
    __rt_lib_init_user_alloc_1               0x08000209   Thumb Code     0  libinit2.o(.ARM.Collect$$libinit$$0000000C)
    __rt_lib_shutdown                        0x0800020b   Thumb Code     0  libshutdown.o(.ARM.Collect$$libshutdown$$00000000)
    __rt_lib_shutdown_cpp_1                  0x0800020d   Thumb Code     0  libshutdown2.o(.ARM.Collect$$libshutdown$$00000002)
    __rt_lib_shutdown_fp_trap_1              0x0800020d   Thumb Code     0  libshutdown2.o(.ARM.Collect$$libshutdown$$00000007)
    __rt_lib_shutdown_heap_1                 0x0800020d   Thumb Code     0  libshutdown2.o(.ARM.Collect$$libshutdown$$0000000F)
    __rt_lib_shutdown_return                 0x0800020d   Thumb Code     0  libshutdown2.o(.ARM.Collect$$libshutdown$$00000010)
    __rt_lib_shutdown_signal_1               0x0800020d   Thumb Code     0  libshutdown2.o(.ARM.Collect$$libshutdown$$0000000A)
    __rt_lib_shutdown_stdio_1                0x0800020d   Thumb Code     0  libshutdown2.o(.ARM.Collect$$libshutdown$$00000004)
    __rt_lib_shutdown_user_alloc_1           0x0800020d   Thumb Code     0  libshutdown2.o(.ARM.Collect$$libshutdown$$0000000C)
    __rt_entry                               0x0800020f   Thumb Code     0  __rtentry.o(.ARM.Collect$$rtentry$$00000000)
    __rt_entry_presh_1                       0x0800020f   Thumb Code     0  __rtentry2.o(.ARM.Collect$$rtentry$$00000002)
    __rt_entry_sh                            0x0800020f   Thumb Code     0  __rtentry4.o(.ARM.Collect$$rtentry$$00000004)
    __rt_entry_li                            0x08000215   Thumb Code     0  __rtentry2.o(.ARM.Collect$$rtentry$$0000000A)
    __rt_entry_postsh_1                      0x08000215   Thumb Code     0  __rtentry2.o(.ARM.Collect$$rtentry$$00000009)
    __rt_entry_main                          0x08000219   Thumb Code     0  __rtentry2.o(.ARM.Collect$$rtentry$$0000000D)
    __rt_entry_postli_1                      0x08000219   Thumb Code     0  __rtentry2.o(.ARM.Collect$$rtentry$$0000000C)
    __rt_exit                                0x08000221   Thumb Code     0  rtexit.o(.ARM.Collect$$rtexit$$00000000)
    __rt_exit_ls                             0x08000223   Thumb Code     0  rtexit2.o(.ARM.Collect$$rtexit$$00000003)
    __rt_exit_prels_1                        0x08000223   Thumb Code     0  rtexit2.o(.ARM.Collect$$rtexit$$00000002)
    __rt_exit_exit                           0x08000227   Thumb Code     0  rtexit2.o(.ARM.Collect$$rtexit$$00000004)
    Reset_Handler                            0x0800022d   Thumb Code     8  startup_stm32f103xe.o(.text)
    ADC1_2_IRQHandler                        0x08000247   Thumb Code     0  startup_stm32f103xe.o(.text)
    ADC3_IRQHandler                          0x08000247   Thumb Code     0  startup_stm32f103xe.o(.text)
    CAN1_RX1_IRQHandler                      0x08000247   Thumb Code     0  startup_stm32f103xe.o(.text)
    CAN1_SCE_IRQHandler                      0x08000247   Thumb Code     0  startup_stm32f103xe.o(.text)
    DMA1_Channel1_IRQHandler                 0x08000247   Thumb Code     0  startup_stm32f103xe.o(.text)
    DMA1_Channel2_IRQHandler                 0x08000247   Thumb Code     0  startup_stm32f103xe.o(.text)
    DMA1_Channel3_IRQHandler                 0x08000247   Thumb Code     0  startup_stm32f103xe.o(.text)
    DMA1_Channel4_IRQHandler                 0x08000247   Thumb Code     0  startup_stm32f103xe.o(.text)
    DMA1_Channel5_IRQHandler                 0x08000247   Thumb Code     0  startup_stm32f103xe.o(.text)
    DMA1_Channel6_IRQHandler                 0x08000247   Thumb Code     0  startup_stm32f103xe.o(.text)
    DMA1_Channel7_IRQHandler                 0x08000247   Thumb Code     0  startup_stm32f103xe.o(.text)
    DMA2_Channel1_IRQHandler                 0x08000247   Thumb Code     0  startup_stm32f103xe.o(.text)
    DMA2_Channel2_IRQHandler                 0x08000247   Thumb Code     0  startup_stm32f103xe.o(.text)
    DMA2_Channel3_IRQHandler                 0x08000247   Thumb Code     0  startup_stm32f103xe.o(.text)
    DMA2_Channel4_5_IRQHandler               0x08000247   Thumb Code     0  startup_stm32f103xe.o(.text)
    EXTI0_IRQHandler                         0x08000247   Thumb Code     0  startup_stm32f103xe.o(.text)
    EXTI15_10_IRQHandler                     0x08000247   Thumb Code     0  startup_stm32f103xe.o(.text)
    EXTI1_IRQHandler                         0x08000247   Thumb Code     0  startup_stm32f103xe.o(.text)
    EXTI2_IRQHandler                         0x08000247   Thumb Code     0  startup_stm32f103xe.o(.text)
    EXTI3_IRQHandler                         0x08000247   Thumb Code     0  startup_stm32f103xe.o(.text)
    EXTI4_IRQHandler                         0x08000247   Thumb Code     0  startup_stm32f103xe.o(.text)
    EXTI9_5_IRQHandler                       0x08000247   Thumb Code     0  startup_stm32f103xe.o(.text)
    FLASH_IRQHandler                         0x08000247   Thumb Code     0  startup_stm32f103xe.o(.text)
    FSMC_IRQHandler                          0x08000247   Thumb Code     0  startup_stm32f103xe.o(.text)
    I2C1_ER_IRQHandler                       0x08000247   Thumb Code     0  startup_stm32f103xe.o(.text)
    I2C1_EV_IRQHandler                       0x08000247   Thumb Code     0  startup_stm32f103xe.o(.text)
    I2C2_ER_IRQHandler                       0x08000247   Thumb Code     0  startup_stm32f103xe.o(.text)
    I2C2_EV_IRQHandler                       0x08000247   Thumb Code     0  startup_stm32f103xe.o(.text)
    PVD_IRQHandler                           0x08000247   Thumb Code     0  startup_stm32f103xe.o(.text)
    RCC_IRQHandler                           0x08000247   Thumb Code     0  startup_stm32f103xe.o(.text)
    RTC_Alarm_IRQHandler                     0x08000247   Thumb Code     0  startup_stm32f103xe.o(.text)
    RTC_IRQHandler                           0x08000247   Thumb Code     0  startup_stm32f103xe.o(.text)
    SDIO_IRQHandler                          0x08000247   Thumb Code     0  startup_stm32f103xe.o(.text)
    SPI1_IRQHandler                          0x08000247   Thumb Code     0  startup_stm32f103xe.o(.text)
    SPI2_IRQHandler                          0x08000247   Thumb Code     0  startup_stm32f103xe.o(.text)
    SPI3_IRQHandler                          0x08000247   Thumb Code     0  startup_stm32f103xe.o(.text)
    TAMPER_IRQHandler                        0x08000247   Thumb Code     0  startup_stm32f103xe.o(.text)
    TIM1_BRK_IRQHandler                      0x08000247   Thumb Code     0  startup_stm32f103xe.o(.text)
    TIM1_CC_IRQHandler                       0x08000247   Thumb Code     0  startup_stm32f103xe.o(.text)
    TIM1_TRG_COM_IRQHandler                  0x08000247   Thumb Code     0  startup_stm32f103xe.o(.text)
    TIM1_UP_IRQHandler                       0x08000247   Thumb Code     0  startup_stm32f103xe.o(.text)
    TIM2_IRQHandler                          0x08000247   Thumb Code     0  startup_stm32f103xe.o(.text)
    TIM3_IRQHandler                          0x08000247   Thumb Code     0  startup_stm32f103xe.o(.text)
    TIM5_IRQHandler                          0x08000247   Thumb Code     0  startup_stm32f103xe.o(.text)
    TIM6_IRQHandler                          0x08000247   Thumb Code     0  startup_stm32f103xe.o(.text)
    TIM7_IRQHandler                          0x08000247   Thumb Code     0  startup_stm32f103xe.o(.text)
    TIM8_BRK_IRQHandler                      0x08000247   Thumb Code     0  startup_stm32f103xe.o(.text)
    TIM8_CC_IRQHandler                       0x08000247   Thumb Code     0  startup_stm32f103xe.o(.text)
    TIM8_TRG_COM_IRQHandler                  0x08000247   Thumb Code     0  startup_stm32f103xe.o(.text)
    TIM8_UP_IRQHandler                       0x08000247   Thumb Code     0  startup_stm32f103xe.o(.text)
    UART4_IRQHandler                         0x08000247   Thumb Code     0  startup_stm32f103xe.o(.text)
    UART5_IRQHandler                         0x08000247   Thumb Code     0  startup_stm32f103xe.o(.text)
    USART2_IRQHandler                        0x08000247   Thumb Code     0  startup_stm32f103xe.o(.text)
    USART3_IRQHandler                        0x08000247   Thumb Code     0  startup_stm32f103xe.o(.text)
    USBWakeUp_IRQHandler                     0x08000247   Thumb Code     0  startup_stm32f103xe.o(.text)
    USB_HP_CAN1_TX_IRQHandler                0x08000247   Thumb Code     0  startup_stm32f103xe.o(.text)
    USB_LP_CAN1_RX0_IRQHandler               0x08000247   Thumb Code     0  startup_stm32f103xe.o(.text)
    WWDG_IRQHandler                          0x08000247   Thumb Code     0  startup_stm32f103xe.o(.text)
    __user_initial_stackheap                 0x08000249   Thumb Code     0  startup_stm32f103xe.o(.text)
    __use_no_semihosting                     0x0800026d   Thumb Code     2  use_no_semi_2.o(.text)
    __2printf                                0x08000271   Thumb Code    20  noretval__2printf.o(.text)
    _printf_pre_padding                      0x08000289   Thumb Code    44  _printf_pad.o(.text)
    _printf_post_padding                     0x080002b5   Thumb Code    34  _printf_pad.o(.text)
    _printf_str                              0x080002d7   Thumb Code    82  _printf_str.o(.text)
    _printf_int_dec                          0x08000329   Thumb Code   104  _printf_dec.o(.text)
    _printf_int_hex                          0x080003a1   Thumb Code    84  _printf_hex_int.o(.text)
    _printf_longlong_hex                     0x080003a1   Thumb Code     0  _printf_hex_int.o(.text)
    __printf                                 0x080003f9   Thumb Code   388  __printf_flags_ss_wp.o(.text)
    __aeabi_memcpy4                          0x08000581   Thumb Code     0  rt_memcpy_w.o(.text)
    __aeabi_memcpy8                          0x08000581   Thumb Code     0  rt_memcpy_w.o(.text)
    __rt_memcpy_w                            0x08000581   Thumb Code   100  rt_memcpy_w.o(.text)
    _memcpy_lastbytes_aligned                0x080005c9   Thumb Code     0  rt_memcpy_w.o(.text)
    __use_two_region_memory                  0x080005e5   Thumb Code     2  heapauxi.o(.text)
    __rt_heap_escrow$2region                 0x080005e7   Thumb Code     2  heapauxi.o(.text)
    __rt_heap_expand$2region                 0x080005e9   Thumb Code     2  heapauxi.o(.text)
    __I$use$semihosting                      0x080005eb   Thumb Code     0  use_no_semi.o(.text)
    __use_no_semihosting_swi                 0x080005eb   Thumb Code     2  use_no_semi.o(.text)
    _printf_int_common                       0x080005ed   Thumb Code   178  _printf_intcommon.o(.text)
    _printf_cs_common                        0x0800069f   Thumb Code    20  _printf_char.o(.text)
    _printf_char                             0x080006b3   Thumb Code    16  _printf_char.o(.text)
    _printf_string                           0x080006c3   Thumb Code     8  _printf_char.o(.text)
    _printf_char_file                        0x080006cd   Thumb Code    32  _printf_char_file.o(.text)
    _printf_char_common                      0x080006fb   Thumb Code    32  _printf_char_common.o(.text)
    ferror                                   0x08000721   Thumb Code     8  ferror.o(.text)
    __user_setup_stackheap                   0x08000729   Thumb Code    74  sys_stackheap_outer.o(.text)
    exit                                     0x08000773   Thumb Code    18  exit.o(.text)
    __user_libspace                          0x08000785   Thumb Code     8  libspace.o(.text)
    __user_perproc_libspace                  0x08000785   Thumb Code     0  libspace.o(.text)
    __user_perthread_libspace                0x08000785   Thumb Code     0  libspace.o(.text)
    BusFault_Handler                         0x0800078d   Thumb Code     4  stm32f1xx_it.o(i.BusFault_Handler)
    CAN1_Mode_Init                           0x08000791   Thumb Code    86  can.o(i.CAN1_Mode_Init)
    CAN1_Receive_Msg                         0x080007f1   Thumb Code    70  can.o(i.CAN1_Receive_Msg)
    CAN1_Send_Msg                            0x08000849   Thumb Code    78  can.o(i.CAN1_Send_Msg)
    CAN_Config                               0x080008a1   Thumb Code   104  can.o(i.CAN_Config)
    DebugMon_Handler                         0x08000911   Thumb Code     2  stm32f1xx_it.o(i.DebugMon_Handler)
    FSMC_NORSRAM_Extended_Timing_Init        0x08000915   Thumb Code    62  stm32f1xx_ll_fsmc.o(i.FSMC_NORSRAM_Extended_Timing_Init)
    FSMC_NORSRAM_Init                        0x08000959   Thumb Code   106  stm32f1xx_ll_fsmc.o(i.FSMC_NORSRAM_Init)
    FSMC_NORSRAM_Timing_Init                 0x080009c9   Thumb Code    66  stm32f1xx_ll_fsmc.o(i.FSMC_NORSRAM_Timing_Init)
    HAL_CAN_ActivateNotification             0x08000a0b   Thumb Code    42  stm32f1xx_hal_can.o(i.HAL_CAN_ActivateNotification)
    HAL_CAN_AddTxMessage                     0x08000a35   Thumb Code   342  stm32f1xx_hal_can.o(i.HAL_CAN_AddTxMessage)
    HAL_CAN_ConfigFilter                     0x08000b8b   Thumb Code   266  stm32f1xx_hal_can.o(i.HAL_CAN_ConfigFilter)
    HAL_CAN_GetRxFifoFillLevel               0x08000c95   Thumb Code    40  stm32f1xx_hal_can.o(i.HAL_CAN_GetRxFifoFillLevel)
    HAL_CAN_GetRxMessage                     0x08000cbd   Thumb Code   378  stm32f1xx_hal_can.o(i.HAL_CAN_GetRxMessage)
    HAL_CAN_GetTxMailboxesFreeLevel          0x08000e37   Thumb Code    54  stm32f1xx_hal_can.o(i.HAL_CAN_GetTxMailboxesFreeLevel)
    HAL_CAN_Init                             0x08000e6d   Thumb Code   372  stm32f1xx_hal_can.o(i.HAL_CAN_Init)
    HAL_CAN_MspInit                          0x08000fe1   Thumb Code   106  can.o(i.HAL_CAN_MspInit)
    HAL_CAN_Start                            0x08001055   Thumb Code    94  stm32f1xx_hal_can.o(i.HAL_CAN_Start)
    HAL_DMA_Abort_IT                         0x080010b5   Thumb Code   414  stm32f1xx_hal_dma.o(i.HAL_DMA_Abort_IT)
    HAL_GPIO_Init                            0x0800125d   Thumb Code   792  stm32f1xx_hal_gpio.o(i.HAL_GPIO_Init)
    HAL_GPIO_ReadPin                         0x0800159d   Thumb Code    16  stm32f1xx_hal_gpio.o(i.HAL_GPIO_ReadPin)
    HAL_GPIO_WritePin                        0x080015ad   Thumb Code    12  stm32f1xx_hal_gpio.o(i.HAL_GPIO_WritePin)
    HAL_GetTick                              0x080015b9   Thumb Code     6  stm32f1xx_hal.o(i.HAL_GetTick)
    HAL_IncTick                              0x080015c5   Thumb Code    16  stm32f1xx_hal.o(i.HAL_IncTick)
    HAL_Init                                 0x080015dd   Thumb Code    34  stm32f1xx_hal.o(i.HAL_Init)
    HAL_InitTick                             0x08001605   Thumb Code    64  stm32f1xx_hal.o(i.HAL_InitTick)
    HAL_MspInit                              0x08001651   Thumb Code     2  stm32f1xx_hal_msp.o(i.HAL_MspInit)
    HAL_NVIC_EnableIRQ                       0x08001653   Thumb Code    32  stm32f1xx_hal_cortex.o(i.HAL_NVIC_EnableIRQ)
    HAL_NVIC_SetPriority                     0x08001673   Thumb Code   124  stm32f1xx_hal_cortex.o(i.HAL_NVIC_SetPriority)
    HAL_NVIC_SetPriorityGrouping             0x080016f1   Thumb Code    32  stm32f1xx_hal_cortex.o(i.HAL_NVIC_SetPriorityGrouping)
    HAL_RCC_ClockConfig                      0x08001719   Thumb Code   376  stm32f1xx_hal_rcc.o(i.HAL_RCC_ClockConfig)
    HAL_RCC_GetHCLKFreq                      0x080018a5   Thumb Code     6  stm32f1xx_hal_rcc.o(i.HAL_RCC_GetHCLKFreq)
    HAL_RCC_GetPCLK1Freq                     0x080018b1   Thumb Code    22  stm32f1xx_hal_rcc.o(i.HAL_RCC_GetPCLK1Freq)
    HAL_RCC_GetPCLK2Freq                     0x080018d1   Thumb Code    22  stm32f1xx_hal_rcc.o(i.HAL_RCC_GetPCLK2Freq)
    HAL_RCC_GetSysClockFreq                  0x080018f1   Thumb Code   116  stm32f1xx_hal_rcc.o(i.HAL_RCC_GetSysClockFreq)
    HAL_RCC_OscConfig                        0x08001985   Thumb Code  1114  stm32f1xx_hal_rcc.o(i.HAL_RCC_OscConfig)
    HAL_SRAM_Init                            0x08001de9   Thumb Code    94  stm32f1xx_hal_sram.o(i.HAL_SRAM_Init)
    HAL_SRAM_MspInit                         0x08001e49   Thumb Code   170  lcd.o(i.HAL_SRAM_MspInit)
    HAL_SYSTICK_CLKSourceConfig              0x08001f05   Thumb Code    40  stm32f1xx_hal_cortex.o(i.HAL_SYSTICK_CLKSourceConfig)
    HAL_SYSTICK_Config                       0x08001f2d   Thumb Code    52  stm32f1xx_hal_cortex.o(i.HAL_SYSTICK_Config)
    HAL_TIM_Base_Init                        0x08001f61   Thumb Code    52  stm32f1xx_hal_tim.o(i.HAL_TIM_Base_Init)
    HAL_TIM_Base_MspInit                     0x08001f95   Thumb Code     2  stm32f1xx_hal_tim.o(i.HAL_TIM_Base_MspInit)
    HAL_TIM_Base_Start_IT                    0x08001f97   Thumb Code    42  stm32f1xx_hal_tim.o(i.HAL_TIM_Base_Start_IT)
    HAL_UART_ErrorCallback                   0x08001fc1   Thumb Code     2  stm32f1xx_hal_uart.o(i.HAL_UART_ErrorCallback)
    HAL_UART_GetState                        0x08001fc3   Thumb Code    20  stm32f1xx_hal_uart.o(i.HAL_UART_GetState)
    HAL_UART_IRQHandler                      0x08001fd9   Thumb Code   326  stm32f1xx_hal_uart.o(i.HAL_UART_IRQHandler)
    HAL_UART_Init                            0x08002125   Thumb Code   114  stm32f1xx_hal_uart.o(i.HAL_UART_Init)
    HAL_UART_MspInit                         0x08002199   Thumb Code   156  usart.o(i.HAL_UART_MspInit)
    HAL_UART_Receive_IT                      0x08002241   Thumb Code   112  stm32f1xx_hal_uart.o(i.HAL_UART_Receive_IT)
    HAL_UART_RxCpltCallback                  0x080022b1   Thumb Code   120  usart.o(i.HAL_UART_RxCpltCallback)
    HAL_UART_TxCpltCallback                  0x08002339   Thumb Code     2  stm32f1xx_hal_uart.o(i.HAL_UART_TxCpltCallback)
    HardFault_Handler                        0x0800233b   Thumb Code     4  stm32f1xx_it.o(i.HardFault_Handler)
    KEY_Init                                 0x08002341   Thumb Code   110  key.o(i.KEY_Init)
    KEY_Scan                                 0x080023bd   Thumb Code   150  key.o(i.KEY_Scan)
    LCD_Clear                                0x08002461   Thumb Code    42  lcd.o(i.LCD_Clear)
    LCD_Display_Dir                          0x08002495   Thumb Code   298  lcd.o(i.LCD_Display_Dir)
    LCD_Fast_DrawPoint                       0x080025c5   Thumb Code   232  lcd.o(i.LCD_Fast_DrawPoint)
    LCD_Fill                                 0x080026b5   Thumb Code    80  lcd.o(i.LCD_Fill)
    LCD_Init                                 0x08002709   Thumb Code  9762  lcd.o(i.LCD_Init)
    LCD_Pow                                  0x08004d35   Thumb Code    22  lcd.o(i.LCD_Pow)
    LCD_RD_DATA                              0x08004d4d   Thumb Code    14  lcd.o(i.LCD_RD_DATA)
    LCD_SSD_BackLightSet                     0x08004d61   Thumb Code    80  lcd.o(i.LCD_SSD_BackLightSet)
    LCD_Scan_Dir                             0x08004db5   Thumb Code   560  lcd.o(i.LCD_Scan_Dir)
    LCD_SetCursor                            0x08004fe9   Thumb Code   282  lcd.o(i.LCD_SetCursor)
    LCD_ShowChar                             0x08005109   Thumb Code   276  lcd.o(i.LCD_ShowChar)
    LCD_ShowString                           0x08005235   Thumb Code   102  lcd.o(i.LCD_ShowString)
    LCD_ShowxNum                             0x0800529b   Thumb Code   190  lcd.o(i.LCD_ShowxNum)
    LCD_WR_DATA                              0x08005359   Thumb Code    18  lcd.o(i.LCD_WR_DATA)
    LCD_WR_REG                               0x08005371   Thumb Code    18  lcd.o(i.LCD_WR_REG)
    LCD_WriteRAM_Prepare                     0x08005389   Thumb Code    10  lcd.o(i.LCD_WriteRAM_Prepare)
    LCD_WriteReg                             0x0800539d   Thumb Code    10  lcd.o(i.LCD_WriteReg)
    LED_Init                                 0x080053ad   Thumb Code   116  led.o(i.LED_Init)
    MemManage_Handler                        0x0800542d   Thumb Code     4  stm32f1xx_it.o(i.MemManage_Handler)
    NMI_Handler                              0x08005431   Thumb Code     2  stm32f1xx_it.o(i.NMI_Handler)
    PendSV_Handler                           0x08005433   Thumb Code     2  stm32f1xx_it.o(i.PendSV_Handler)
    SVC_Handler                              0x0800545d   Thumb Code     2  stm32f1xx_it.o(i.SVC_Handler)
    Stm32_Clock_Init                         0x0800545f   Thumb Code    86  sys.o(i.Stm32_Clock_Init)
    SysTick_Handler                          0x080054b5   Thumb Code     8  stm32f1xx_it.o(i.SysTick_Handler)
    SystemInit                               0x080054bd   Thumb Code    70  system_stm32f1xx.o(i.SystemInit)
    TIM4_IRQHandler                          0x08005515   Thumb Code    58  usmart.o(i.TIM4_IRQHandler)
    TIM_Base_SetConfig                       0x08005559   Thumb Code   134  stm32f1xx_hal_tim.o(i.TIM_Base_SetConfig)
    Timer4_Init                              0x080055f5   Thumb Code    80  usmart.o(i.Timer4_Init)
    USART1_IRQHandler                        0x08005955   Thumb Code    56  usart.o(i.USART1_IRQHandler)
    UsageFault_Handler                       0x08005995   Thumb Code     4  stm32f1xx_it.o(i.UsageFault_Handler)
    _is_digit                                0x080059d1   Thumb Code    14  __printf_wp.o(i._is_digit)
    _sys_exit                                0x080059df   Thumb Code     4  usart.o(i._sys_exit)
    delay_init                               0x080059e5   Thumb Code    16  delay.o(i.delay_init)
    delay_ms                                 0x080059f9   Thumb Code    24  delay.o(i.delay_ms)
    delay_us                                 0x08005a11   Thumb Code    68  delay.o(i.delay_us)
    fputc                                    0x08005a59   Thumb Code    24  usart.o(i.fputc)
    main                                     0x08005a75   Thumb Code   608  main.o(i.main)
    read_addr                                0x08005d71   Thumb Code     6  usmart.o(i.read_addr)
    uart_init                                0x08005d79   Thumb Code    44  usart.o(i.uart_init)
    usmart_cmd_rec                           0x08005db1   Thumb Code   170  usmart.o(i.usmart_cmd_rec)
    usmart_exe                               0x08005e61   Thumb Code   632  usmart.o(i.usmart_exe)
    usmart_get_aparm                         0x08006135   Thumb Code   212  usmart_str.o(i.usmart_get_aparm)
    usmart_get_cmdname                       0x08006209   Thumb Code    54  usmart_str.o(i.usmart_get_cmdname)
    usmart_get_fname                         0x08006241   Thumb Code   440  usmart_str.o(i.usmart_get_fname)
    usmart_get_fparam                        0x08006401   Thumb Code   262  usmart_str.o(i.usmart_get_fparam)
    usmart_get_parmpos                       0x0800650d   Thumb Code    26  usmart_str.o(i.usmart_get_parmpos)
    usmart_get_runtime                       0x0800652d   Thumb Code    58  usmart.o(i.usmart_get_runtime)
    usmart_init                              0x08006571   Thumb Code    36  usmart.o(i.usmart_init)
    usmart_pow                               0x08006599   Thumb Code    22  usmart_str.o(i.usmart_pow)
    usmart_reset_runtime                     0x080065b1   Thumb Code    44  usmart.o(i.usmart_reset_runtime)
    usmart_scan                              0x080065e5   Thumb Code   120  usmart.o(i.usmart_scan)
    usmart_search_nextc                      0x080066a1   Thumb Code    22  usmart_str.o(i.usmart_search_nextc)
    usmart_str2num                           0x080066b7   Thumb Code   262  usmart_str.o(i.usmart_str2num)
    usmart_strcmp                            0x080067bd   Thumb Code    34  usmart_str.o(i.usmart_strcmp)
    usmart_strcopy                           0x080067df   Thumb Code    22  usmart_str.o(i.usmart_strcopy)
    usmart_strlen                            0x080067f5   Thumb Code    24  usmart_str.o(i.usmart_strlen)
    usmart_sys_cmd_exe                       0x0800680d   Thumb Code  1570  usmart.o(i.usmart_sys_cmd_exe)
    write_addr                               0x08006f01   Thumb Code     4  usmart.o(i.write_addr)
    __aeabi_d2uiz                            0x08006f05   Thumb Code     0  dfixu.o(x$fpl$dfixu)
    _dfixu                                   0x08006f05   Thumb Code    90  dfixu.o(x$fpl$dfixu)
    __aeabi_ui2d                             0x08006f5f   Thumb Code     0  dflt_clz.o(x$fpl$dfltu)
    _dfltu                                   0x08006f5f   Thumb Code    38  dflt_clz.o(x$fpl$dfltu)
    __aeabi_dmul                             0x08006f85   Thumb Code     0  dmul.o(x$fpl$dmul)
    _dmul                                    0x08006f85   Thumb Code   332  dmul.o(x$fpl$dmul)
    __fpl_dnaninf                            0x080070d9   Thumb Code   156  dnaninf.o(x$fpl$dnaninf)
    __fpl_dretinf                            0x08007175   Thumb Code    12  dretinf.o(x$fpl$dretinf)
    __I$use$fp                               0x08007180   Number         0  usenofp.o(x$fpl$usenofp)
    AHBPrescTable                            0x08007188   Data          16  system_stm32f1xx.o(.constdata)
    APBPrescTable                            0x08007198   Data           8  system_stm32f1xx.o(.constdata)
    asc2_1206                                0x080071a0   Data        1140  lcd.o(.constdata)
    asc2_1608                                0x08007614   Data        1520  lcd.o(.constdata)
    asc2_2412                                0x08007c04   Data        3420  lcd.o(.constdata)
    asc2_3216                                0x08008960   Data       12160  lcd.o(.constdata)
    Region$$Table$$Base                      0x0800b9b0   Number         0  anon$$obj.o(Region$$Table)
    Region$$Table$$Limit                     0x0800b9d0   Number         0  anon$$obj.o(Region$$Table)
    SystemCoreClock                          0x20000000   Data           4  system_stm32f1xx.o(.data)
    uwTick                                   0x20000004   Data           4  stm32f1xx_hal.o(.data)
    uwTickPrio                               0x20000008   Data           4  stm32f1xx_hal.o(.data)
    uwTickFreq                               0x2000000c   Data           1  stm32f1xx_hal.o(.data)
    __stdout                                 0x20000014   Data           4  usart.o(.data)
    USART_RX_STA                             0x20000018   Data           2  usart.o(.data)
    aRxBuffer                                0x2000001a   Data           1  usart.o(.data)
    POINT_COLOR                              0x2000001c   Data           4  lcd.o(.data)
    BACK_COLOR                               0x20000020   Data           4  lcd.o(.data)
    sys_cmd_tab                              0x20000028   Data          28  usmart.o(.data)
    usmart_nametab                           0x20000044   Data          32  usmart_config.o(.data)
    usmart_dev                               0x20000064   Data         244  usmart_config.o(.data)
    USART_RX_BUF                             0x20000158   Data         200  usart.o(.bss)
    UART1_Handler                            0x20000220   Data          64  usart.o(.bss)
    TFTSRAM_Handler                          0x20000260   Data          72  lcd.o(.bss)
    lcddev                                   0x200002a8   Data          14  lcd.o(.bss)
    CAN1_Handler                             0x200002b8   Data          40  can.o(.bss)
    TxHeader                                 0x200002e0   Data          24  can.o(.bss)
    RxHeader                                 0x200002f8   Data          28  can.o(.bss)
    TIM4_Handler                             0x20000314   Data          64  usmart.o(.bss)
    __libspace_start                         0x20000354   Data          96  libspace.o(.bss)
    __temporary_stack_top$libspace           0x200003b4   Data           0  libspace.o(.bss)



==============================================================================

Memory Map of the image

  Image Entry point : 0x08000131

  Load Region LR_IROM1 (Base: 0x08000000, Size: 0x0000bb28, Max: 0x00080000, ABSOLUTE, COMPRESSED[0x0000ba28])

    Execution Region ER_IROM1 (Exec base: 0x08000000, Load base: 0x08000000, Size: 0x0000b9d0, Max: 0x00080000, ABSOLUTE)

    Exec Addr    Load Addr    Size         Type   Attr      Idx    E Section Name        Object

    0x08000000   0x08000000   0x00000130   Data   RO          463    RESET               startup_stm32f103xe.o
    0x08000130   0x08000130   0x00000008   Code   RO         4349  * !!!main             c_w.l(__main.o)
    0x08000138   0x08000138   0x00000034   Code   RO         4538    !!!scatter          c_w.l(__scatter.o)
    0x0800016c   0x0800016c   0x0000005a   Code   RO         4536    !!dczerorl2         c_w.l(__dczerorl2.o)
    0x080001c6   0x080001c6   0x00000002   PAD
    0x080001c8   0x080001c8   0x0000001c   Code   RO         4540    !!handler_zi        c_w.l(__scatter_zi.o)
    0x080001e4   0x080001e4   0x00000000   Code   RO         4344    .ARM.Collect$$_printf_percent$$00000000  c_w.l(_printf_percent.o)
    0x080001e4   0x080001e4   0x00000006   Code   RO         4342    .ARM.Collect$$_printf_percent$$00000009  c_w.l(_printf_d.o)
    0x080001ea   0x080001ea   0x00000006   Code   RO         4343    .ARM.Collect$$_printf_percent$$0000000A  c_w.l(_printf_u.o)
    0x080001f0   0x080001f0   0x00000006   Code   RO         4341    .ARM.Collect$$_printf_percent$$0000000C  c_w.l(_printf_x.o)
    0x080001f6   0x080001f6   0x00000006   Code   RO         4339    .ARM.Collect$$_printf_percent$$00000013  c_w.l(_printf_c.o)
    0x080001fc   0x080001fc   0x00000006   Code   RO         4340    .ARM.Collect$$_printf_percent$$00000014  c_w.l(_printf_s.o)
    0x08000202   0x08000202   0x00000004   Code   RO         4372    .ARM.Collect$$_printf_percent$$00000017  c_w.l(_printf_percent_end.o)
    0x08000206   0x08000206   0x00000002   Code   RO         4410    .ARM.Collect$$libinit$$00000000  c_w.l(libinit.o)
    0x08000208   0x08000208   0x00000000   Code   RO         4417    .ARM.Collect$$libinit$$00000002  c_w.l(libinit2.o)
    0x08000208   0x08000208   0x00000000   Code   RO         4419    .ARM.Collect$$libinit$$00000004  c_w.l(libinit2.o)
    0x08000208   0x08000208   0x00000000   Code   RO         4422    .ARM.Collect$$libinit$$0000000A  c_w.l(libinit2.o)
    0x08000208   0x08000208   0x00000000   Code   RO         4424    .ARM.Collect$$libinit$$0000000C  c_w.l(libinit2.o)
    0x08000208   0x08000208   0x00000000   Code   RO         4426    .ARM.Collect$$libinit$$0000000E  c_w.l(libinit2.o)
    0x08000208   0x08000208   0x00000000   Code   RO         4429    .ARM.Collect$$libinit$$00000011  c_w.l(libinit2.o)
    0x08000208   0x08000208   0x00000000   Code   RO         4431    .ARM.Collect$$libinit$$00000013  c_w.l(libinit2.o)
    0x08000208   0x08000208   0x00000000   Code   RO         4433    .ARM.Collect$$libinit$$00000015  c_w.l(libinit2.o)
    0x08000208   0x08000208   0x00000000   Code   RO         4435    .ARM.Collect$$libinit$$00000017  c_w.l(libinit2.o)
    0x08000208   0x08000208   0x00000000   Code   RO         4437    .ARM.Collect$$libinit$$00000019  c_w.l(libinit2.o)
    0x08000208   0x08000208   0x00000000   Code   RO         4439    .ARM.Collect$$libinit$$0000001B  c_w.l(libinit2.o)
    0x08000208   0x08000208   0x00000000   Code   RO         4441    .ARM.Collect$$libinit$$0000001D  c_w.l(libinit2.o)
    0x08000208   0x08000208   0x00000000   Code   RO         4443    .ARM.Collect$$libinit$$0000001F  c_w.l(libinit2.o)
    0x08000208   0x08000208   0x00000000   Code   RO         4445    .ARM.Collect$$libinit$$00000021  c_w.l(libinit2.o)
    0x08000208   0x08000208   0x00000000   Code   RO         4447    .ARM.Collect$$libinit$$00000023  c_w.l(libinit2.o)
    0x08000208   0x08000208   0x00000000   Code   RO         4449    .ARM.Collect$$libinit$$00000025  c_w.l(libinit2.o)
    0x08000208   0x08000208   0x00000000   Code   RO         4453    .ARM.Collect$$libinit$$0000002C  c_w.l(libinit2.o)
    0x08000208   0x08000208   0x00000000   Code   RO         4455    .ARM.Collect$$libinit$$0000002E  c_w.l(libinit2.o)
    0x08000208   0x08000208   0x00000000   Code   RO         4457    .ARM.Collect$$libinit$$00000030  c_w.l(libinit2.o)
    0x08000208   0x08000208   0x00000000   Code   RO         4459    .ARM.Collect$$libinit$$00000032  c_w.l(libinit2.o)
    0x08000208   0x08000208   0x00000002   Code   RO         4460    .ARM.Collect$$libinit$$00000033  c_w.l(libinit2.o)
    0x0800020a   0x0800020a   0x00000002   Code   RO         4478    .ARM.Collect$$libshutdown$$00000000  c_w.l(libshutdown.o)
    0x0800020c   0x0800020c   0x00000000   Code   RO         4488    .ARM.Collect$$libshutdown$$00000002  c_w.l(libshutdown2.o)
    0x0800020c   0x0800020c   0x00000000   Code   RO         4490    .ARM.Collect$$libshutdown$$00000004  c_w.l(libshutdown2.o)
    0x0800020c   0x0800020c   0x00000000   Code   RO         4493    .ARM.Collect$$libshutdown$$00000007  c_w.l(libshutdown2.o)
    0x0800020c   0x0800020c   0x00000000   Code   RO         4496    .ARM.Collect$$libshutdown$$0000000A  c_w.l(libshutdown2.o)
    0x0800020c   0x0800020c   0x00000000   Code   RO         4498    .ARM.Collect$$libshutdown$$0000000C  c_w.l(libshutdown2.o)
    0x0800020c   0x0800020c   0x00000000   Code   RO         4501    .ARM.Collect$$libshutdown$$0000000F  c_w.l(libshutdown2.o)
    0x0800020c   0x0800020c   0x00000002   Code   RO         4502    .ARM.Collect$$libshutdown$$00000010  c_w.l(libshutdown2.o)
    0x0800020e   0x0800020e   0x00000000   Code   RO         4365    .ARM.Collect$$rtentry$$00000000  c_w.l(__rtentry.o)
    0x0800020e   0x0800020e   0x00000000   Code   RO         4379    .ARM.Collect$$rtentry$$00000002  c_w.l(__rtentry2.o)
    0x0800020e   0x0800020e   0x00000006   Code   RO         4391    .ARM.Collect$$rtentry$$00000004  c_w.l(__rtentry4.o)
    0x08000214   0x08000214   0x00000000   Code   RO         4381    .ARM.Collect$$rtentry$$00000009  c_w.l(__rtentry2.o)
    0x08000214   0x08000214   0x00000004   Code   RO         4382    .ARM.Collect$$rtentry$$0000000A  c_w.l(__rtentry2.o)
    0x08000218   0x08000218   0x00000000   Code   RO         4384    .ARM.Collect$$rtentry$$0000000C  c_w.l(__rtentry2.o)
    0x08000218   0x08000218   0x00000008   Code   RO         4385    .ARM.Collect$$rtentry$$0000000D  c_w.l(__rtentry2.o)
    0x08000220   0x08000220   0x00000002   Code   RO         4414    .ARM.Collect$$rtexit$$00000000  c_w.l(rtexit.o)
    0x08000222   0x08000222   0x00000000   Code   RO         4462    .ARM.Collect$$rtexit$$00000002  c_w.l(rtexit2.o)
    0x08000222   0x08000222   0x00000004   Code   RO         4463    .ARM.Collect$$rtexit$$00000003  c_w.l(rtexit2.o)
    0x08000226   0x08000226   0x00000006   Code   RO         4464    .ARM.Collect$$rtexit$$00000004  c_w.l(rtexit2.o)
    0x0800022c   0x0800022c   0x00000040   Code   RO          464    .text               startup_stm32f103xe.o
    0x0800026c   0x0800026c   0x00000002   Code   RO         4284    .text               c_w.l(use_no_semi_2.o)
    0x0800026e   0x0800026e   0x00000002   PAD
    0x08000270   0x08000270   0x00000018   Code   RO         4288    .text               c_w.l(noretval__2printf.o)
    0x08000288   0x08000288   0x0000004e   Code   RO         4292    .text               c_w.l(_printf_pad.o)
    0x080002d6   0x080002d6   0x00000052   Code   RO         4294    .text               c_w.l(_printf_str.o)
    0x08000328   0x08000328   0x00000078   Code   RO         4296    .text               c_w.l(_printf_dec.o)
    0x080003a0   0x080003a0   0x00000058   Code   RO         4301    .text               c_w.l(_printf_hex_int.o)
    0x080003f8   0x080003f8   0x00000188   Code   RO         4336    .text               c_w.l(__printf_flags_ss_wp.o)
    0x08000580   0x08000580   0x00000064   Code   RO         4345    .text               c_w.l(rt_memcpy_w.o)
    0x080005e4   0x080005e4   0x00000006   Code   RO         4347    .text               c_w.l(heapauxi.o)
    0x080005ea   0x080005ea   0x00000002   Code   RO         4363    .text               c_w.l(use_no_semi.o)
    0x080005ec   0x080005ec   0x000000b2   Code   RO         4366    .text               c_w.l(_printf_intcommon.o)
    0x0800069e   0x0800069e   0x0000002c   Code   RO         4368    .text               c_w.l(_printf_char.o)
    0x080006ca   0x080006ca   0x00000002   PAD
    0x080006cc   0x080006cc   0x00000024   Code   RO         4370    .text               c_w.l(_printf_char_file.o)
    0x080006f0   0x080006f0   0x00000030   Code   RO         4393    .text               c_w.l(_printf_char_common.o)
    0x08000720   0x08000720   0x00000008   Code   RO         4395    .text               c_w.l(ferror.o)
    0x08000728   0x08000728   0x0000004a   Code   RO         4399    .text               c_w.l(sys_stackheap_outer.o)
    0x08000772   0x08000772   0x00000012   Code   RO         4403    .text               c_w.l(exit.o)
    0x08000784   0x08000784   0x00000008   Code   RO         4411    .text               c_w.l(libspace.o)
    0x0800078c   0x0800078c   0x00000004   Code   RO          270    i.BusFault_Handler  stm32f1xx_it.o
    0x08000790   0x08000790   0x00000060   Code   RO         4036    i.CAN1_Mode_Init    can.o
    0x080007f0   0x080007f0   0x00000058   Code   RO         4037    i.CAN1_Receive_Msg  can.o
    0x08000848   0x08000848   0x00000058   Code   RO         4038    i.CAN1_Send_Msg     can.o
    0x080008a0   0x080008a0   0x00000070   Code   RO         4039    i.CAN_Config        can.o
    0x08000910   0x08000910   0x00000002   Code   RO          271    i.DebugMon_Handler  stm32f1xx_it.o
    0x08000912   0x08000912   0x00000002   PAD
    0x08000914   0x08000914   0x00000044   Code   RO         2911    i.FSMC_NORSRAM_Extended_Timing_Init  stm32f1xx_ll_fsmc.o
    0x08000958   0x08000958   0x00000070   Code   RO         2912    i.FSMC_NORSRAM_Init  stm32f1xx_ll_fsmc.o
    0x080009c8   0x080009c8   0x00000042   Code   RO         2913    i.FSMC_NORSRAM_Timing_Init  stm32f1xx_ll_fsmc.o
    0x08000a0a   0x08000a0a   0x0000002a   Code   RO         3378    i.HAL_CAN_ActivateNotification  stm32f1xx_hal_can.o
    0x08000a34   0x08000a34   0x00000156   Code   RO         3379    i.HAL_CAN_AddTxMessage  stm32f1xx_hal_can.o
    0x08000b8a   0x08000b8a   0x0000010a   Code   RO         3380    i.HAL_CAN_ConfigFilter  stm32f1xx_hal_can.o
    0x08000c94   0x08000c94   0x00000028   Code   RO         3385    i.HAL_CAN_GetRxFifoFillLevel  stm32f1xx_hal_can.o
    0x08000cbc   0x08000cbc   0x0000017a   Code   RO         3386    i.HAL_CAN_GetRxMessage  stm32f1xx_hal_can.o
    0x08000e36   0x08000e36   0x00000036   Code   RO         3388    i.HAL_CAN_GetTxMailboxesFreeLevel  stm32f1xx_hal_can.o
    0x08000e6c   0x08000e6c   0x00000174   Code   RO         3391    i.HAL_CAN_Init      stm32f1xx_hal_can.o
    0x08000fe0   0x08000fe0   0x00000074   Code   RO         4040    i.HAL_CAN_MspInit   can.o
    0x08001054   0x08001054   0x0000005e   Code   RO         3403    i.HAL_CAN_Start     stm32f1xx_hal_can.o
    0x080010b2   0x080010b2   0x00000002   PAD
    0x080010b4   0x080010b4   0x000001a8   Code   RO          769    i.HAL_DMA_Abort_IT  stm32f1xx_hal_dma.o
    0x0800125c   0x0800125c   0x00000340   Code   RO          865    i.HAL_GPIO_Init     stm32f1xx_hal_gpio.o
    0x0800159c   0x0800159c   0x00000010   Code   RO          867    i.HAL_GPIO_ReadPin  stm32f1xx_hal_gpio.o
    0x080015ac   0x080015ac   0x0000000c   Code   RO          869    i.HAL_GPIO_WritePin  stm32f1xx_hal_gpio.o
    0x080015b8   0x080015b8   0x0000000c   Code   RO          482    i.HAL_GetTick       stm32f1xx_hal.o
    0x080015c4   0x080015c4   0x00000018   Code   RO          488    i.HAL_IncTick       stm32f1xx_hal.o
    0x080015dc   0x080015dc   0x00000028   Code   RO          489    i.HAL_Init          stm32f1xx_hal.o
    0x08001604   0x08001604   0x0000004c   Code   RO          490    i.HAL_InitTick      stm32f1xx_hal.o
    0x08001650   0x08001650   0x00000002   Code   RO          238    i.HAL_MspInit       stm32f1xx_hal_msp.o
    0x08001652   0x08001652   0x00000020   Code   RO          647    i.HAL_NVIC_EnableIRQ  stm32f1xx_hal_cortex.o
    0x08001672   0x08001672   0x0000007c   Code   RO          653    i.HAL_NVIC_SetPriority  stm32f1xx_hal_cortex.o
    0x080016ee   0x080016ee   0x00000002   PAD
    0x080016f0   0x080016f0   0x00000028   Code   RO          654    i.HAL_NVIC_SetPriorityGrouping  stm32f1xx_hal_cortex.o
    0x08001718   0x08001718   0x0000018c   Code   RO         1090    i.HAL_RCC_ClockConfig  stm32f1xx_hal_rcc.o
    0x080018a4   0x080018a4   0x0000000c   Code   RO         1095    i.HAL_RCC_GetHCLKFreq  stm32f1xx_hal_rcc.o
    0x080018b0   0x080018b0   0x00000020   Code   RO         1097    i.HAL_RCC_GetPCLK1Freq  stm32f1xx_hal_rcc.o
    0x080018d0   0x080018d0   0x00000020   Code   RO         1098    i.HAL_RCC_GetPCLK2Freq  stm32f1xx_hal_rcc.o
    0x080018f0   0x080018f0   0x00000094   Code   RO         1099    i.HAL_RCC_GetSysClockFreq  stm32f1xx_hal_rcc.o
    0x08001984   0x08001984   0x00000464   Code   RO         1102    i.HAL_RCC_OscConfig  stm32f1xx_hal_rcc.o
    0x08001de8   0x08001de8   0x0000005e   Code   RO         2772    i.HAL_SRAM_Init     stm32f1xx_hal_sram.o
    0x08001e46   0x08001e46   0x00000002   PAD
    0x08001e48   0x08001e48   0x000000bc   Code   RO         3784    i.HAL_SRAM_MspInit  lcd.o
    0x08001f04   0x08001f04   0x00000028   Code   RO          656    i.HAL_SYSTICK_CLKSourceConfig  stm32f1xx_hal_cortex.o
    0x08001f2c   0x08001f2c   0x00000034   Code   RO          658    i.HAL_SYSTICK_Config  stm32f1xx_hal_cortex.o
    0x08001f60   0x08001f60   0x00000034   Code   RO         1234    i.HAL_TIM_Base_Init  stm32f1xx_hal_tim.o
    0x08001f94   0x08001f94   0x00000002   Code   RO         1236    i.HAL_TIM_Base_MspInit  stm32f1xx_hal_tim.o
    0x08001f96   0x08001f96   0x0000002a   Code   RO         1239    i.HAL_TIM_Base_Start_IT  stm32f1xx_hal_tim.o
    0x08001fc0   0x08001fc0   0x00000002   Code   RO         2192    i.HAL_UART_ErrorCallback  stm32f1xx_hal_uart.o
    0x08001fc2   0x08001fc2   0x00000014   Code   RO         2194    i.HAL_UART_GetState  stm32f1xx_hal_uart.o
    0x08001fd6   0x08001fd6   0x00000002   PAD
    0x08001fd8   0x08001fd8   0x0000014c   Code   RO         2195    i.HAL_UART_IRQHandler  stm32f1xx_hal_uart.o
    0x08002124   0x08002124   0x00000072   Code   RO         2196    i.HAL_UART_Init     stm32f1xx_hal_uart.o
    0x08002196   0x08002196   0x00000002   PAD
    0x08002198   0x08002198   0x000000a8   Code   RO         3695    i.HAL_UART_MspInit  usart.o
    0x08002240   0x08002240   0x00000070   Code   RO         2201    i.HAL_UART_Receive_IT  stm32f1xx_hal_uart.o
    0x080022b0   0x080022b0   0x00000088   Code   RO         3696    i.HAL_UART_RxCpltCallback  usart.o
    0x08002338   0x08002338   0x00000002   Code   RO         2207    i.HAL_UART_TxCpltCallback  stm32f1xx_hal_uart.o
    0x0800233a   0x0800233a   0x00000004   Code   RO          272    i.HardFault_Handler  stm32f1xx_it.o
    0x0800233e   0x0800233e   0x00000002   PAD
    0x08002340   0x08002340   0x0000007c   Code   RO         4005    i.KEY_Init          key.o
    0x080023bc   0x080023bc   0x000000a4   Code   RO         4006    i.KEY_Scan          key.o
    0x08002460   0x08002460   0x00000034   Code   RO         3786    i.LCD_Clear         lcd.o
    0x08002494   0x08002494   0x00000130   Code   RO         3790    i.LCD_Display_Dir   lcd.o
    0x080025c4   0x080025c4   0x000000f0   Code   RO         3795    i.LCD_Fast_DrawPoint  lcd.o
    0x080026b4   0x080026b4   0x00000054   Code   RO         3796    i.LCD_Fill          lcd.o
    0x08002708   0x08002708   0x0000262c   Code   RO         3797    i.LCD_Init          lcd.o
    0x08004d34   0x08004d34   0x00000016   Code   RO         3798    i.LCD_Pow           lcd.o
    0x08004d4a   0x08004d4a   0x00000002   PAD
    0x08004d4c   0x08004d4c   0x00000014   Code   RO         3799    i.LCD_RD_DATA       lcd.o
    0x08004d60   0x08004d60   0x00000054   Code   RO         3802    i.LCD_SSD_BackLightSet  lcd.o
    0x08004db4   0x08004db4   0x00000234   Code   RO         3803    i.LCD_Scan_Dir      lcd.o
    0x08004fe8   0x08004fe8   0x00000120   Code   RO         3804    i.LCD_SetCursor     lcd.o
    0x08005108   0x08005108   0x0000012c   Code   RO         3806    i.LCD_ShowChar      lcd.o
    0x08005234   0x08005234   0x00000066   Code   RO         3808    i.LCD_ShowString    lcd.o
    0x0800529a   0x0800529a   0x000000be   Code   RO         3809    i.LCD_ShowxNum      lcd.o
    0x08005358   0x08005358   0x00000018   Code   RO         3810    i.LCD_WR_DATA       lcd.o
    0x08005370   0x08005370   0x00000018   Code   RO         3811    i.LCD_WR_REG        lcd.o
    0x08005388   0x08005388   0x00000014   Code   RO         3813    i.LCD_WriteRAM_Prepare  lcd.o
    0x0800539c   0x0800539c   0x00000010   Code   RO         3814    i.LCD_WriteReg      lcd.o
    0x080053ac   0x080053ac   0x00000080   Code   RO         3760    i.LED_Init          led.o
    0x0800542c   0x0800542c   0x00000004   Code   RO          273    i.MemManage_Handler  stm32f1xx_it.o
    0x08005430   0x08005430   0x00000002   Code   RO          274    i.NMI_Handler       stm32f1xx_it.o
    0x08005432   0x08005432   0x00000002   Code   RO          275    i.PendSV_Handler    stm32f1xx_it.o
    0x08005434   0x08005434   0x00000028   Code   RO         1103    i.RCC_Delay         stm32f1xx_hal_rcc.o
    0x0800545c   0x0800545c   0x00000002   Code   RO          276    i.SVC_Handler       stm32f1xx_it.o
    0x0800545e   0x0800545e   0x00000056   Code   RO         3652    i.Stm32_Clock_Init  sys.o
    0x080054b4   0x080054b4   0x00000008   Code   RO          277    i.SysTick_Handler   stm32f1xx_it.o
    0x080054bc   0x080054bc   0x00000058   Code   RO          346    i.SystemInit        system_stm32f1xx.o
    0x08005514   0x08005514   0x00000044   Code   RO         4087    i.TIM4_IRQHandler   usmart.o
    0x08005558   0x08005558   0x0000009c   Code   RO         1322    i.TIM_Base_SetConfig  stm32f1xx_hal_tim.o
    0x080055f4   0x080055f4   0x0000005c   Code   RO         4088    i.Timer4_Init       usmart.o
    0x08005650   0x08005650   0x00000014   Code   RO         2209    i.UART_DMAAbortOnError  stm32f1xx_hal_uart.o
    0x08005664   0x08005664   0x00000020   Code   RO         2219    i.UART_EndRxTransfer  stm32f1xx_hal_uart.o
    0x08005684   0x08005684   0x00000020   Code   RO         2220    i.UART_EndTransmit_IT  stm32f1xx_hal_uart.o
    0x080056a4   0x080056a4   0x000000a6   Code   RO         2222    i.UART_Receive_IT   stm32f1xx_hal_uart.o
    0x0800574a   0x0800574a   0x00000002   PAD
    0x0800574c   0x0800574c   0x000001a0   Code   RO         2223    i.UART_SetConfig    stm32f1xx_hal_uart.o
    0x080058ec   0x080058ec   0x00000068   Code   RO         2224    i.UART_Transmit_IT  stm32f1xx_hal_uart.o
    0x08005954   0x08005954   0x00000040   Code   RO         3697    i.USART1_IRQHandler  usart.o
    0x08005994   0x08005994   0x00000004   Code   RO          278    i.UsageFault_Handler  stm32f1xx_it.o
    0x08005998   0x08005998   0x00000010   Code   RO          660    i.__NVIC_GetPriorityGrouping  stm32f1xx_hal_cortex.o
    0x080059a8   0x080059a8   0x00000028   Code   RO          661    i.__NVIC_SetPriority  stm32f1xx_hal_cortex.o
    0x080059d0   0x080059d0   0x0000000e   Code   RO         4329    i._is_digit         c_w.l(__printf_wp.o)
    0x080059de   0x080059de   0x00000004   Code   RO         3698    i._sys_exit         usart.o
    0x080059e2   0x080059e2   0x00000002   PAD
    0x080059e4   0x080059e4   0x00000014   Code   RO         3611    i.delay_init        delay.o
    0x080059f8   0x080059f8   0x00000018   Code   RO         3612    i.delay_ms          delay.o
    0x08005a10   0x08005a10   0x00000048   Code   RO         3613    i.delay_us          delay.o
    0x08005a58   0x08005a58   0x0000001c   Code   RO         3699    i.fputc             usart.o
    0x08005a74   0x08005a74   0x000002fc   Code   RO            4    i.main              main.o
    0x08005d70   0x08005d70   0x00000006   Code   RO         4089    i.read_addr         usmart.o
    0x08005d76   0x08005d76   0x00000002   PAD
    0x08005d78   0x08005d78   0x00000038   Code   RO         3700    i.uart_init         usart.o
    0x08005db0   0x08005db0   0x000000b0   Code   RO         4090    i.usmart_cmd_rec    usmart.o
    0x08005e60   0x08005e60   0x000002d4   Code   RO         4091    i.usmart_exe        usmart.o
    0x08006134   0x08006134   0x000000d4   Code   RO         4201    i.usmart_get_aparm  usmart_str.o
    0x08006208   0x08006208   0x00000036   Code   RO         4202    i.usmart_get_cmdname  usmart_str.o
    0x0800623e   0x0800623e   0x00000002   PAD
    0x08006240   0x08006240   0x000001c0   Code   RO         4203    i.usmart_get_fname  usmart_str.o
    0x08006400   0x08006400   0x0000010c   Code   RO         4204    i.usmart_get_fparam  usmart_str.o
    0x0800650c   0x0800650c   0x00000020   Code   RO         4205    i.usmart_get_parmpos  usmart_str.o
    0x0800652c   0x0800652c   0x00000044   Code   RO         4092    i.usmart_get_runtime  usmart.o
    0x08006570   0x08006570   0x00000028   Code   RO         4093    i.usmart_init       usmart.o
    0x08006598   0x08006598   0x00000016   Code   RO         4206    i.usmart_pow        usmart_str.o
    0x080065ae   0x080065ae   0x00000002   PAD
    0x080065b0   0x080065b0   0x00000034   Code   RO         4094    i.usmart_reset_runtime  usmart.o
    0x080065e4   0x080065e4   0x000000bc   Code   RO         4095    i.usmart_scan       usmart.o
    0x080066a0   0x080066a0   0x00000016   Code   RO         4207    i.usmart_search_nextc  usmart_str.o
    0x080066b6   0x080066b6   0x00000106   Code   RO         4208    i.usmart_str2num    usmart_str.o
    0x080067bc   0x080067bc   0x00000022   Code   RO         4209    i.usmart_strcmp     usmart_str.o
    0x080067de   0x080067de   0x00000016   Code   RO         4210    i.usmart_strcopy    usmart_str.o
    0x080067f4   0x080067f4   0x00000018   Code   RO         4211    i.usmart_strlen     usmart_str.o
    0x0800680c   0x0800680c   0x000006f4   Code   RO         4096    i.usmart_sys_cmd_exe  usmart.o
    0x08006f00   0x08006f00   0x00000004   Code   RO         4097    i.write_addr        usmart.o
    0x08006f04   0x08006f04   0x0000005a   Code   RO         4351    x$fpl$dfixu         fz_ws.l(dfixu.o)
    0x08006f5e   0x08006f5e   0x00000026   Code   RO         4355    x$fpl$dfltu         fz_ws.l(dflt_clz.o)
    0x08006f84   0x08006f84   0x00000154   Code   RO         4361    x$fpl$dmul          fz_ws.l(dmul.o)
    0x080070d8   0x080070d8   0x0000009c   Code   RO         4373    x$fpl$dnaninf       fz_ws.l(dnaninf.o)
    0x08007174   0x08007174   0x0000000c   Code   RO         4375    x$fpl$dretinf       fz_ws.l(dretinf.o)
    0x08007180   0x08007180   0x00000000   Code   RO         4377    x$fpl$usenofp       fz_ws.l(usenofp.o)
    0x08007180   0x08007180   0x00000008   Data   RO            5    .constdata          main.o
    0x08007188   0x08007188   0x00000018   Data   RO          347    .constdata          system_stm32f1xx.o
    0x080071a0   0x080071a0   0x00004740   Data   RO         3817    .constdata          lcd.o
    0x0800b8e0   0x0800b8e0   0x00000028   Data   RO         4302    .constdata          c_w.l(_printf_hex_int.o)
    0x0800b908   0x0800b908   0x00000011   Data   RO         4337    .constdata          c_w.l(__printf_flags_ss_wp.o)
    0x0800b919   0x0800b919   0x00000003   PAD
    0x0800b91c   0x0800b91c   0x00000028   Data   RO         4099    .conststring        usmart.o
    0x0800b944   0x0800b944   0x0000006b   Data   RO         4176    .conststring        usmart_config.o
    0x0800b9af   0x0800b9af   0x00000001   PAD
    0x0800b9b0   0x0800b9b0   0x00000020   Data   RO         4534    Region$$Table       anon$$obj.o


    Execution Region RW_IRAM1 (Exec base: 0x20000000, Load base: 0x0800b9d0, Size: 0x000009b8, Max: 0x00010000, ABSOLUTE, COMPRESSED[0x00000058])

    Exec Addr    Load Addr    Size         Type   Attr      Idx    E Section Name        Object

    0x20000000   COMPRESSED   0x00000004   Data   RW          348    .data               system_stm32f1xx.o
    0x20000004   COMPRESSED   0x00000009   Data   RW          496    .data               stm32f1xx_hal.o
    0x2000000d   COMPRESSED   0x00000003   PAD
    0x20000010   COMPRESSED   0x00000004   Data   RW         3614    .data               delay.o
    0x20000014   COMPRESSED   0x00000007   Data   RW         3702    .data               usart.o
    0x2000001b   COMPRESSED   0x00000001   PAD
    0x2000001c   COMPRESSED   0x00000008   Data   RW         3818    .data               lcd.o
    0x20000024   COMPRESSED   0x00000001   Data   RW         4007    .data               key.o
    0x20000025   COMPRESSED   0x00000003   PAD
    0x20000028   COMPRESSED   0x0000001c   Data   RW         4100    .data               usmart.o
    0x20000044   COMPRESSED   0x00000114   Data   RW         4177    .data               usmart_config.o
    0x20000158        -       0x00000108   Zero   RW         3701    .bss                usart.o
    0x20000260        -       0x00000056   Zero   RW         3816    .bss                lcd.o
    0x200002b6   COMPRESSED   0x00000002   PAD
    0x200002b8        -       0x0000005c   Zero   RW         4041    .bss                can.o
    0x20000314        -       0x00000040   Zero   RW         4098    .bss                usmart.o
    0x20000354        -       0x00000060   Zero   RW         4412    .bss                c_w.l(libspace.o)
    0x200003b4   COMPRESSED   0x00000004   PAD
    0x200003b8        -       0x00000200   Zero   RW          462    HEAP                startup_stm32f103xe.o
    0x200005b8        -       0x00000400   Zero   RW          461    STACK               startup_stm32f103xe.o


==============================================================================

Image component sizes


      Code (inc. data)   RO Data    RW Data    ZI Data      Debug   Object Name

       500         56          0          0         92       4252   can.o
       116          8          0          4          0       1903   delay.o
       288         28          0          1          0       1610   key.o
     12294        188      18240          8         86      20218   lcd.o
       128         12          0          0          0        907   led.o
       764        156          8          0          0     505623   main.o
        64         26        304          0       1536        808   startup_stm32f103xe.o
       152         32          0          9          0       5969   stm32f1xx_hal.o
      1588          0          0          0          0       7170   stm32f1xx_hal_can.o
       344         22          0          0          0      29945   stm32f1xx_hal_cortex.o
       424         10          0          0          0       1251   stm32f1xx_hal_dma.o
       860         40          0          0          0       3383   stm32f1xx_hal_gpio.o
         2          0          0          0          0        422   stm32f1xx_hal_msp.o
      1784        110          0          0          0       6112   stm32f1xx_hal_rcc.o
        94          0          0          0          0       1216   stm32f1xx_hal_sram.o
       252         22          0          0          0       3048   stm32f1xx_hal_tim.o
      1352         10          0          0          0       8435   stm32f1xx_hal_uart.o
        32          0          0          0          0       3834   stm32f1xx_it.o
       246         12          0          0          0       3827   stm32f1xx_ll_fsmc.o
        86          0          0          0          0        707   sys.o
        88         18         24          4          0       1119   system_stm32f1xx.o
       456         52          0          7        264       5357   usart.o
      3198       1354         40         28         64       7679   usmart.o
         0          0        107        276          0       1576   usmart_config.o
      1400         20          0          0          0       8761   usmart_str.o

    ----------------------------------------------------------------------
     26538       2176      18756        344       2044     635132   Object Totals
         0          0         32          0          0          0   (incl. Generated)
        26          0          1          7          2          0   (incl. Padding)

    ----------------------------------------------------------------------

      Code (inc. data)   RO Data    RW Data    ZI Data      Debug   Library Member Name

        90          0          0          0          0          0   __dczerorl2.o
         8          0          0          0          0         68   __main.o
       392          4         17          0          0         92   __printf_flags_ss_wp.o
        14          0          0          0          0         68   __printf_wp.o
         0          0          0          0          0          0   __rtentry.o
        12          0          0          0          0          0   __rtentry2.o
         6          0          0          0          0          0   __rtentry4.o
        52          8          0          0          0          0   __scatter.o
        28          0          0          0          0          0   __scatter_zi.o
         6          0          0          0          0          0   _printf_c.o
        44          0          0          0          0        108   _printf_char.o
        48          6          0          0          0         96   _printf_char_common.o
        36          4          0          0          0         80   _printf_char_file.o
         6          0          0          0          0          0   _printf_d.o
       120         16          0          0          0         92   _printf_dec.o
        88          4         40          0          0         88   _printf_hex_int.o
       178          0          0          0          0         88   _printf_intcommon.o
        78          0          0          0          0        108   _printf_pad.o
         0          0          0          0          0          0   _printf_percent.o
         4          0          0          0          0          0   _printf_percent_end.o
         6          0          0          0          0          0   _printf_s.o
        82          0          0          0          0         80   _printf_str.o
         6          0          0          0          0          0   _printf_u.o
         6          0          0          0          0          0   _printf_x.o
        18          0          0          0          0         80   exit.o
         8          0          0          0          0         68   ferror.o
         6          0          0          0          0        152   heapauxi.o
         2          0          0          0          0          0   libinit.o
         2          0          0          0          0          0   libinit2.o
         2          0          0          0          0          0   libshutdown.o
         2          0          0          0          0          0   libshutdown2.o
         8          4          0          0         96         68   libspace.o
        24          4          0          0          0         84   noretval__2printf.o
       100          0          0          0          0         80   rt_memcpy_w.o
         2          0          0          0          0          0   rtexit.o
        10          0          0          0          0          0   rtexit2.o
        74          0          0          0          0         80   sys_stackheap_outer.o
         2          0          0          0          0         68   use_no_semi.o
         2          0          0          0          0         68   use_no_semi_2.o
        90          4          0          0          0         92   dfixu.o
        38          0          0          0          0         68   dflt_clz.o
       340         12          0          0          0        104   dmul.o
       156          4          0          0          0         92   dnaninf.o
        12          0          0          0          0         68   dretinf.o
         0          0          0          0          0          0   usenofp.o

    ----------------------------------------------------------------------
      2214         70         60          0        100       2140   Library Totals
         6          0          3          0          4          0   (incl. Padding)

    ----------------------------------------------------------------------

      Code (inc. data)   RO Data    RW Data    ZI Data      Debug   Library Name

      1572         50         57          0         96       1716   c_w.l
       636         20          0          0          0        424   fz_ws.l

    ----------------------------------------------------------------------
      2214         70         60          0        100       2140   Library Totals

    ----------------------------------------------------------------------

==============================================================================


      Code (inc. data)   RO Data    RW Data    ZI Data      Debug   

     28752       2246      18816        344       2144     630300   Grand Totals
     28752       2246      18816         88       2144     630300   ELF Image Totals (compressed)
     28752       2246      18816         88          0          0   ROM Totals

==============================================================================

    Total RO  Size (Code + RO Data)                47568 (  46.45kB)
    Total RW  Size (RW Data + ZI Data)              2488 (   2.43kB)
    Total ROM Size (Code + RO Data + RW Data)      47656 (  46.54kB)

==============================================================================

