Component: ARM Compiler 5.06 update 5 (build 528) Tool: armlink [4d35e2]

==============================================================================

Section Cross References

    startup_stm32f10x_md.o(STACK) refers (Special) to heapauxi.o(.text) for __use_two_region_memory
    startup_stm32f10x_md.o(HEAP) refers (Special) to heapauxi.o(.text) for __use_two_region_memory
    startup_stm32f10x_md.o(RESET) refers (Special) to heapauxi.o(.text) for __use_two_region_memory
    startup_stm32f10x_md.o(RESET) refers to startup_stm32f10x_md.o(STACK) for __initial_sp
    startup_stm32f10x_md.o(RESET) refers to startup_stm32f10x_md.o(.text) for Reset_Handler
    startup_stm32f10x_md.o(RESET) refers to stm32f10x_it.o(i.NMI_Handler) for NMI_Handler
    startup_stm32f10x_md.o(RESET) refers to stm32f10x_it.o(i.HardFault_Handler) for HardFault_Handler
    startup_stm32f10x_md.o(RESET) refers to stm32f10x_it.o(i.MemManage_Handler) for MemManage_Handler
    startup_stm32f10x_md.o(RESET) refers to stm32f10x_it.o(i.BusFault_Handler) for BusFault_Handler
    startup_stm32f10x_md.o(RESET) refers to stm32f10x_it.o(i.UsageFault_Handler) for UsageFault_Handler
    startup_stm32f10x_md.o(RESET) refers to port.o(.emb_text) for SVC_Handler
    startup_stm32f10x_md.o(RESET) refers to stm32f10x_it.o(i.DebugMon_Handler) for DebugMon_Handler
    startup_stm32f10x_md.o(RESET) refers to port.o(i.SysTick_Handler) for SysTick_Handler
    startup_stm32f10x_md.o(.text) refers (Special) to heapauxi.o(.text) for __use_two_region_memory
    startup_stm32f10x_md.o(.text) refers to system_stm32f10x.o(i.SystemInit) for SystemInit
    startup_stm32f10x_md.o(.text) refers to __main.o(!!!main) for __main
    startup_stm32f10x_md.o(.text) refers to startup_stm32f10x_md.o(HEAP) for Heap_Mem
    startup_stm32f10x_md.o(.text) refers to startup_stm32f10x_md.o(STACK) for Stack_Mem
    system_stm32f10x.o(i.SetSysClock) refers to system_stm32f10x.o(i.SetSysClockTo72) for SetSysClockTo72
    system_stm32f10x.o(i.SystemCoreClockUpdate) refers to system_stm32f10x.o(.data) for SystemCoreClock
    system_stm32f10x.o(i.SystemInit) refers to system_stm32f10x.o(i.SetSysClock) for SetSysClock
    stm32f10x_adc.o(i.ADC_DeInit) refers to stm32f10x_rcc.o(i.RCC_APB2PeriphResetCmd) for RCC_APB2PeriphResetCmd
    stm32f10x_bkp.o(i.BKP_DeInit) refers to stm32f10x_rcc.o(i.RCC_BackupResetCmd) for RCC_BackupResetCmd
    stm32f10x_can.o(i.CAN_DeInit) refers to stm32f10x_rcc.o(i.RCC_APB1PeriphResetCmd) for RCC_APB1PeriphResetCmd
    stm32f10x_can.o(i.CAN_GetITStatus) refers to stm32f10x_can.o(i.CheckITStatus) for CheckITStatus
    stm32f10x_cec.o(i.CEC_DeInit) refers to stm32f10x_rcc.o(i.RCC_APB1PeriphResetCmd) for RCC_APB1PeriphResetCmd
    stm32f10x_dac.o(i.DAC_DeInit) refers to stm32f10x_rcc.o(i.RCC_APB1PeriphResetCmd) for RCC_APB1PeriphResetCmd
    stm32f10x_flash.o(i.FLASH_EnableWriteProtection) refers to stm32f10x_flash.o(i.FLASH_WaitForLastOperation) for FLASH_WaitForLastOperation
    stm32f10x_flash.o(i.FLASH_EraseAllBank1Pages) refers to stm32f10x_flash.o(i.FLASH_WaitForLastBank1Operation) for FLASH_WaitForLastBank1Operation
    stm32f10x_flash.o(i.FLASH_EraseAllPages) refers to stm32f10x_flash.o(i.FLASH_WaitForLastOperation) for FLASH_WaitForLastOperation
    stm32f10x_flash.o(i.FLASH_EraseOptionBytes) refers to stm32f10x_flash.o(i.FLASH_GetReadOutProtectionStatus) for FLASH_GetReadOutProtectionStatus
    stm32f10x_flash.o(i.FLASH_EraseOptionBytes) refers to stm32f10x_flash.o(i.FLASH_WaitForLastOperation) for FLASH_WaitForLastOperation
    stm32f10x_flash.o(i.FLASH_ErasePage) refers to stm32f10x_flash.o(i.FLASH_WaitForLastOperation) for FLASH_WaitForLastOperation
    stm32f10x_flash.o(i.FLASH_ProgramHalfWord) refers to stm32f10x_flash.o(i.FLASH_WaitForLastOperation) for FLASH_WaitForLastOperation
    stm32f10x_flash.o(i.FLASH_ProgramOptionByteData) refers to stm32f10x_flash.o(i.FLASH_WaitForLastOperation) for FLASH_WaitForLastOperation
    stm32f10x_flash.o(i.FLASH_ProgramWord) refers to stm32f10x_flash.o(i.FLASH_WaitForLastOperation) for FLASH_WaitForLastOperation
    stm32f10x_flash.o(i.FLASH_ReadOutProtection) refers to stm32f10x_flash.o(i.FLASH_WaitForLastOperation) for FLASH_WaitForLastOperation
    stm32f10x_flash.o(i.FLASH_UserOptionByteConfig) refers to stm32f10x_flash.o(i.FLASH_WaitForLastOperation) for FLASH_WaitForLastOperation
    stm32f10x_flash.o(i.FLASH_WaitForLastBank1Operation) refers to stm32f10x_flash.o(i.FLASH_GetBank1Status) for FLASH_GetBank1Status
    stm32f10x_flash.o(i.FLASH_WaitForLastOperation) refers to stm32f10x_flash.o(i.FLASH_GetBank1Status) for FLASH_GetBank1Status
    stm32f10x_gpio.o(i.GPIO_AFIODeInit) refers to stm32f10x_rcc.o(i.RCC_APB2PeriphResetCmd) for RCC_APB2PeriphResetCmd
    stm32f10x_gpio.o(i.GPIO_DeInit) refers to stm32f10x_rcc.o(i.RCC_APB2PeriphResetCmd) for RCC_APB2PeriphResetCmd
    stm32f10x_i2c.o(i.I2C_DeInit) refers to stm32f10x_rcc.o(i.RCC_APB1PeriphResetCmd) for RCC_APB1PeriphResetCmd
[...]
    Removing tasks.o(i.vTaskPlaceOnEventList), (84 bytes).
    Removing tasks.o(i.vTaskPlaceOnEventListRestricted), (124 bytes).
    Removing tasks.o(i.vTaskPlaceOnUnorderedEventList), (160 bytes).
    Removing tasks.o(i.vTaskPriorityDisinheritAfterTimeout), (296 bytes).
    Removing tasks.o(i.vTaskPrioritySet), (356 bytes).
    Removing tasks.o(i.vTaskRemoveFromUnorderedEventList), (288 bytes).
    Removing tasks.o(i.vTaskResume), (224 bytes).
    Removing tasks.o(i.vTaskSetTaskNumber), (8 bytes).
    Removing tasks.o(i.vTaskSetTimeOutState), (84 bytes).
    Removing tasks.o(i.vTaskStartScheduler), (180 bytes).
    Removing tasks.o(i.vTaskSuspend), (284 bytes).
    Removing tasks.o(i.vTaskSuspendAll), (16 bytes).
    Removing tasks.o(i.xTaskAbortDelay), (236 bytes).
    Removing tasks.o(i.xTaskCatchUpTicks), (108 bytes).
    Removing tasks.o(i.xTaskCheckForTimeOut), (188 bytes).
    Removing tasks.o(i.xTaskCreate), (104 bytes).
    Removing tasks.o(i.xTaskDelayUntil), (220 bytes).
    Removing tasks.o(i.xTaskGenericNotify), (460 bytes).
    Removing tasks.o(i.xTaskGenericNotifyFromISR), (544 bytes).
    Removing tasks.o(i.xTaskGenericNotifyStateClear), (120 bytes).
    Removing tasks.o(i.xTaskGenericNotifyWait), (232 bytes).
    Removing tasks.o(i.xTaskGetCurrentTaskHandle), (12 bytes).
    Removing tasks.o(i.xTaskGetHandle), (188 bytes).
    Removing tasks.o(i.xTaskGetIdleTaskHandle), (76 bytes).
    Removing tasks.o(i.xTaskGetSchedulerState), (32 bytes).
    Removing tasks.o(i.xTaskGetTickCount), (12 bytes).
    Removing tasks.o(i.xTaskGetTickCountFromISR), (20 bytes).
    Removing tasks.o(i.xTaskPriorityDisinherit), (256 bytes).
    Removing tasks.o(i.xTaskPriorityInherit), (236 bytes).
    Removing tasks.o(i.xTaskRemoveFromEventList), (316 bytes).
    Removing tasks.o(i.xTaskResumeAll), (400 bytes).
    Removing tasks.o(i.xTaskResumeFromISR), (268 bytes).
    Removing timers.o(i.pcTimerGetName), (60 bytes).
    Removing timers.o(i.prvCheckForValidListAndQueue), (100 bytes).
    Removing timers.o(i.prvGetNextExpireTime), (40 bytes).
    Removing timers.o(i.prvInitialiseNewTimer), (116 bytes).
    Removing timers.o(i.prvInsertTimerInActiveList), (88 bytes).
    Removing timers.o(i.prvProcessExpiredTimer), (68 bytes).
    Removing timers.o(i.prvProcessReceivedCommands), (348 bytes).
    Removing timers.o(i.prvProcessTimerOrBlockTask), (116 bytes).
    Removing timers.o(i.prvReloadTimer), (40 bytes).
    Removing timers.o(i.prvSampleTimeNow), (44 bytes).
    Removing timers.o(i.prvSwitchTimerLists), (68 bytes).
    Removing timers.o(i.prvTimerTask), (26 bytes).
    Removing timers.o(i.pvTimerGetTimerID), (72 bytes).
    Removing timers.o(i.uxTimerGetReloadMode), (12 bytes).
    Removing timers.o(i.uxTimerGetTimerNumber), (6 bytes).
    Removing timers.o(i.vTimerSetReloadMode), (96 bytes).
    Removing timers.o(i.vTimerSetTimerID), (72 bytes).
    Removing timers.o(i.vTimerSetTimerNumber), (4 bytes).
    Removing timers.o(i.xTimerCreate), (54 bytes).
    Removing timers.o(i.xTimerCreateTimerTask), (112 bytes).
    Removing timers.o(i.xTimerGenericCommand), (160 bytes).
    Removing timers.o(i.xTimerGetExpiryTime), (64 bytes).
    Removing timers.o(i.xTimerGetPeriod), (60 bytes).
    Removing timers.o(i.xTimerGetReloadMode), (84 bytes).
    Removing timers.o(i.xTimerGetTimerDaemonTaskHandle), (76 bytes).
    Removing timers.o(i.xTimerIsTimerActive), (84 bytes).
    Removing timers.o(i.xTimerPendFunctionCall), (108 bytes).
    Removing timers.o(i.xTimerPendFunctionCallFromISR), (52 bytes).
    Removing timers.o(.bss), (40 bytes).
    Removing timers.o(.data), (20 bytes).
    Removing heap_4.o(i.prvHeapInit), (112 bytes).
    Removing heap_4.o(i.prvInsertBlockIntoFreeList), (104 bytes).
    Removing heap_4.o(i.pvPortCalloc), (54 bytes).
    Removing heap_4.o(i.pvPortMalloc), (332 bytes).
    Removing heap_4.o(i.vPortFree), (172 bytes).
    Removing heap_4.o(i.vPortGetHeapStats), (128 bytes).
    Removing heap_4.o(i.vPortInitialiseBlocks), (2 bytes).
    Removing heap_4.o(i.xPortGetFreeHeapSize), (12 bytes).
    Removing heap_4.o(i.xPortGetMinimumEverFreeHeapSize), (12 bytes).
    Removing heap_4.o(.bss), (10240 bytes).
    Removing heap_4.o(.data), (28 bytes).
    Removing port.o(i.prvTaskExitError), (108 bytes).
    Removing port.o(i.pxPortInitialiseStack), (36 bytes).
    Removing port.o(i.vPortEndScheduler), (96 bytes).
    Removing port.o(i.vPortEnterCritical), (132 bytes).
    Removing port.o(i.vPortExitCritical), (108 bytes).
    Removing port.o(i.vPortSetupTimerInterrupt), (40 bytes).
    Removing port.o(i.vPortValidateInterruptPriority), (156 bytes).
    Removing port.o(i.xPortStartScheduler), (284 bytes).
    Removing port.o(.data), (12 bytes).

675 unused section(s) (total 52844 bytes) removed from the image.

==============================================================================

Image Symbol Table

    Local Symbols

    Symbol Name                              Value     Ov Type        Size  Object(Section)

    ../clib/angel/boardlib.s                 0x00000000   Number         0  boardshut.o ABSOLUTE
    ../clib/angel/boardlib.s                 0x00000000   Number         0  boardinit2.o ABSOLUTE
    ../clib/angel/boardlib.s                 0x00000000   Number         0  boardinit1.o ABSOLUTE
    ../clib/angel/boardlib.s                 0x00000000   Number         0  boardinit3.o ABSOLUTE
    ../clib/angel/handlers.s                 0x00000000   Number         0  __scatter_copy.o ABSOLUTE
    ../clib/angel/handlers.s                 0x00000000   Number         0  __scatter_zi.o ABSOLUTE
    ../clib/angel/kernel.s                   0x00000000   Number         0  __rtentry4.o ABSOLUTE
    ../clib/angel/kernel.s                   0x00000000   Number         0  rtexit2.o ABSOLUTE
    ../clib/angel/kernel.s                   0x00000000   Number         0  __rtentry.o ABSOLUTE
    ../clib/angel/kernel.s                   0x00000000   Number         0  rtexit.o ABSOLUTE
    ../clib/angel/kernel.s                   0x00000000   Number         0  __rtentry2.o ABSOLUTE
    ../clib/angel/rt.s                       0x00000000   Number         0  rt_raise.o ABSOLUTE
    ../clib/angel/rt.s                       0x00000000   Number         0  rt_heap_descriptor.o ABSOLUTE
    ../clib/angel/rt.s                       0x00000000   Number         0  rt_errno_addr_intlibspace.o ABSOLUTE
    ../clib/angel/rt.s                       0x00000000   Number         0  rt_errno_addr.o ABSOLUTE
    ../clib/angel/rt.s                       0x00000000   Number         0  rt_heap_descriptor_intlibspace.o ABSOLUTE
    ../clib/angel/scatter.s                  0x00000000   Number         0  __scatter.o ABSOLUTE
    ../clib/angel/startup.s                  0x00000000   Number         0  __main.o ABSOLUTE
    ../clib/angel/sys.s                      0x00000000   Number         0  sys_stackheap_outer.o ABSOLUTE
    ../clib/angel/sys.s                      0x00000000   Number         0  use_no_semi.o ABSOLUTE
    ../clib/angel/sys.s                      0x00000000   Number         0  indicate_semi.o ABSOLUTE
    ../clib/angel/sys.s                      0x00000000   Number         0  libspace.o ABSOLUTE
    ../clib/angel/sys.s                      0x00000000   Number         0  mutex_dummy.o ABSOLUTE
    ../clib/angel/sysapp.c                   0x00000000   Number         0  sys_exit.o ABSOLUTE
    ../clib/angel/sysapp.c                   0x00000000   Number         0  sys_wrch.o ABSOLUTE
    ../clib/angel/sysapp.c                   0x00000000   Number         0  sys_command.o ABSOLUTE
    ../clib/angel/sysapp.c                   0x00000000   Number         0  sys_io.o ABSOLUTE
    ../clib/armsys.c                         0x00000000   Number         0  no_argv.o ABSOLUTE
    ../clib/armsys.c                         0x00000000   Number         0  argv_veneer.o ABSOLUTE
    ../clib/armsys.c                         0x00000000   Number         0  _get_argv_nomalloc.o ABSOLUTE
    ../clib/armsys.c                         0x00000000   Number         0  argv_veneer.o ABSOLUTE
    ../clib/armsys.c                         0x00000000   Number         0  _get_argv.o ABSOLUTE
    ../clib/assert.c                         0x00000000   Number         0  assert_stdio.o ABSOLUTE
    ../clib/heap1.c                          0x00000000   Number         0  h1_final_mt.o ABSOLUTE
    ../clib/heap1.c                          0x00000000   Number         0  h1_extend_mt.o ABSOLUTE
    ../clib/heap1.c                          0x00000000   Number         0  h1_final.o ABSOLUTE
    ../clib/heap1.c                          0x00000000   Number         0  h1_alloc_mt.o ABSOLUTE
    ../clib/heap1.c                          0x00000000   Number         0  h1_init_mt.o ABSOLUTE
    ../clib/heap1.c                          0x00000000   Number         0  h1_extend.o ABSOLUTE
    ../clib/heap1.c                          0x00000000   Number         0  h1_init.o ABSOLUTE
    ../clib/heap1.c                          0x00000000   Number         0  h1_alloc.o ABSOLUTE
    ../clib/heap1.c                          0x00000000   Number         0  h1_free_mt.o ABSOLUTE
    ../clib/heap1.c                          0x00000000   Number         0  h1_free.o ABSOLUTE
    ../clib/heap2.c                          0x00000000   Number         0  fdtree.o ABSOLUTE
    ../clib/heap2.c                          0x00000000   Number         0  heap2mt.o ABSOLUTE
    ../clib/heap2.c                          0x00000000   Number         0  heap2.o ABSOLUTE
    ../clib/heapalloc.c                      0x00000000   Number         0  maybetermalloc2.o ABSOLUTE
    ../clib/heapalloc.c                      0x00000000   Number         0  term_alloc.o ABSOLUTE
    ../clib/heapalloc.c                      0x00000000   Number         0  hrguard.o ABSOLUTE
    ../clib/heapalloc.c                      0x00000000   Number         0  maybetermalloc2.o ABSOLUTE
    ../clib/heapalloc.c                      0x00000000   Number         0  maybetermalloc1.o ABSOLUTE
    ../clib/heapalloc.c                      0x00000000   Number         0  maybetermalloc1.o ABSOLUTE
    ../clib/heapalloc.c                      0x00000000   Number         0  free.o ABSOLUTE
    ../clib/heapalloc.c                      0x00000000   Number         0  hguard.o ABSOLUTE
    ../clib/heapalloc.c                      0x00000000   Number         0  init_alloc.o ABSOLUTE
    ../clib/heapalloc.c                      0x00000000   Number         0  malloc.o ABSOLUTE
    ../clib/heapalloc.c                      0x00000000   Number         0  heapstubs.o ABSOLUTE
    ../clib/heapaux.c                        0x00000000   Number         0  heapauxa.o ABSOLUTE
    ../clib/heapaux.c                        0x00000000   Number         0  heapauxi.o ABSOLUTE
    ../clib/libinit.s                        0x00000000   Number         0  libshutdown.o ABSOLUTE
    ../clib/libinit.s                        0x00000000   Number         0  libshutdown2.o ABSOLUTE
    ../clib/libinit.s                        0x00000000   Number         0  libinit2.o ABSOLUTE
    ../clib/libinit.s                        0x00000000   Number         0  libinit.o ABSOLUTE
    ../clib/memcpset.s                       0x00000000   Number         0  rt_memcpy_v6.o ABSOLUTE
    ../clib/memcpset.s                       0x00000000   Number         0  memset.o ABSOLUTE
    ../clib/memcpset.s                       0x00000000   Number         0  aeabi_memset.o ABSOLUTE
    ../clib/memcpset.s                       0x00000000   Number         0  rt_memclr.o ABSOLUTE
    ../clib/memcpset.s                       0x00000000   Number         0  rt_memclr_w.o ABSOLUTE
    ../clib/memcpset.s                       0x00000000   Number         0  rt_memcpy_w.o ABSOLUTE
    ../clib/printf.c                         0x00000000   Number         0  _printf_char.o ABSOLUTE
    ../clib/printf.c                         0x00000000   Number         0  __printf_ss.o ABSOLUTE
    ../clib/printf.c                         0x00000000   Number         0  _printf_char_file.o ABSOLUTE
    ../clib/printf.c                         0x00000000   Number         0  __printf_flags.o ABSOLUTE
    ../clib/printf.c                         0x00000000   Number         0  _printf_dec.o ABSOLUTE
    ../clib/printf.c                         0x00000000   Number         0  __printf_flags_ss.o ABSOLUTE
    ../clib/printf.c                         0x00000000   Number         0  _printf_char_file_locked.o ABSOLUTE
    ../clib/printf.c                         0x00000000   Number         0  __printf_flags_ss_wp.o ABSOLUTE
    ../clib/printf.c                         0x00000000   Number         0  _printf_str.o ABSOLUTE
    ../clib/printf.c                         0x00000000   Number         0  _printf_intcommon.o ABSOLUTE
    ../clib/printf.c                         0x00000000   Number         0  __printf_ss_wp.o ABSOLUTE
    ../clib/printf.c                         0x00000000   Number         0  _printf_char_common.o ABSOLUTE
    ../clib/printf.c                         0x00000000   Number         0  __printf_flags_wp.o ABSOLUTE
    ../clib/printf.c                         0x00000000   Number         0  __printf_wp.o ABSOLUTE
    ../clib/printf.c                         0x00000000   Number         0  noretval__2sprintf.o ABSOLUTE
    ../clib/printf.c                         0x00000000   Number         0  __printf.o ABSOLUTE
    ../clib/printf.c                         0x00000000   Number         0  _sputc.o ABSOLUTE
    ../clib/printf.c                         0x00000000   Number         0  noretval__2printf.o ABSOLUTE
    ../clib/printf.c                         0x00000000   Number         0  __2sprintf.o ABSOLUTE
    ../clib/printf.c                         0x00000000   Number         0  __2printf.o ABSOLUTE
    ../clib/printf.c                         0x00000000   Number         0  __printf_nopercent.o ABSOLUTE
    ../clib/printf_percent.s                 0x00000000   Number         0  _printf_percent.o ABSOLUTE
    ../clib/printf_percent.s                 0x00000000   Number         0  _printf_c.o ABSOLUTE
    ../clib/printf_percent.s                 0x00000000   Number         0  _printf_s.o ABSOLUTE
    ../clib/printf_percent.s                 0x00000000   Number         0  _printf_d.o ABSOLUTE
    ../clib/printf_percent.s                 0x00000000   Number         0  _printf_u.o ABSOLUTE
    ../clib/printf_percent.s                 0x00000000   Number         0  _printf_percent_end.o ABSOLUTE
    ../clib/signal.c                         0x00000000   Number         0  defsig_exit.o ABSOLUTE
    ../clib/signal.c                         0x00000000   Number         0  defsig_rtred_inner.o ABSOLUTE
    ../clib/signal.c                         0x00000000   Number         0  defsig_rtmem_inner.o ABSOLUTE
    ../clib/signal.c                         0x00000000   Number         0  defsig_rtmem_outer.o ABSOLUTE
    ../clib/signal.c                         0x00000000   Number         0  defsig_general.o ABSOLUTE
    ../clib/signal.c                         0x00000000   Number         0  defsig_abrt_inner.o ABSOLUTE
    ../clib/signal.c                         0x00000000   Number         0  __raise.o ABSOLUTE
    ../clib/signal.c                         0x00000000   Number         0  defsig_fpe_inner.o ABSOLUTE
    ../clib/signal.c                         0x00000000   Number         0  defsig_rtmem_formal.o ABSOLUTE
    ../clib/signal.c                         0x00000000   Number         0  defsig_stak_inner.o ABSOLUTE
    ../clib/signal.c                         0x00000000   Number         0  defsig_pvfn_inner.o ABSOLUTE
    ../clib/signal.c                         0x00000000   Number         0  defsig_cppl_inner.o ABSOLUTE
    ../clib/signal.c                         0x00000000   Number         0  defsig_segv_inner.o ABSOLUTE
    ../clib/signal.c                         0x00000000   Number         0  defsig_other.o ABSOLUTE
    ../clib/signal.c                         0x00000000   Number         0  defsig_rtred_formal.o ABSOLUTE
    ../clib/signal.c                         0x00000000   Number         0  defsig_rtred_outer.o ABSOLUTE
    ../clib/signal.s                         0x00000000   Number         0  defsig.o ABSOLUTE
    ../clib/stdio.c                          0x00000000   Number         0  fflush_locked.o ABSOLUTE
    ../clib/stdio.c                          0x00000000   Number         0  ferror_locked.o ABSOLUTE
    ../clib/stdio.c                          0x00000000   Number         0  initio_locked.o ABSOLUTE
    ../clib/stdio.c                          0x00000000   Number         0  fseek.o ABSOLUTE
    ../clib/stdio.c                          0x00000000   Number         0  stdio_streams.o ABSOLUTE
    ../clib/stdio.c                          0x00000000   Number         0  ferror.o ABSOLUTE
    ../clib/stdio.c                          0x00000000   Number         0  fputc.o ABSOLUTE
    ../clib/stdio.c                          0x00000000   Number         0  fopen_locked.o ABSOLUTE
    ../clib/stdio.c                          0x00000000   Number         0  fputs_locked.o ABSOLUTE
    ../clib/stdio.c                          0x00000000   Number         0  ftell.o ABSOLUTE
    ../clib/stdio.c                          0x00000000   Number         0  fputs.o ABSOLUTE
    ../clib/stdio.c                          0x00000000   Number         0  fflush.o ABSOLUTE
    ../clib/stdio.c                          0x00000000   Number         0  initio.o ABSOLUTE
    ../clib/stdio.c                          0x00000000   Number         0  flsbuf.o ABSOLUTE
    ../clib/stdio.c                          0x00000000   Number         0  fputc_locked.o ABSOLUTE
    ../clib/stdio.c                          0x00000000   Number         0  setvbuf.o ABSOLUTE
    ../clib/stdio.c                          0x00000000   Number         0  streamlock.o ABSOLUTE
    ../clib/stdio.c                          0x00000000   Number         0  fopen.o ABSOLUTE
    ../clib/stdio.c                          0x00000000   Number         0  fclose.o ABSOLUTE
    ../clib/stdio.c                          0x00000000   Number         0  setvbuf_locked.o ABSOLUTE
    ../clib/stdio.c                          0x00000000   Number         0  fwritefast_locked.o ABSOLUTE
    ../clib/stdio.c                          0x00000000   Number         0  fwritefast.o ABSOLUTE
    ../clib/stdio.c                          0x00000000   Number         0  stdio.o ABSOLUTE
    ../clib/stdlib.c                         0x00000000   Number         0  exit.o ABSOLUTE
    ../clib/string.c                         0x00000000   Number         0  strcpy.o ABSOLUTE
    ../clib/string.c                         0x00000000   Number         0  strlen.o ABSOLUTE
    ../clib/wchar.c                          0x00000000   Number         0  flsbuf_fwide.o ABSOLUTE
    ../fplib/fpinit.s                        0x00000000   Number         0  fpinit.o ABSOLUTE
    FreeRTOS\\portable\\RVDS\\ARM_CM3\\port.c 0x00000000   Number         0  port.o ABSOLUTE
    FreeRTOS\croutine.c                      0x00000000   Number         0  croutine.o ABSOLUTE
    FreeRTOS\event_groups.c                  0x00000000   Number         0  event_groups.o ABSOLUTE
    FreeRTOS\list.c                          0x00000000   Number         0  list.o ABSOLUTE
    FreeRTOS\portable\MemMang\heap_4.c       0x00000000   Number         0  heap_4.o ABSOLUTE
    FreeRTOS\portable\RVDS\ARM_CM3\port.c    0x00000000   Number         0  port.o ABSOLUTE
    FreeRTOS\queue.c                         0x00000000   Number         0  queue.o ABSOLUTE
    FreeRTOS\stream_buffer.c                 0x00000000   Number         0  stream_buffer.o ABSOLUTE
    FreeRTOS\tasks.c                         0x00000000   Number         0  tasks.o ABSOLUTE
    FreeRTOS\timers.c                        0x00000000   Number         0  timers.o ABSOLUTE
    Hardware\LED.c                           0x00000000   Number         0  led.o ABSOLUTE
    Hardware\OLED.c                          0x00000000   Number         0  oled.o ABSOLUTE
    Library\misc.c                           0x00000000   Number         0  misc.o ABSOLUTE
    Library\stm32f10x_adc.c                  0x00000000   Number         0  stm32f10x_adc.o ABSOLUTE
    Library\stm32f10x_bkp.c                  0x00000000   Number         0  stm32f10x_bkp.o ABSOLUTE
    Library\stm32f10x_can.c                  0x00000000   Number         0  stm32f10x_can.o ABSOLUTE
    Library\stm32f10x_cec.c                  0x00000000   Number         0  stm32f10x_cec.o ABSOLUTE
    Library\stm32f10x_crc.c                  0x00000000   Number         0  stm32f10x_crc.o ABSOLUTE
    Library\stm32f10x_dac.c                  0x00000000   Number         0  stm32f10x_dac.o ABSOLUTE
    Library\stm32f10x_dbgmcu.c               0x00000000   Number         0  stm32f10x_dbgmcu.o ABSOLUTE
    Library\stm32f10x_dma.c                  0x00000000   Number         0  stm32f10x_dma.o ABSOLUTE
    Library\stm32f10x_exti.c                 0x00000000   Number         0  stm32f10x_exti.o ABSOLUTE
    Library\stm32f10x_flash.c                0x00000000   Number         0  stm32f10x_flash.o ABSOLUTE
    Library\stm32f10x_fsmc.c                 0x00000000   Number         0  stm32f10x_fsmc.o ABSOLUTE
    Library\stm32f10x_gpio.c                 0x00000000   Number         0  stm32f10x_gpio.o ABSOLUTE
    Library\stm32f10x_i2c.c                  0x00000000   Number         0  stm32f10x_i2c.o ABSOLUTE
    Library\stm32f10x_iwdg.c                 0x00000000   Number         0  stm32f10x_iwdg.o ABSOLUTE
    Library\stm32f10x_pwr.c                  0x00000000   Number         0  stm32f10x_pwr.o ABSOLUTE
    Library\stm32f10x_rcc.c                  0x00000000   Number         0  stm32f10x_rcc.o ABSOLUTE
    Library\stm32f10x_rtc.c                  0x00000000   Number         0  stm32f10x_rtc.o ABSOLUTE
    Library\stm32f10x_sdio.c                 0x00000000   Number         0  stm32f10x_sdio.o ABSOLUTE
    Library\stm32f10x_spi.c                  0x00000000   Number         0  stm32f10x_spi.o ABSOLUTE
    Library\stm32f10x_tim.c                  0x00000000   Number         0  stm32f10x_tim.o ABSOLUTE
    Library\stm32f10x_usart.c                0x00000000   Number         0  stm32f10x_usart.o ABSOLUTE
    Library\stm32f10x_wwdg.c                 0x00000000   Number         0  stm32f10x_wwdg.o ABSOLUTE
    Start\\core_cm3.c                        0x00000000   Number         0  core_cm3.o ABSOLUTE
    Start\core_cm3.c                         0x00000000   Number         0  core_cm3.o ABSOLUTE
    Start\startup_stm32f10x_md.s             0x00000000   Number         0  startup_stm32f10x_md.o ABSOLUTE
    Start\system_stm32f10x.c                 0x00000000   Number         0  system_stm32f10x.o ABSOLUTE
    System\Delay.c                           0x00000000   Number         0  delay.o ABSOLUTE
    User\main.c                              0x00000000   Number         0  main.o ABSOLUTE
    User\stm32f10x_it.c                      0x00000000   Number         0  stm32f10x_it.o ABSOLUTE
    dc.s                                     0x00000000   Number         0  dc.o ABSOLUTE
    RESET                                    0x08000000   Section      236  startup_stm32f10x_md.o(RESET)
    !!!main                                  0x080000ec   Section        8  __main.o(!!!main)
    !!!scatter                               0x080000f4   Section       52  __scatter.o(!!!scatter)
    !!handler_copy                           0x08000128   Section       26  __scatter_copy.o(!!handler_copy)
    !!handler_zi                             0x08000144   Section       28  __scatter_zi.o(!!handler_zi)
    .ARM.Collect$$_printf_percent$$00000000  0x08000160   Section        0  _printf_percent.o(.ARM.Collect$$_printf_percent$$00000000)
    .ARM.Collect$$_printf_percent$$00000009  0x08000160   Section        6  _printf_d.o(.ARM.Collect$$_printf_percent$$00000009)
    .ARM.Collect$$_printf_percent$$00000014  0x08000166   Section        6  _printf_s.o(.ARM.Collect$$_printf_percent$$00000014)
    .ARM.Collect$$_printf_percent$$00000017  0x0800016c   Section        4  _printf_percent_end.o(.ARM.Collect$$_printf_percent$$00000017)
    .ARM.Collect$$libinit$$00000000          0x08000170   Section        2  libinit.o(.ARM.Collect$$libinit$$00000000)
    .ARM.Collect$$libinit$$00000002          0x08000172   Section        0  libinit2.o(.ARM.Collect$$libinit$$00000002)
    .ARM.Collect$$libinit$$00000004          0x08000172   Section        0  libinit2.o(.ARM.Collect$$libinit$$00000004)
    .ARM.Collect$$libinit$$00000005          0x08000172   Section        8  libinit2.o(.ARM.Collect$$libinit$$00000005)
    .ARM.Collect$$libinit$$0000000A          0x0800017a   Section        0  libinit2.o(.ARM.Collect$$libinit$$0000000A)
    .ARM.Collect$$libinit$$0000000C          0x0800017a   Section        0  libinit2.o(.ARM.Collect$$libinit$$0000000C)
    .ARM.Collect$$libinit$$0000000E          0x0800017a   Section        0  libinit2.o(.ARM.Collect$$libinit$$0000000E)
    .ARM.Collect$$libinit$$00000011          0x0800017a   Section        0  libinit2.o(.ARM.Collect$$libinit$$00000011)
    .ARM.Collect$$libinit$$00000013          0x0800017a   Section        0  libinit2.o(.ARM.Collect$$libinit$$00000013)
    .ARM.Collect$$libinit$$00000015          0x0800017a   Section        0  libinit2.o(.ARM.Collect$$libinit$$00000015)
    .ARM.Collect$$libinit$$00000017          0x0800017a   Section        0  libinit2.o(.ARM.Collect$$libinit$$00000017)
    .ARM.Collect$$libinit$$00000019          0x0800017a   Section        0  libinit2.o(.ARM.Collect$$libinit$$00000019)
    .ARM.Collect$$libinit$$0000001B          0x0800017a   Section        0  libinit2.o(.ARM.Collect$$libinit$$0000001B)
    .ARM.Collect$$libinit$$0000001D          0x0800017a   Section        0  libinit2.o(.ARM.Collect$$libinit$$0000001D)
    .ARM.Collect$$libinit$$0000001F          0x0800017a   Section        0  libinit2.o(.ARM.Collect$$libinit$$0000001F)
    .ARM.Collect$$libinit$$00000021          0x0800017a   Section        0  libinit2.o(.ARM.Collect$$libinit$$00000021)
    .ARM.Collect$$libinit$$00000023          0x0800017a   Section        0  libinit2.o(.ARM.Collect$$libinit$$00000023)
    .ARM.Collect$$libinit$$00000024          0x0800017a   Section        4  libinit2.o(.ARM.Collect$$libinit$$00000024)
    .ARM.Collect$$libinit$$00000025          0x0800017e   Section        0  libinit2.o(.ARM.Collect$$libinit$$00000025)
    .ARM.Collect$$libinit$$0000002C          0x0800017e   Section        0  libinit2.o(.ARM.Collect$$libinit$$0000002C)
    .ARM.Collect$$libinit$$0000002E          0x0800017e   Section        0  libinit2.o(.ARM.Collect$$libinit$$0000002E)
    .ARM.Collect$$libinit$$00000030          0x0800017e   Section        0  libinit2.o(.ARM.Collect$$libinit$$00000030)
    .ARM.Collect$$libinit$$00000032          0x0800017e   Section        0  libinit2.o(.ARM.Collect$$libinit$$00000032)
    .ARM.Collect$$libinit$$00000033          0x0800017e   Section        2  libinit2.o(.ARM.Collect$$libinit$$00000033)
    .ARM.Collect$$libshutdown$$00000000      0x08000180   Section        2  libshutdown.o(.ARM.Collect$$libshutdown$$00000000)
    .ARM.Collect$$libshutdown$$00000002      0x08000182   Section        0  libshutdown2.o(.ARM.Collect$$libshutdown$$00000002)
    .ARM.Collect$$libshutdown$$00000003      0x08000182   Section        4  libshutdown2.o(.ARM.Collect$$libshutdown$$00000003)
    .ARM.Collect$$libshutdown$$00000004      0x08000186   Section        0  libshutdown2.o(.ARM.Collect$$libshutdown$$00000004)
    .ARM.Collect$$libshutdown$$00000007      0x08000186   Section        0  libshutdown2.o(.ARM.Collect$$libshutdown$$00000007)
    .ARM.Collect$$libshutdown$$0000000A      0x08000186   Section        0  libshutdown2.o(.ARM.Collect$$libshutdown$$0000000A)
    .ARM.Collect$$libshutdown$$0000000C      0x08000186   Section        0  libshutdown2.o(.ARM.Collect$$libshutdown$$0000000C)
    .ARM.Collect$$libshutdown$$0000000F      0x08000186   Section        0  libshutdown2.o(.ARM.Collect$$libshutdown$$0000000F)
    .ARM.Collect$$libshutdown$$00000010      0x08000186   Section        2  libshutdown2.o(.ARM.Collect$$libshutdown$$00000010)
    .ARM.Collect$$rtentry$$00000000          0x08000188   Section        0  __rtentry.o(.ARM.Collect$$rtentry$$00000000)
    .ARM.Collect$$rtentry$$00000002          0x08000188   Section        0  __rtentry2.o(.ARM.Collect$$rtentry$$00000002)
    .ARM.Collect$$rtentry$$00000004          0x08000188   Section        6  __rtentry4.o(.ARM.Collect$$rtentry$$00000004)
    .ARM.Collect$$rtentry$$00000009          0x0800018e   Section        0  __rtentry2.o(.ARM.Collect$$rtentry$$00000009)
    .ARM.Collect$$rtentry$$0000000A          0x0800018e   Section        4  __rtentry2.o(.ARM.Collect$$rtentry$$0000000A)
    .ARM.Collect$$rtentry$$0000000C          0x08000192   Section        0  __rtentry2.o(.ARM.Collect$$rtentry$$0000000C)
    .ARM.Collect$$rtentry$$0000000D          0x08000192   Section        8  __rtentry2.o(.ARM.Collect$$rtentry$$0000000D)
    .ARM.Collect$$rtexit$$00000000           0x0800019a   Section        2  rtexit.o(.ARM.Collect$$rtexit$$00000000)
    .ARM.Collect$$rtexit$$00000002           0x0800019c   Section        0  rtexit2.o(.ARM.Collect$$rtexit$$00000002)
    .ARM.Collect$$rtexit$$00000003           0x0800019c   Section        4  rtexit2.o(.ARM.Collect$$rtexit$$00000003)
    .ARM.Collect$$rtexit$$00000004           0x080001a0   Section        6  rtexit2.o(.ARM.Collect$$rtexit$$00000004)
    .emb_text                                0x080001a8   Section      150  port.o(.emb_text)
    .emb_text                                0x08000240   Section        0  maybetermalloc1.o(.emb_text)
    .text                                    0x08000240   Section       64  startup_stm32f10x_md.o(.text)
    .text                                    0x08000280   Section        0  noretval__2printf.o(.text)
    .text                                    0x08000298   Section        0  __printf.o(.text)
    .text                                    0x08000300   Section        0  _printf_str.o(.text)
    .text                                    0x08000354   Section        0  _printf_dec.o(.text)
    .text                                    0x080003cc   Section        0  strlen.o(.text)
    .text                                    0x0800040a   Section       78  rt_memclr_w.o(.text)
    .text                                    0x08000458   Section        0  heapauxi.o(.text)
    .text                                    0x0800045e   Section        0  _printf_intcommon.o(.text)
    .text                                    0x08000510   Section        0  _printf_char_common.o(.text)
    _printf_input_char                       0x08000511   Thumb Code    10  _printf_char_common.o(.text)
    .text                                    0x08000540   Section        0  _printf_char.o(.text)
    .text                                    0x0800056c   Section        0  _printf_char_file.o(.text)
    .text                                    0x08000590   Section        0  ferror.o(.text)
    .text                                    0x08000598   Section        0  initio.o(.text)
    .text                                    0x080006d0   Section        0  sys_io.o(.text)
    .text                                    0x08000736   Section       74  sys_stackheap_outer.o(.text)
    .text                                    0x08000780   Section        0  h1_free.o(.text)
    .text                                    0x080007ce   Section        0  flsbuf.o(.text)
    .text                                    0x080009a4   Section        0  setvbuf.o(.text)
    .text                                    0x080009ec   Section        0  fopen.o(.text)
    _freopen_locked                          0x080009ed   Thumb Code     0  fopen.o(.text)
    .text                                    0x08000ad8   Section        0  fclose.o(.text)
    .text                                    0x08000b24   Section        0  exit.o(.text)
    .text                                    0x08000b36   Section        0  defsig_rtred_outer.o(.text)
    .text                                    0x08000b44   Section        8  libspace.o(.text)
    .text                                    0x08000b4c   Section        2  use_no_semi.o(.text)
    .text                                    0x08000b4e   Section        0  indicate_semi.o(.text)
    .text                                    0x08000b50   Section        8  rt_heap_descriptor_intlibspace.o(.text)
    .text                                    0x08000b58   Section        0  hguard.o(.text)
    .text                                    0x08000b5c   Section        0  init_alloc.o(.text)
    .text                                    0x08000be6   Section        0  h1_alloc.o(.text)
    .text                                    0x08000c44   Section        0  fseek.o(.text)
    .text                                    0x08000d3c   Section        0  stdio.o(.text)
    .text                                    0x08000e2c   Section        0  defsig_exit.o(.text)
    .text                                    0x08000e38   Section        0  defsig_rtred_inner.o(.text)
    .text                                    0x08000e6c   Section        0  sys_exit.o(.text)
    .text                                    0x08000e78   Section        0  h1_init.o(.text)
    .text                                    0x08000e86   Section        0  h1_extend.o(.text)
    .text                                    0x08000eba   Section        0  ftell.o(.text)
    .text                                    0x08000efc   Section        0  defsig_general.o(.text)
    .text                                    0x08000f2e   Section        0  defsig_rtmem_outer.o(.text)
    .text                                    0x08000f3c   Section        0  sys_wrch.o(.text)
    .text                                    0x08000f4c   Section        8  rt_errno_addr_intlibspace.o(.text)
    .text                                    0x08000f54   Section        0  defsig_rtmem_inner.o(.text)
    i.BusFault_Handler                       0x08000fa4   Section        0  stm32f10x_it.o(i.BusFault_Handler)
    i.DebugMon_Handler                       0x08000fa8   Section        0  stm32f10x_it.o(i.DebugMon_Handler)
    i.GPIO_Init                              0x08000faa   Section        0  stm32f10x_gpio.o(i.GPIO_Init)
    i.GPIO_PinRemapConfig                    0x080010c0   Section        0  stm32f10x_gpio.o(i.GPIO_PinRemapConfig)
    i.GPIO_WriteBit                          0x08001150   Section        0  stm32f10x_gpio.o(i.GPIO_WriteBit)
    i.HardFault_Handler                      0x0800115a   Section        0  stm32f10x_it.o(i.HardFault_Handler)
    i.MemManage_Handler                      0x0800115e   Section        0  stm32f10x_it.o(i.MemManage_Handler)
    i.NMI_Handler                            0x08001162   Section        0  stm32f10x_it.o(i.NMI_Handler)
    i.OLED_Clear                             0x08001164   Section        0  oled.o(i.OLED_Clear)
    i.OLED_I2C_Init                          0x08001190   Section        0  oled.o(i.OLED_I2C_Init)
    i.OLED_I2C_SendByte                      0x080011e4   Section        0  oled.o(i.OLED_I2C_SendByte)
    i.OLED_I2C_Start                         0x08001234   Section        0  oled.o(i.OLED_I2C_Start)
    i.OLED_I2C_Stop                          0x08001264   Section        0  oled.o(i.OLED_I2C_Stop)
    i.OLED_Init                              0x0800128c   Section        0  oled.o(i.OLED_Init)
    i.OLED_Pow                               0x0800133a   Section        0  oled.o(i.OLED_Pow)
    i.OLED_SetCursor                         0x0800134e   Section        0  oled.o(i.OLED_SetCursor)
    i.OLED_ShowBinNum                        0x08001370   Section        0  oled.o(i.OLED_ShowBinNum)
    i.OLED_ShowChar                          0x080013b0   Section        0  oled.o(i.OLED_ShowChar)
    i.OLED_ShowHexNum                        0x08001424   Section        0  oled.o(i.OLED_ShowHexNum)
    i.OLED_ShowNum                           0x08001478   Section        0  oled.o(i.OLED_ShowNum)
    i.OLED_ShowSignedNum                     0x080014bc   Section        0  oled.o(i.OLED_ShowSignedNum)
    i.OLED_ShowString                        0x08001522   Section        0  oled.o(i.OLED_ShowString)
    i.OLED_WriteCommand                      0x0800154a   Section        0  oled.o(i.OLED_WriteCommand)
    i.OLED_WriteData                         0x0800156a   Section        0  oled.o(i.OLED_WriteData)
    i.RCC_APB2PeriphClockCmd                 0x0800158c   Section        0  stm32f10x_rcc.o(i.RCC_APB2PeriphClockCmd)
    i.SetSysClock                            0x080015ac   Section        0  system_stm32f10x.o(i.SetSysClock)
    SetSysClock                              0x080015ad   Thumb Code     8  system_stm32f10x.o(i.SetSysClock)
    i.SetSysClockTo72                        0x080015b4   Section        0  system_stm32f10x.o(i.SetSysClockTo72)
    SetSysClockTo72                          0x080015b5   Thumb Code   214  system_stm32f10x.o(i.SetSysClockTo72)
    i.SysTick_Handler                        0x08001694   Section        0  port.o(i.SysTick_Handler)
    i.SystemInit                             0x080016c8   Section        0  system_stm32f10x.o(i.SystemInit)
    i.UsageFault_Handler                     0x08001728   Section        0  stm32f10x_it.o(i.UsageFault_Handler)
    i.fputc                                  0x0800172c   Section        0  fputc.o(i.fputc)
    i.main                                   0x08001748   Section        0  main.o(i.main)
    i.prvResetNextTaskUnblockTime            0x080017a8   Section        0  tasks.o(i.prvResetNextTaskUnblockTime)
    prvResetNextTaskUnblockTime              0x080017a9   Thumb Code    40  tasks.o(i.prvResetNextTaskUnblockTime)
    i.vTaskSwitchContext                     0x080017d8   Section        0  tasks.o(i.vTaskSwitchContext)
    i.xTaskIncrementTick                     0x08001880   Section        0  tasks.o(i.xTaskIncrementTick)
    .constdata                               0x08001a54   Section     1520  oled.o(.constdata)
    .constdata                               0x08002044   Section        4  sys_io.o(.constdata)
    .constdata                               0x08002048   Section        4  sys_io.o(.constdata)
    .constdata                               0x0800204c   Section        4  sys_io.o(.constdata)
    .data                                    0x20000000   Section       64  tasks.o(.data)
    pxDelayedTaskList                        0x20000004   Data           4  tasks.o(.data)
    pxOverflowDelayedTaskList                0x20000008   Data           4  tasks.o(.data)
    uxDeletedTasksWaitingCleanUp             0x2000000c   Data           4  tasks.o(.data)
    uxCurrentNumberOfTasks                   0x20000010   Data           4  tasks.o(.data)
    xTickCount                               0x20000014   Data           4  tasks.o(.data)
    uxTopReadyPriority                       0x20000018   Data           4  tasks.o(.data)
    xSchedulerRunning                        0x2000001c   Data           4  tasks.o(.data)
    xPendedTicks                             0x20000020   Data           4  tasks.o(.data)
    xYieldPending                            0x20000024   Data           4  tasks.o(.data)
    xNumOfOverflows                          0x20000028   Data           4  tasks.o(.data)
    uxTaskNumber                             0x2000002c   Data           4  tasks.o(.data)
    xNextTaskUnblockTime                     0x20000030   Data           4  tasks.o(.data)
    xIdleTaskHandle                          0x20000034   Data           4  tasks.o(.data)
    uxSchedulerSuspended                     0x2000003c   Data           4  tasks.o(.data)
    .data                                    0x20000040   Section        4  stdio_streams.o(.data)
    .data                                    0x20000044   Section        4  stdio_streams.o(.data)
    .data                                    0x20000048   Section        4  stdio_streams.o(.data)
    .bss                                     0x2000004c   Section      740  tasks.o(.bss)
    pxReadyTasksLists                        0x2000004c   Data         640  tasks.o(.bss)
    xDelayedTaskList1                        0x200002cc   Data          20  tasks.o(.bss)
    xDelayedTaskList2                        0x200002e0   Data          20  tasks.o(.bss)
    xPendingReadyList                        0x200002f4   Data          20  tasks.o(.bss)
    xTasksWaitingTermination                 0x20000308   Data          20  tasks.o(.bss)
    xSuspendedTaskList                       0x2000031c   Data          20  tasks.o(.bss)
    .bss                                     0x20000330   Section       84  stdio_streams.o(.bss)
    .bss                                     0x20000384   Section       84  stdio_streams.o(.bss)
    .bss                                     0x200003d8   Section       84  stdio_streams.o(.bss)
    .bss                                     0x2000042c   Section       96  libspace.o(.bss)
    HEAP                                     0x20000490   Section      512  startup_stm32f10x_md.o(HEAP)
    Heap_Mem                                 0x20000490   Data         512  startup_stm32f10x_md.o(HEAP)
    STACK                                    0x20000690   Section     1024  startup_stm32f10x_md.o(STACK)
    Stack_Mem                                0x20000690   Data        1024  startup_stm32f10x_md.o(STACK)
    __initial_sp                             0x20000a90   Data           0  startup_stm32f10x_md.o(STACK)

    Global Symbols

    Symbol Name                              Value     Ov Type        Size  Object(Section)

    BuildAttributes$$THM_ISAv4$P$D$K$B$S$PE$A:L22UL41UL21$X:L11$S22US41US21$IEEE1$IW$USESV6$~STKCKD$USESV7$~SHL$OTIME$ROPI$EBA8$UX$STANDARDLIB$REQ8$PRES8$EABIv2 0x00000000   Number         0  anon$$obj.o ABSOLUTE
    __ARM_use_no_argv                        0x00000000   Number         0  main.o ABSOLUTE
    __ARM_exceptions_init                     - Undefined Weak Reference
    __alloca_initialize                       - Undefined Weak Reference
    __arm_preinit_                            - Undefined Weak Reference
    __cpp_initialize__aeabi_                  - Undefined Weak Reference
    __cxa_finalize                            - Undefined Weak Reference
    __rt_locale                               - Undefined Weak Reference
    __sigvec_lookup                           - Undefined Weak Reference
    __user_heap_extent                        - Undefined Weak Reference
    _atexit_init                              - Undefined Weak Reference
    _call_atexit_fns                          - Undefined Weak Reference
    _clock_init                               - Undefined Weak Reference
    _fp_trap_init                             - Undefined Weak Reference
    _fp_trap_shutdown                         - Undefined Weak Reference
    _get_lc_collate                           - Undefined Weak Reference
    _get_lc_ctype                             - Undefined Weak Reference
    _get_lc_monetary                          - Undefined Weak Reference
    _get_lc_numeric                           - Undefined Weak Reference
    _get_lc_time                              - Undefined Weak Reference
    _getenv_init                              - Undefined Weak Reference
    _handle_redirection                       - Undefined Weak Reference
    _mutex_acquire                            - Undefined Weak Reference
    _mutex_free                               - Undefined Weak Reference
    _mutex_release                            - Undefined Weak Reference
    _printf_mbtowc                            - Undefined Weak Reference
    _printf_post_padding                      - Undefined Weak Reference
    _printf_pre_padding                       - Undefined Weak Reference
    _printf_truncate_signed                   - Undefined Weak Reference
    _printf_truncate_unsigned                 - Undefined Weak Reference
    _rand_init                                - Undefined Weak Reference
    _signal_finish                            - Undefined Weak Reference
    _signal_init                              - Undefined Weak Reference
    __Vectors_Size                           0x000000ec   Number         0  startup_stm32f10x_md.o ABSOLUTE
    __Vectors                                0x08000000   Data           4  startup_stm32f10x_md.o(RESET)
    __Vectors_End                            0x080000ec   Data           0  startup_stm32f10x_md.o(RESET)
    __main                                   0x080000ed   Thumb Code     8  __main.o(!!!main)
    __scatterload                            0x080000f5   Thumb Code     0  __scatter.o(!!!scatter)
    __scatterload_rt2                        0x080000f5   Thumb Code    44  __scatter.o(!!!scatter)
    __scatterload_rt2_thumb_only             0x080000f5   Thumb Code     0  __scatter.o(!!!scatter)
    __scatterload_null                       0x08000103   Thumb Code     0  __scatter.o(!!!scatter)
    __scatterload_copy                       0x08000129   Thumb Code    26  __scatter_copy.o(!!handler_copy)
    __scatterload_zeroinit                   0x08000145   Thumb Code    28  __scatter_zi.o(!!handler_zi)
    _printf_d                                0x08000161   Thumb Code     0  _printf_d.o(.ARM.Collect$$_printf_percent$$00000009)
    _printf_percent                          0x08000161   Thumb Code     0  _printf_percent.o(.ARM.Collect$$_printf_percent$$00000000)
    _printf_s                                0x08000167   Thumb Code     0  _printf_s.o(.ARM.Collect$$_printf_percent$$00000014)
    _printf_percent_end                      0x0800016d   Thumb Code     0  _printf_percent_end.o(.ARM.Collect$$_printf_percent$$00000017)
    __rt_lib_init                            0x08000171   Thumb Code     0  libinit.o(.ARM.Collect$$libinit$$00000000)
    __rt_lib_init_fp_1                       0x08000173   Thumb Code     0  libinit2.o(.ARM.Collect$$libinit$$00000002)
    __rt_lib_init_heap_2                     0x08000173   Thumb Code     0  libinit2.o(.ARM.Collect$$libinit$$00000005)
    __rt_lib_init_preinit_1                  0x08000173   Thumb Code     0  libinit2.o(.ARM.Collect$$libinit$$00000004)
    __rt_lib_init_atexit_1                   0x0800017b   Thumb Code     0  libinit2.o(.ARM.Collect$$libinit$$0000001B)
    __rt_lib_init_clock_1                    0x0800017b   Thumb Code     0  libinit2.o(.ARM.Collect$$libinit$$00000021)
    __rt_lib_init_fp_trap_1                  0x0800017b   Thumb Code     0  libinit2.o(.ARM.Collect$$libinit$$0000001F)
    __rt_lib_init_getenv_1                   0x0800017b   Thumb Code     0  libinit2.o(.ARM.Collect$$libinit$$00000023)
    __rt_lib_init_heap_1                     0x0800017b   Thumb Code     0  libinit2.o(.ARM.Collect$$libinit$$0000000A)
    __rt_lib_init_lc_collate_1               0x0800017b   Thumb Code     0  libinit2.o(.ARM.Collect$$libinit$$00000011)
    __rt_lib_init_lc_ctype_1                 0x0800017b   Thumb Code     0  libinit2.o(.ARM.Collect$$libinit$$00000013)
    __rt_lib_init_lc_monetary_1              0x0800017b   Thumb Code     0  libinit2.o(.ARM.Collect$$libinit$$00000015)
    __rt_lib_init_lc_numeric_1               0x0800017b   Thumb Code     0  libinit2.o(.ARM.Collect$$libinit$$00000017)
    __rt_lib_init_lc_time_1                  0x0800017b   Thumb Code     0  libinit2.o(.ARM.Collect$$libinit$$00000019)
    __rt_lib_init_rand_1                     0x0800017b   Thumb Code     0  libinit2.o(.ARM.Collect$$libinit$$0000000E)
    __rt_lib_init_signal_1                   0x0800017b   Thumb Code     0  libinit2.o(.ARM.Collect$$libinit$$0000001D)
    __rt_lib_init_stdio_2                    0x0800017b   Thumb Code     0  libinit2.o(.ARM.Collect$$libinit$$00000024)
    __rt_lib_init_user_alloc_1               0x0800017b   Thumb Code     0  libinit2.o(.ARM.Collect$$libinit$$0000000C)
    __rt_lib_init_alloca_1                   0x0800017f   Thumb Code     0  libinit2.o(.ARM.Collect$$libinit$$0000002E)
    __rt_lib_init_argv_1                     0x0800017f   Thumb Code     0  libinit2.o(.ARM.Collect$$libinit$$0000002C)
    __rt_lib_init_cpp_1                      0x0800017f   Thumb Code     0  libinit2.o(.ARM.Collect$$libinit$$00000032)
    __rt_lib_init_exceptions_1               0x0800017f   Thumb Code     0  libinit2.o(.ARM.Collect$$libinit$$00000030)
    __rt_lib_init_return                     0x0800017f   Thumb Code     0  libinit2.o(.ARM.Collect$$libinit$$00000033)
    __rt_lib_init_stdio_1                    0x0800017f   Thumb Code     0  libinit2.o(.ARM.Collect$$libinit$$00000025)
    __rt_lib_shutdown                        0x08000181   Thumb Code     0  libshutdown.o(.ARM.Collect$$libshutdown$$00000000)
    __rt_lib_shutdown_cpp_1                  0x08000183   Thumb Code     0  libshutdown2.o(.ARM.Collect$$libshutdown$$00000002)
    __rt_lib_shutdown_stdio_2                0x08000183   Thumb Code     0  libshutdown2.o(.ARM.Collect$$libshutdown$$00000003)
    __rt_lib_shutdown_fp_trap_1              0x08000187   Thumb Code     0  libshutdown2.o(.ARM.Collect$$libshutdown$$00000007)
    __rt_lib_shutdown_heap_1                 0x08000187   Thumb Code     0  libshutdown2.o(.ARM.Collect$$libshutdown$$0000000F)
    __rt_lib_shutdown_return                 0x08000187   Thumb Code     0  libshutdown2.o(.ARM.Collect$$libshutdown$$00000010)
    __rt_lib_shutdown_signal_1               0x08000187   Thumb Code     0  libshutdown2.o(.ARM.Collect$$libshutdown$$0000000A)
    __rt_lib_shutdown_stdio_1                0x08000187   Thumb Code     0  libshutdown2.o(.ARM.Collect$$libshutdown$$00000004)
    __rt_lib_shutdown_user_alloc_1           0x08000187   Thumb Code     0  libshutdown2.o(.ARM.Collect$$libshutdown$$0000000C)
    __rt_entry                               0x08000189   Thumb Code     0  __rtentry.o(.ARM.Collect$$rtentry$$00000000)
    __rt_entry_presh_1                       0x08000189   Thumb Code     0  __rtentry2.o(.ARM.Collect$$rtentry$$00000002)
    __rt_entry_sh                            0x08000189   Thumb Code     0  __rtentry4.o(.ARM.Collect$$rtentry$$00000004)
    __rt_entry_li                            0x0800018f   Thumb Code     0  __rtentry2.o(.ARM.Collect$$rtentry$$0000000A)
    __rt_entry_postsh_1                      0x0800018f   Thumb Code     0  __rtentry2.o(.ARM.Collect$$rtentry$$00000009)
    __rt_entry_main                          0x08000193   Thumb Code     0  __rtentry2.o(.ARM.Collect$$rtentry$$0000000D)
    __rt_entry_postli_1                      0x08000193   Thumb Code     0  __rtentry2.o(.ARM.Collect$$rtentry$$0000000C)
    __rt_exit                                0x0800019b   Thumb Code     0  rtexit.o(.ARM.Collect$$rtexit$$00000000)
    __rt_exit_ls                             0x0800019d   Thumb Code     0  rtexit2.o(.ARM.Collect$$rtexit$$00000003)
    __rt_exit_prels_1                        0x0800019d   Thumb Code     0  rtexit2.o(.ARM.Collect$$rtexit$$00000002)
    __rt_exit_exit                           0x080001a1   Thumb Code     0  rtexit2.o(.ARM.Collect$$rtexit$$00000004)
    SVC_Handler                              0x080001a9   Thumb Code    32  port.o(.emb_text)
    __asm___6_port_c_39a90d8d__prvStartFirstTask 0x080001cd   Thumb Code    28  port.o(.emb_text)
    PendSV_Handler                           0x080001ed   Thumb Code    72  port.o(.emb_text)
    vPortGetIPSR                             0x08000239   Thumb Code     6  port.o(.emb_text)
    Reset_Handler                            0x08000241   Thumb Code     8  startup_stm32f10x_md.o(.text)
    _maybe_terminate_alloc                   0x08000241   Thumb Code     0  maybetermalloc1.o(.emb_text)
    ADC1_2_IRQHandler                        0x0800025b   Thumb Code     0  startup_stm32f10x_md.o(.text)
    CAN1_RX1_IRQHandler                      0x0800025b   Thumb Code     0  startup_stm32f10x_md.o(.text)
    CAN1_SCE_IRQHandler                      0x0800025b   Thumb Code     0  startup_stm32f10x_md.o(.text)
    DMA1_Channel1_IRQHandler                 0x0800025b   Thumb Code     0  startup_stm32f10x_md.o(.text)
    DMA1_Channel2_IRQHandler                 0x0800025b   Thumb Code     0  startup_stm32f10x_md.o(.text)
    DMA1_Channel3_IRQHandler                 0x0800025b   Thumb Code     0  startup_stm32f10x_md.o(.text)
    DMA1_Channel4_IRQHandler                 0x0800025b   Thumb Code     0  startup_stm32f10x_md.o(.text)
    DMA1_Channel5_IRQHandler                 0x0800025b   Thumb Code     0  startup_stm32f10x_md.o(.text)
    DMA1_Channel6_IRQHandler                 0x0800025b   Thumb Code     0  startup_stm32f10x_md.o(.text)
    DMA1_Channel7_IRQHandler                 0x0800025b   Thumb Code     0  startup_stm32f10x_md.o(.text)
    EXTI0_IRQHandler                         0x0800025b   Thumb Code     0  startup_stm32f10x_md.o(.text)
    EXTI15_10_IRQHandler                     0x0800025b   Thumb Code     0  startup_stm32f10x_md.o(.text)
    EXTI1_IRQHandler                         0x0800025b   Thumb Code     0  startup_stm32f10x_md.o(.text)
    EXTI2_IRQHandler                         0x0800025b   Thumb Code     0  startup_stm32f10x_md.o(.text)
    EXTI3_IRQHandler                         0x0800025b   Thumb Code     0  startup_stm32f10x_md.o(.text)
    EXTI4_IRQHandler                         0x0800025b   Thumb Code     0  startup_stm32f10x_md.o(.text)
    EXTI9_5_IRQHandler                       0x0800025b   Thumb Code     0  startup_stm32f10x_md.o(.text)
    FLASH_IRQHandler                         0x0800025b   Thumb Code     0  startup_stm32f10x_md.o(.text)
    I2C1_ER_IRQHandler                       0x0800025b   Thumb Code     0  startup_stm32f10x_md.o(.text)
    I2C1_EV_IRQHandler                       0x0800025b   Thumb Code     0  startup_stm32f10x_md.o(.text)
    I2C2_ER_IRQHandler                       0x0800025b   Thumb Code     0  startup_stm32f10x_md.o(.text)
    I2C2_EV_IRQHandler                       0x0800025b   Thumb Code     0  startup_stm32f10x_md.o(.text)
    PVD_IRQHandler                           0x0800025b   Thumb Code     0  startup_stm32f10x_md.o(.text)
    RCC_IRQHandler                           0x0800025b   Thumb Code     0  startup_stm32f10x_md.o(.text)
    RTCAlarm_IRQHandler                      0x0800025b   Thumb Code     0  startup_stm32f10x_md.o(.text)
    RTC_IRQHandler                           0x0800025b   Thumb Code     0  startup_stm32f10x_md.o(.text)
    SPI1_IRQHandler                          0x0800025b   Thumb Code     0  startup_stm32f10x_md.o(.text)
    SPI2_IRQHandler                          0x0800025b   Thumb Code     0  startup_stm32f10x_md.o(.text)
    TAMPER_IRQHandler                        0x0800025b   Thumb Code     0  startup_stm32f10x_md.o(.text)
    TIM1_BRK_IRQHandler                      0x0800025b   Thumb Code     0  startup_stm32f10x_md.o(.text)
    TIM1_CC_IRQHandler                       0x0800025b   Thumb Code     0  startup_stm32f10x_md.o(.text)
    TIM1_TRG_COM_IRQHandler                  0x0800025b   Thumb Code     0  startup_stm32f10x_md.o(.text)
    TIM1_UP_IRQHandler                       0x0800025b   Thumb Code     0  startup_stm32f10x_md.o(.text)
    TIM2_IRQHandler                          0x0800025b   Thumb Code     0  startup_stm32f10x_md.o(.text)
    TIM3_IRQHandler                          0x0800025b   Thumb Code     0  startup_stm32f10x_md.o(.text)
    TIM4_IRQHandler                          0x0800025b   Thumb Code     0  startup_stm32f10x_md.o(.text)
    USART1_IRQHandler                        0x0800025b   Thumb Code     0  startup_stm32f10x_md.o(.text)
    USART2_IRQHandler                        0x0800025b   Thumb Code     0  startup_stm32f10x_md.o(.text)
    USART3_IRQHandler                        0x0800025b   Thumb Code     0  startup_stm32f10x_md.o(.text)
    USBWakeUp_IRQHandler                     0x0800025b   Thumb Code     0  startup_stm32f10x_md.o(.text)
    USB_HP_CAN1_TX_IRQHandler                0x0800025b   Thumb Code     0  startup_stm32f10x_md.o(.text)
    USB_LP_CAN1_RX0_IRQHandler               0x0800025b   Thumb Code     0  startup_stm32f10x_md.o(.text)
    WWDG_IRQHandler                          0x0800025b   Thumb Code     0  startup_stm32f10x_md.o(.text)
    __user_initial_stackheap                 0x0800025d   Thumb Code     0  startup_stm32f10x_md.o(.text)
    __2printf                                0x08000281   Thumb Code    20  noretval__2printf.o(.text)
    __printf                                 0x08000299   Thumb Code   104  __printf.o(.text)
    _printf_str                              0x08000301   Thumb Code    82  _printf_str.o(.text)
    _printf_int_dec                          0x08000355   Thumb Code   104  _printf_dec.o(.text)
    strlen                                   0x080003cd   Thumb Code    62  strlen.o(.text)
    __aeabi_memclr4                          0x0800040b   Thumb Code     0  rt_memclr_w.o(.text)
    __aeabi_memclr8                          0x0800040b   Thumb Code     0  rt_memclr_w.o(.text)
    __rt_memclr_w                            0x0800040b   Thumb Code    78  rt_memclr_w.o(.text)
    _memset_w                                0x0800040f   Thumb Code     0  rt_memclr_w.o(.text)
    __use_two_region_memory                  0x08000459   Thumb Code     2  heapauxi.o(.text)
    __rt_heap_escrow                         0x0800045b   Thumb Code     2  heapauxi.o(.text)
    __rt_heap_expand                         0x0800045d   Thumb Code     2  heapauxi.o(.text)
    _printf_int_common                       0x0800045f   Thumb Code   178  _printf_intcommon.o(.text)
    _printf_char_common                      0x0800051b   Thumb Code    32  _printf_char_common.o(.text)
    _printf_cs_common                        0x08000541   Thumb Code    20  _printf_char.o(.text)
    _printf_char                             0x08000555   Thumb Code    16  _printf_char.o(.text)
    _printf_string                           0x08000565   Thumb Code     8  _printf_char.o(.text)
    _printf_char_file                        0x0800056d   Thumb Code    32  _printf_char_file.o(.text)
    ferror                                   0x08000591   Thumb Code     8  ferror.o(.text)
    _initio                                  0x08000599   Thumb Code   210  initio.o(.text)
    _terminateio                             0x0800066b   Thumb Code    56  initio.o(.text)
    _sys_open                                0x080006d1   Thumb Code    20  sys_io.o(.text)
    _sys_close                               0x080006e5   Thumb Code    12  sys_io.o(.text)
    _sys_write                               0x080006f1   Thumb Code    16  sys_io.o(.text)
    _sys_read                                0x08000701   Thumb Code    14  sys_io.o(.text)
    _sys_istty                               0x0800070f   Thumb Code    12  sys_io.o(.text)
    _sys_seek                                0x0800071b   Thumb Code    14  sys_io.o(.text)
    _sys_ensure                              0x08000729   Thumb Code     2  sys_io.o(.text)
    _sys_flen                                0x0800072b   Thumb Code    12  sys_io.o(.text)
    __user_setup_stackheap                   0x08000737   Thumb Code    74  sys_stackheap_outer.o(.text)
    free                                     0x08000781   Thumb Code    78  h1_free.o(.text)
    __flsbuf                                 0x080007cf   Thumb Code   470  flsbuf.o(.text)
    __flsbuf_byte                            0x080007cf   Thumb Code     0  flsbuf.o(.text)
    __flsbuf_wide                            0x080007cf   Thumb Code     0  flsbuf.o(.text)
    setvbuf                                  0x080009a5   Thumb Code    70  setvbuf.o(.text)
    freopen                                  0x080009ed   Thumb Code   158  fopen.o(.text)
    fopen                                    0x08000a8b   Thumb Code    74  fopen.o(.text)
    _fclose_internal                         0x08000ad9   Thumb Code    76  fclose.o(.text)
    fclose                                   0x08000ad9   Thumb Code     0  fclose.o(.text)
    exit                                     0x08000b25   Thumb Code    18  exit.o(.text)
    __rt_SIGRTRED                            0x08000b37   Thumb Code    14  defsig_rtred_outer.o(.text)
    __user_libspace                          0x08000b45   Thumb Code     8  libspace.o(.text)
    __user_perproc_libspace                  0x08000b45   Thumb Code     0  libspace.o(.text)
    __user_perthread_libspace                0x08000b45   Thumb Code     0  libspace.o(.text)
    __I$use$semihosting                      0x08000b4d   Thumb Code     0  use_no_semi.o(.text)
    __use_no_semihosting_swi                 0x08000b4d   Thumb Code     2  use_no_semi.o(.text)
    __semihosting_library_function           0x08000b4f   Thumb Code     0  indicate_semi.o(.text)
    __rt_heap_descriptor                     0x08000b51   Thumb Code     8  rt_heap_descriptor_intlibspace.o(.text)
    __use_no_heap                            0x08000b59   Thumb Code     2  hguard.o(.text)
    __heap$guard                             0x08000b5b   Thumb Code     2  hguard.o(.text)
    _terminate_user_alloc                    0x08000b5d   Thumb Code     2  init_alloc.o(.text)
    _init_user_alloc                         0x08000b5f   Thumb Code     2  init_alloc.o(.text)
    __Heap_Full                              0x08000b61   Thumb Code    34  init_alloc.o(.text)
    __Heap_Broken                            0x08000b83   Thumb Code     6  init_alloc.o(.text)
    _init_alloc                              0x08000b89   Thumb Code    94  init_alloc.o(.text)
    malloc                                   0x08000be7   Thumb Code    94  h1_alloc.o(.text)
    _fseek                                   0x08000c45   Thumb Code   242  fseek.o(.text)
    fseek                                    0x08000c45   Thumb Code     0  fseek.o(.text)
    _seterr                                  0x08000d3d   Thumb Code    20  stdio.o(.text)
    _writebuf                                0x08000d51   Thumb Code    84  stdio.o(.text)
    _fflush                                  0x08000da5   Thumb Code    70  stdio.o(.text)
    _deferredlazyseek                        0x08000deb   Thumb Code    60  stdio.o(.text)
    __sig_exit                               0x08000e2d   Thumb Code    10  defsig_exit.o(.text)
    __rt_SIGRTRED_inner                      0x08000e39   Thumb Code    14  defsig_rtred_inner.o(.text)
    _sys_exit                                0x08000e6d   Thumb Code     8  sys_exit.o(.text)
    __Heap_Initialize                        0x08000e79   Thumb Code    10  h1_init.o(.text)
    __Heap_DescSize                          0x08000e83   Thumb Code     4  h1_init.o(.text)
    __Heap_ProvideMemory                     0x08000e87   Thumb Code    52  h1_extend.o(.text)
    _ftell_internal                          0x08000ebb   Thumb Code    66  ftell.o(.text)
    ftell                                    0x08000ebb   Thumb Code     0  ftell.o(.text)
    __default_signal_display                 0x08000efd   Thumb Code    50  defsig_general.o(.text)
    __rt_SIGRTMEM                            0x08000f2f   Thumb Code    14  defsig_rtmem_outer.o(.text)
    _ttywrch                                 0x08000f3d   Thumb Code    14  sys_wrch.o(.text)
    __aeabi_errno_addr                       0x08000f4d   Thumb Code     8  rt_errno_addr_intlibspace.o(.text)
    __errno$intlibspace                      0x08000f4d   Thumb Code     0  rt_errno_addr_intlibspace.o(.text)
    __rt_errno_addr$intlibspace              0x08000f4d   Thumb Code     0  rt_errno_addr_intlibspace.o(.text)
    __rt_SIGRTMEM_inner                      0x08000f55   Thumb Code    22  defsig_rtmem_inner.o(.text)
    BusFault_Handler                         0x08000fa5   Thumb Code     4  stm32f10x_it.o(i.BusFault_Handler)
    DebugMon_Handler                         0x08000fa9   Thumb Code     2  stm32f10x_it.o(i.DebugMon_Handler)
    GPIO_Init                                0x08000fab   Thumb Code   278  stm32f10x_gpio.o(i.GPIO_Init)
    GPIO_PinRemapConfig                      0x080010c1   Thumb Code   138  stm32f10x_gpio.o(i.GPIO_PinRemapConfig)
    GPIO_WriteBit                            0x08001151   Thumb Code    10  stm32f10x_gpio.o(i.GPIO_WriteBit)
    HardFault_Handler                        0x0800115b   Thumb Code     4  stm32f10x_it.o(i.HardFault_Handler)
    MemManage_Handler                        0x0800115f   Thumb Code     4  stm32f10x_it.o(i.MemManage_Handler)
    NMI_Handler                              0x08001163   Thumb Code     2  stm32f10x_it.o(i.NMI_Handler)
    OLED_Clear                               0x08001165   Thumb Code    42  oled.o(i.OLED_Clear)
    OLED_I2C_Init                            0x08001191   Thumb Code    74  oled.o(i.OLED_I2C_Init)
    OLED_I2C_SendByte                        0x080011e5   Thumb Code    74  oled.o(i.OLED_I2C_SendByte)
    OLED_I2C_Start                           0x08001235   Thumb Code    44  oled.o(i.OLED_I2C_Start)
    OLED_I2C_Stop                            0x08001265   Thumb Code    34  oled.o(i.OLED_I2C_Stop)
    OLED_Init                                0x0800128d   Thumb Code   174  oled.o(i.OLED_Init)
    OLED_Pow                                 0x0800133b   Thumb Code    20  oled.o(i.OLED_Pow)
    OLED_SetCursor                           0x0800134f   Thumb Code    34  oled.o(i.OLED_SetCursor)
    OLED_ShowBinNum                          0x08001371   Thumb Code    62  oled.o(i.OLED_ShowBinNum)
    OLED_ShowChar                            0x080013b1   Thumb Code   110  oled.o(i.OLED_ShowChar)
    OLED_ShowHexNum                          0x08001425   Thumb Code    84  oled.o(i.OLED_ShowHexNum)
    OLED_ShowNum                             0x08001479   Thumb Code    68  oled.o(i.OLED_ShowNum)
    OLED_ShowSignedNum                       0x080014bd   Thumb Code   102  oled.o(i.OLED_ShowSignedNum)
    OLED_ShowString                          0x08001523   Thumb Code    40  oled.o(i.OLED_ShowString)
    OLED_WriteCommand                        0x0800154b   Thumb Code    32  oled.o(i.OLED_WriteCommand)
    OLED_WriteData                           0x0800156b   Thumb Code    32  oled.o(i.OLED_WriteData)
    RCC_APB2PeriphClockCmd                   0x0800158d   Thumb Code    26  stm32f10x_rcc.o(i.RCC_APB2PeriphClockCmd)
    SysTick_Handler                          0x08001695   Thumb Code    46  port.o(i.SysTick_Handler)
    SystemInit                               0x080016c9   Thumb Code    78  system_stm32f10x.o(i.SystemInit)
    UsageFault_Handler                       0x08001729   Thumb Code     4  stm32f10x_it.o(i.UsageFault_Handler)
    fputc                                    0x0800172d   Thumb Code    26  fputc.o(i.fputc)
    main                                     0x08001749   Thumb Code    84  main.o(i.main)
    vTaskSwitchContext                       0x080017d9   Thumb Code   110  tasks.o(i.vTaskSwitchContext)
    xTaskIncrementTick                       0x08001881   Thumb Code   388  tasks.o(i.xTaskIncrementTick)
    OLED_F8x16                               0x08001a54   Data        1520  oled.o(.constdata)
    __stdin_name                             0x08002044   Data           4  sys_io.o(.constdata)
    __stdout_name                            0x08002048   Data           4  sys_io.o(.constdata)
    __stderr_name                            0x0800204c   Data           4  sys_io.o(.constdata)
    Region$$Table$$Base                      0x08002050   Number         0  anon$$obj.o(Region$$Table)
    Region$$Table$$Limit                     0x08002070   Number         0  anon$$obj.o(Region$$Table)
    pxCurrentTCB                             0x20000000   Data           4  tasks.o(.data)
    uxTopUsedPriority                        0x20000038   Data           4  tasks.o(.data)
    __aeabi_stdin                            0x20000040   Data           4  stdio_streams.o(.data)
    __aeabi_stdout                           0x20000044   Data           4  stdio_streams.o(.data)
    __aeabi_stderr                           0x20000048   Data           4  stdio_streams.o(.data)
    __stdin                                  0x20000330   Data          84  stdio_streams.o(.bss)
    __stdout                                 0x20000384   Data          84  stdio_streams.o(.bss)
    __stderr                                 0x200003d8   Data          84  stdio_streams.o(.bss)
    __libspace_start                         0x2000042c   Data          96  libspace.o(.bss)
    __temporary_stack_top$libspace           0x2000048c   Data           0  libspace.o(.bss)



==============================================================================

Memory Map of the image

  Image Entry point : 0x080000ed

  Load Region LR_IROM1 (Base: 0x08000000, Size: 0x000020bc, Max: 0x00010000, ABSOLUTE)

    Execution Region ER_IROM1 (Exec base: 0x08000000, Load base: 0x08000000, Size: 0x00002070, Max: 0x00010000, ABSOLUTE)

    Exec Addr    Load Addr    Size         Type   Attr      Idx    E Section Name        Object

    0x08000000   0x08000000   0x000000ec   Data   RO            3    RESET               startup_stm32f10x_md.o
    0x080000ec   0x080000ec   0x00000008   Code   RO         4804  * !!!main             c_w.l(__main.o)
    0x080000f4   0x080000f4   0x00000034   Code   RO         5153    !!!scatter          c_w.l(__scatter.o)
    0x08000128   0x08000128   0x0000001a   Code   RO         5155    !!handler_copy      c_w.l(__scatter_copy.o)
    0x08000142   0x08000142   0x00000002   PAD
    0x08000144   0x08000144   0x0000001c   Code   RO         5157    !!handler_zi        c_w.l(__scatter_zi.o)
    0x08000160   0x08000160   0x00000000   Code   RO         4787    .ARM.Collect$$_printf_percent$$00000000  c_w.l(_printf_percent.o)
    0x08000160   0x08000160   0x00000006   Code   RO         4785    .ARM.Collect$$_printf_percent$$00000009  c_w.l(_printf_d.o)
    0x08000166   0x08000166   0x00000006   Code   RO         4784    .ARM.Collect$$_printf_percent$$00000014  c_w.l(_printf_s.o)
    0x0800016c   0x0800016c   0x00000004   Code   RO         4817    .ARM.Collect$$_printf_percent$$00000017  c_w.l(_printf_percent_end.o)
    0x08000170   0x08000170   0x00000002   Code   RO         4946    .ARM.Collect$$libinit$$00000000  c_w.l(libinit.o)
    0x08000172   0x08000172   0x00000000   Code   RO         4948    .ARM.Collect$$libinit$$00000002  c_w.l(libinit2.o)
    0x08000172   0x08000172   0x00000000   Code   RO         4950    .ARM.Collect$$libinit$$00000004  c_w.l(libinit2.o)
    0x08000172   0x08000172   0x00000008   Code   RO         4951    .ARM.Collect$$libinit$$00000005  c_w.l(libinit2.o)
    0x0800017a   0x0800017a   0x00000000   Code   RO         4953    .ARM.Collect$$libinit$$0000000A  c_w.l(libinit2.o)
    0x0800017a   0x0800017a   0x00000000   Code   RO         4955    .ARM.Collect$$libinit$$0000000C  c_w.l(libinit2.o)
    0x0800017a   0x0800017a   0x00000000   Code   RO         4957    .ARM.Collect$$libinit$$0000000E  c_w.l(libinit2.o)
    0x0800017a   0x0800017a   0x00000000   Code   RO         4960    .ARM.Collect$$libinit$$00000011  c_w.l(libinit2.o)
    0x0800017a   0x0800017a   0x00000000   Code   RO         4962    .ARM.Collect$$libinit$$00000013  c_w.l(libinit2.o)
    0x0800017a   0x0800017a   0x00000000   Code   RO         4964    .ARM.Collect$$libinit$$00000015  c_w.l(libinit2.o)
    0x0800017a   0x0800017a   0x00000000   Code   RO         4966    .ARM.Collect$$libinit$$00000017  c_w.l(libinit2.o)
    0x0800017a   0x0800017a   0x00000000   Code   RO         4968    .ARM.Collect$$libinit$$00000019  c_w.l(libinit2.o)
    0x0800017a   0x0800017a   0x00000000   Code   RO         4970    .ARM.Collect$$libinit$$0000001B  c_w.l(libinit2.o)
    0x0800017a   0x0800017a   0x00000000   Code   RO         4972    .ARM.Collect$$libinit$$0000001D  c_w.l(libinit2.o)
    0x0800017a   0x0800017a   0x00000000   Code   RO         4974    .ARM.Collect$$libinit$$0000001F  c_w.l(libinit2.o)
    0x0800017a   0x0800017a   0x00000000   Code   RO         4976    .ARM.Collect$$libinit$$00000021  c_w.l(libinit2.o)
    0x0800017a   0x0800017a   0x00000000   Code   RO         4978    .ARM.Collect$$libinit$$00000023  c_w.l(libinit2.o)
    0x0800017a   0x0800017a   0x00000004   Code   RO         4979    .ARM.Collect$$libinit$$00000024  c_w.l(libinit2.o)
    0x0800017e   0x0800017e   0x00000000   Code   RO         4980    .ARM.Collect$$libinit$$00000025  c_w.l(libinit2.o)
    0x0800017e   0x0800017e   0x00000000   Code   RO         4984    .ARM.Collect$$libinit$$0000002C  c_w.l(libinit2.o)
    0x0800017e   0x0800017e   0x00000000   Code   RO         4986    .ARM.Collect$$libinit$$0000002E  c_w.l(libinit2.o)
    0x0800017e   0x0800017e   0x00000000   Code   RO         4988    .ARM.Collect$$libinit$$00000030  c_w.l(libinit2.o)
    0x0800017e   0x0800017e   0x00000000   Code   RO         4990    .ARM.Collect$$libinit$$00000032  c_w.l(libinit2.o)
    0x0800017e   0x0800017e   0x00000002   Code   RO         4991    .ARM.Collect$$libinit$$00000033  c_w.l(libinit2.o)
    0x08000180   0x08000180   0x00000002   Code   RO         5132    .ARM.Collect$$libshutdown$$00000000  c_w.l(libshutdown.o)
    0x08000182   0x08000182   0x00000000   Code   RO         4993    .ARM.Collect$$libshutdown$$00000002  c_w.l(libshutdown2.o)
    0x08000182   0x08000182   0x00000004   Code   RO         4994    .ARM.Collect$$libshutdown$$00000003  c_w.l(libshutdown2.o)
    0x08000186   0x08000186   0x00000000   Code   RO         4995    .ARM.Collect$$libshutdown$$00000004  c_w.l(libshutdown2.o)
    0x08000186   0x08000186   0x00000000   Code   RO         4998    .ARM.Collect$$libshutdown$$00000007  c_w.l(libshutdown2.o)
    0x08000186   0x08000186   0x00000000   Code   RO         5001    .ARM.Collect$$libshutdown$$0000000A  c_w.l(libshutdown2.o)
    0x08000186   0x08000186   0x00000000   Code   RO         5003    .ARM.Collect$$libshutdown$$0000000C  c_w.l(libshutdown2.o)
    0x08000186   0x08000186   0x00000000   Code   RO         5006    .ARM.Collect$$libshutdown$$0000000F  c_w.l(libshutdown2.o)
    0x08000186   0x08000186   0x00000002   Code   RO         5007    .ARM.Collect$$libshutdown$$00000010  c_w.l(libshutdown2.o)
    0x08000188   0x08000188   0x00000000   Code   RO         4806    .ARM.Collect$$rtentry$$00000000  c_w.l(__rtentry.o)
    0x08000188   0x08000188   0x00000000   Code   RO         4827    .ARM.Collect$$rtentry$$00000002  c_w.l(__rtentry2.o)
    0x08000188   0x08000188   0x00000006   Code   RO         4839    .ARM.Collect$$rtentry$$00000004  c_w.l(__rtentry4.o)
    0x0800018e   0x0800018e   0x00000000   Code   RO         4829    .ARM.Collect$$rtentry$$00000009  c_w.l(__rtentry2.o)
    0x0800018e   0x0800018e   0x00000004   Code   RO         4830    .ARM.Collect$$rtentry$$0000000A  c_w.l(__rtentry2.o)
    0x08000192   0x08000192   0x00000000   Code   RO         4832    .ARM.Collect$$rtentry$$0000000C  c_w.l(__rtentry2.o)
    0x08000192   0x08000192   0x00000008   Code   RO         4833    .ARM.Collect$$rtentry$$0000000D  c_w.l(__rtentry2.o)
    0x0800019a   0x0800019a   0x00000002   Code   RO         5016    .ARM.Collect$$rtexit$$00000000  c_w.l(rtexit.o)
    0x0800019c   0x0800019c   0x00000000   Code   RO         5070    .ARM.Collect$$rtexit$$00000002  c_w.l(rtexit2.o)
    0x0800019c   0x0800019c   0x00000004   Code   RO         5071    .ARM.Collect$$rtexit$$00000003  c_w.l(rtexit2.o)
    0x080001a0   0x080001a0   0x00000006   Code   RO         5072    .ARM.Collect$$rtexit$$00000004  c_w.l(rtexit2.o)
    0x080001a6   0x080001a6   0x00000002   PAD
    0x080001a8   0x080001a8   0x00000096   Code   RO         4670    .emb_text           port.o
    0x0800023e   0x0800023e   0x00000002   PAD
    0x08000240   0x08000240   0x00000000   Code   RO         5076    .emb_text           c_w.l(maybetermalloc1.o)
    0x08000240   0x08000240   0x00000040   Code   RO            4    .text               startup_stm32f10x_md.o
    0x08000280   0x08000280   0x00000018   Code   RO         4753    .text               c_w.l(noretval__2printf.o)
    0x08000298   0x08000298   0x00000068   Code   RO         4757    .text               c_w.l(__printf.o)
    0x08000300   0x08000300   0x00000052   Code   RO         4759    .text               c_w.l(_printf_str.o)
    0x08000352   0x08000352   0x00000002   PAD
    0x08000354   0x08000354   0x00000078   Code   RO         4761    .text               c_w.l(_printf_dec.o)
    0x080003cc   0x080003cc   0x0000003e   Code   RO         4790    .text               c_w.l(strlen.o)
    0x0800040a   0x0800040a   0x0000004e   Code   RO         4800    .text               c_w.l(rt_memclr_w.o)
    0x08000458   0x08000458   0x00000006   Code   RO         4802    .text               c_w.l(heapauxi.o)
    0x0800045e   0x0800045e   0x000000b2   Code   RO         4807    .text               c_w.l(_printf_intcommon.o)
    0x08000510   0x08000510   0x00000030   Code   RO         4809    .text               c_w.l(_printf_char_common.o)
    0x08000540   0x08000540   0x0000002c   Code   RO         4813    .text               c_w.l(_printf_char.o)
    0x0800056c   0x0800056c   0x00000024   Code   RO         4815    .text               c_w.l(_printf_char_file.o)
    0x08000590   0x08000590   0x00000008   Code   RO         4843    .text               c_w.l(ferror.o)
    0x08000598   0x08000598   0x00000138   Code   RO         4849    .text               c_w.l(initio.o)
    0x080006d0   0x080006d0   0x00000066   Code   RO         4857    .text               c_w.l(sys_io.o)
    0x08000736   0x08000736   0x0000004a   Code   RO         4864    .text               c_w.l(sys_stackheap_outer.o)
    0x08000780   0x08000780   0x0000004e   Code   RO         4868    .text               c_w.l(h1_free.o)
    0x080007ce   0x080007ce   0x000001d6   Code   RO         4922    .text               c_w.l(flsbuf.o)
    0x080009a4   0x080009a4   0x00000046   Code   RO         4924    .text               c_w.l(setvbuf.o)
    0x080009ea   0x080009ea   0x00000002   PAD
    0x080009ec   0x080009ec   0x000000ec   Code   RO         4927    .text               c_w.l(fopen.o)
    0x08000ad8   0x08000ad8   0x0000004c   Code   RO         4929    .text               c_w.l(fclose.o)
    0x08000b24   0x08000b24   0x00000012   Code   RO         4935    .text               c_w.l(exit.o)
    0x08000b36   0x08000b36   0x0000000e   Code   RO         4937    .text               c_w.l(defsig_rtred_outer.o)
    0x08000b44   0x08000b44   0x00000008   Code   RO         5010    .text               c_w.l(libspace.o)
    0x08000b4c   0x08000b4c   0x00000002   Code   RO         5013    .text               c_w.l(use_no_semi.o)
    0x08000b4e   0x08000b4e   0x00000000   Code   RO         5015    .text               c_w.l(indicate_semi.o)
    0x08000b4e   0x08000b4e   0x00000002   PAD
    0x08000b50   0x08000b50   0x00000008   Code   RO         5023    .text               c_w.l(rt_heap_descriptor_intlibspace.o)
    0x08000b58   0x08000b58   0x00000004   Code   RO         5025    .text               c_w.l(hguard.o)
    0x08000b5c   0x08000b5c   0x0000008a   Code   RO         5027    .text               c_w.l(init_alloc.o)
    0x08000be6   0x08000be6   0x0000005e   Code   RO         5033    .text               c_w.l(h1_alloc.o)
    0x08000c44   0x08000c44   0x000000f8   Code   RO         5049    .text               c_w.l(fseek.o)
    0x08000d3c   0x08000d3c   0x000000f0   Code   RO         5051    .text               c_w.l(stdio.o)
    0x08000e2c   0x08000e2c   0x0000000a   Code   RO         5057    .text               c_w.l(defsig_exit.o)
    0x08000e36   0x08000e36   0x00000002   PAD
    0x08000e38   0x08000e38   0x00000034   Code   RO         5059    .text               c_w.l(defsig_rtred_inner.o)
    0x08000e6c   0x08000e6c   0x0000000c   Code   RO         5067    .text               c_w.l(sys_exit.o)
    0x08000e78   0x08000e78   0x0000000e   Code   RO         5078    .text               c_w.l(h1_init.o)
    0x08000e86   0x08000e86   0x00000034   Code   RO         5080    .text               c_w.l(h1_extend.o)
    0x08000eba   0x08000eba   0x00000042   Code   RO         5090    .text               c_w.l(ftell.o)
    0x08000efc   0x08000efc   0x00000032   Code   RO         5098    .text               c_w.l(defsig_general.o)
    0x08000f2e   0x08000f2e   0x0000000e   Code   RO         5100    .text               c_w.l(defsig_rtmem_outer.o)
    0x08000f3c   0x08000f3c   0x0000000e   Code   RO         5113    .text               c_w.l(sys_wrch.o)
    0x08000f4a   0x08000f4a   0x00000002   PAD
    0x08000f4c   0x08000f4c   0x00000008   Code   RO         5120    .text               c_w.l(rt_errno_addr_intlibspace.o)
    0x08000f54   0x08000f54   0x00000050   Code   RO         5126    .text               c_w.l(defsig_rtmem_inner.o)
    0x08000fa4   0x08000fa4   0x00000004   Code   RO         3395    i.BusFault_Handler  stm32f10x_it.o
    0x08000fa8   0x08000fa8   0x00000002   Code   RO         3396    i.DebugMon_Handler  stm32f10x_it.o
    0x08000faa   0x08000faa   0x00000116   Code   RO         1347    i.GPIO_Init         stm32f10x_gpio.o
    0x080010c0   0x080010c0   0x00000090   Code   RO         1349    i.GPIO_PinRemapConfig  stm32f10x_gpio.o
    0x08001150   0x08001150   0x0000000a   Code   RO         1358    i.GPIO_WriteBit     stm32f10x_gpio.o
    0x0800115a   0x0800115a   0x00000004   Code   RO         3397    i.HardFault_Handler  stm32f10x_it.o
    0x0800115e   0x0800115e   0x00000004   Code   RO         3398    i.MemManage_Handler  stm32f10x_it.o
    0x08001162   0x08001162   0x00000002   Code   RO         3399    i.NMI_Handler       stm32f10x_it.o
    0x08001164   0x08001164   0x0000002a   Code   RO         3232    i.OLED_Clear        oled.o
    0x0800118e   0x0800118e   0x00000002   PAD
    0x08001190   0x08001190   0x00000054   Code   RO         3233    i.OLED_I2C_Init     oled.o
    0x080011e4   0x080011e4   0x00000050   Code   RO         3234    i.OLED_I2C_SendByte  oled.o
    0x08001234   0x08001234   0x00000030   Code   RO         3235    i.OLED_I2C_Start    oled.o
    0x08001264   0x08001264   0x00000028   Code   RO         3236    i.OLED_I2C_Stop     oled.o
    0x0800128c   0x0800128c   0x000000ae   Code   RO         3237    i.OLED_Init         oled.o
    0x0800133a   0x0800133a   0x00000014   Code   RO         3238    i.OLED_Pow          oled.o
    0x0800134e   0x0800134e   0x00000022   Code   RO         3239    i.OLED_SetCursor    oled.o
    0x08001370   0x08001370   0x0000003e   Code   RO         3240    i.OLED_ShowBinNum   oled.o
    0x080013ae   0x080013ae   0x00000002   PAD
    0x080013b0   0x080013b0   0x00000074   Code   RO         3241    i.OLED_ShowChar     oled.o
    0x08001424   0x08001424   0x00000054   Code   RO         3242    i.OLED_ShowHexNum   oled.o
    0x08001478   0x08001478   0x00000044   Code   RO         3243    i.OLED_ShowNum      oled.o
    0x080014bc   0x080014bc   0x00000066   Code   RO         3244    i.OLED_ShowSignedNum  oled.o
    0x08001522   0x08001522   0x00000028   Code   RO         3245    i.OLED_ShowString   oled.o
    0x0800154a   0x0800154a   0x00000020   Code   RO         3246    i.OLED_WriteCommand  oled.o
    0x0800156a   0x0800156a   0x00000020   Code   RO         3247    i.OLED_WriteData    oled.o
    0x0800158a   0x0800158a   0x00000002   PAD
    0x0800158c   0x0800158c   0x00000020   Code   RO         1777    i.RCC_APB2PeriphClockCmd  stm32f10x_rcc.o
    0x080015ac   0x080015ac   0x00000008   Code   RO           24    i.SetSysClock       system_stm32f10x.o
    0x080015b4   0x080015b4   0x000000e0   Code   RO           25    i.SetSysClockTo72   system_stm32f10x.o
    0x08001694   0x08001694   0x00000034   Code   RO         4671    i.SysTick_Handler   port.o
    0x080016c8   0x080016c8   0x00000060   Code   RO           27    i.SystemInit        system_stm32f10x.o
    0x08001728   0x08001728   0x00000004   Code   RO         3400    i.UsageFault_Handler  stm32f10x_it.o
    0x0800172c   0x0800172c   0x0000001a   Code   RO         4846    i.fputc             c_w.l(fputc.o)
    0x08001746   0x08001746   0x00000002   PAD
    0x08001748   0x08001748   0x00000060   Code   RO         3340    i.main              main.o
    0x080017a8   0x080017a8   0x00000030   Code   RO         4029    i.prvResetNextTaskUnblockTime  tasks.o
    0x080017d8   0x080017d8   0x000000a8   Code   RO         4064    i.vTaskSwitchContext  tasks.o
    0x08001880   0x08001880   0x000001d4   Code   RO         4080    i.xTaskIncrementTick  tasks.o
    0x08001a54   0x08001a54   0x000005f0   Data   RO         3248    .constdata          oled.o
    0x08002044   0x08002044   0x00000004   Data   RO         4858    .constdata          c_w.l(sys_io.o)
    0x08002048   0x08002048   0x00000004   Data   RO         4859    .constdata          c_w.l(sys_io.o)
    0x0800204c   0x0800204c   0x00000004   Data   RO         4860    .constdata          c_w.l(sys_io.o)
    0x08002050   0x08002050   0x00000020   Data   RO         5151    Region$$Table       anon$$obj.o


    Execution Region RW_IRAM1 (Exec base: 0x20000000, Load base: 0x08002070, Size: 0x00000a90, Max: 0x00005000, ABSOLUTE)

    Exec Addr    Load Addr    Size         Type   Attr      Idx    E Section Name        Object

    0x20000000   0x08002070   0x00000040   Data   RW         4087    .data               tasks.o
    0x20000040   0x080020b0   0x00000004   Data   RW         4821    .data               c_w.l(stdio_streams.o)
    0x20000044   0x080020b4   0x00000004   Data   RW         4822    .data               c_w.l(stdio_streams.o)
    0x20000048   0x080020b8   0x00000004   Data   RW         4823    .data               c_w.l(stdio_streams.o)
    0x2000004c        -       0x000002e4   Zero   RW         4086    .bss                tasks.o
    0x20000330        -       0x00000054   Zero   RW         4818    .bss                c_w.l(stdio_streams.o)
    0x20000384        -       0x00000054   Zero   RW         4819    .bss                c_w.l(stdio_streams.o)
    0x200003d8        -       0x00000054   Zero   RW         4820    .bss                c_w.l(stdio_streams.o)
    0x2000042c        -       0x00000060   Zero   RW         5011    .bss                c_w.l(libspace.o)
    0x2000048c   0x080020bc   0x00000004   PAD
    0x20000490        -       0x00000200   Zero   RW            2    HEAP                startup_stm32f10x_md.o
    0x20000690        -       0x00000400   Zero   RW            1    STACK               startup_stm32f10x_md.o


==============================================================================

Image component sizes


      Code (inc. data)   RO Data    RW Data    ZI Data      Debug   Object Name

         0          0          0          0          0       4508   core_cm3.o
        96         12          0          0          0       2647   main.o
         0          0          0          0          0     201708   misc.o
      1058         32       1520          0          0      10034   oled.o
       202         18          0          0          0       3830   port.o
        64         26        236          0       1536        844   startup_stm32f10x_md.o
       432          6          0          0          0      11658   stm32f10x_gpio.o
        20          0          0          0          0       2641   stm32f10x_it.o
        32          6          0          0          0        557   stm32f10x_rcc.o
       328         28          0          0          0      10273   system_stm32f10x.o
       684        146          0         64        740      18231   tasks.o

    ----------------------------------------------------------------------
      2924        274       1788         64       2276     266931   Object Totals
         0          0         32          0          0          0   (incl. Generated)
         8          0          0          0          0          0   (incl. Padding)

    ----------------------------------------------------------------------

      Code (inc. data)   RO Data    RW Data    ZI Data      Debug   Library Member Name

         8          0          0          0          0         68   __main.o
       104          0          0          0          0         84   __printf.o
         0          0          0          0          0          0   __rtentry.o
        12          0          0          0          0          0   __rtentry2.o
         6          0          0          0          0          0   __rtentry4.o
        52          8          0          0          0          0   __scatter.o
        26          0          0          0          0          0   __scatter_copy.o
        28          0          0          0          0          0   __scatter_zi.o
        44          0          0          0          0        108   _printf_char.o
        48          6          0          0          0         96   _printf_char_common.o
        36          4          0          0          0         80   _printf_char_file.o
         6          0          0          0          0          0   _printf_d.o
       120         16          0          0          0         92   _printf_dec.o
       178          0          0          0          0         88   _printf_intcommon.o
         0          0          0          0          0          0   _printf_percent.o
         4          0          0          0          0          0   _printf_percent_end.o
         6          0          0          0          0          0   _printf_s.o
        82          0          0          0          0         80   _printf_str.o
        10          0          0          0          0         68   defsig_exit.o
        50          0          0          0          0         88   defsig_general.o
        80         58          0          0          0         76   defsig_rtmem_inner.o
        14          0          0          0          0         80   defsig_rtmem_outer.o
        52         38          0          0          0         76   defsig_rtred_inner.o
        14          0          0          0          0         80   defsig_rtred_outer.o
        18          0          0          0          0         80   exit.o
        76          0          0          0          0         88   fclose.o
         8          0          0          0          0         68   ferror.o
       470          0          0          0          0         88   flsbuf.o
       236          4          0          0          0        128   fopen.o
        26          0          0          0          0         68   fputc.o
       248          6          0          0          0         84   fseek.o
        66          0          0          0          0         76   ftell.o
        94          0          0          0          0         80   h1_alloc.o
        52          0          0          0          0         68   h1_extend.o
        78          0          0          0          0         80   h1_free.o
        14          0          0          0          0         84   h1_init.o
         6          0          0          0          0        152   heapauxi.o
         4          0          0          0          0        136   hguard.o
         0          0          0          0          0          0   indicate_semi.o
       138          0          0          0          0        168   init_alloc.o
       312         46          0          0          0        112   initio.o
         2          0          0          0          0          0   libinit.o
        14          0          0          0          0          0   libinit2.o
         2          0          0          0          0          0   libshutdown.o
         6          0          0          0          0          0   libshutdown2.o
         8          4          0          0         96         68   libspace.o
         0          0          0          0          0          0   maybetermalloc1.o
        24          4          0          0          0         84   noretval__2printf.o
         8          4          0          0          0         68   rt_errno_addr_intlibspace.o
         8          4          0          0          0         68   rt_heap_descriptor_intlibspace.o
        78          0          0          0          0         80   rt_memclr_w.o
         2          0          0          0          0          0   rtexit.o
        10          0          0          0          0          0   rtexit2.o
        70          0          0          0          0         80   setvbuf.o
       240          6          0          0          0        156   stdio.o
         0          0          0         12        252          0   stdio_streams.o
        62          0          0          0          0         76   strlen.o
        12          4          0          0          0         68   sys_exit.o
       102          0         12          0          0        240   sys_io.o
        74          0          0          0          0         80   sys_stackheap_outer.o
        14          0          0          0          0         76   sys_wrch.o
         2          0          0          0          0         68   use_no_semi.o

    ----------------------------------------------------------------------
      3580        212         12         12        352       3936   Library Totals
        16          0          0          0          4          0   (incl. Padding)

    ----------------------------------------------------------------------

      Code (inc. data)   RO Data    RW Data    ZI Data      Debug   Library Name

      3564        212         12         12        348       3936   c_w.l

    ----------------------------------------------------------------------
      3580        212         12         12        352       3936   Library Totals

    ----------------------------------------------------------------------

==============================================================================


      Code (inc. data)   RO Data    RW Data    ZI Data      Debug   

      6504        486       1800         76       2628     267119   Grand Totals
      6504        486       1800         76       2628     267119   ELF Image Totals
      6504        486       1800         76          0          0   ROM Totals

==============================================================================

    Total RO  Size (Code + RO Data)                 8304 (   8.11kB)
    Total RW  Size (RW Data + ZI Data)              2704 (   2.64kB)
    Total ROM Size (Code + RO Data + RW Data)       8380 (   8.18kB)

==============================================================================

